Component: ARM Compiler 5.06 update 7 (build 960) Tool: armlink [4d3601]

==============================================================================

Section Cross References

    startup_stm32f103xb.o(STACK) refers (Special) to heapauxi.o(.text) for __use_two_region_memory
    startup_stm32f103xb.o(HEAP) refers (Special) to heapauxi.o(.text) for __use_two_region_memory
    startup_stm32f103xb.o(RESET) refers (Special) to heapauxi.o(.text) for __use_two_region_memory
    startup_stm32f103xb.o(RESET) refers to startup_stm32f103xb.o(STACK) for __initial_sp
    startup_stm32f103xb.o(RESET) refers to startup_stm32f103xb.o(.text) for Reset_Handler
    startup_stm32f103xb.o(RESET) refers to stm32f1xx_it.o(i.NMI_Handler) for NMI_Handler
    startup_stm32f103xb.o(RESET) refers to stm32f1xx_it.o(i.HardFault_Handler) for HardFault_Handler
    startup_stm32f103xb.o(RESET) refers to stm32f1xx_it.o(i.MemManage_Handler) for MemManage_Handler
    startup_stm32f103xb.o(RESET) refers to stm32f1xx_it.o(i.BusFault_Handler) for BusFault_Handler
    startup_stm32f103xb.o(RESET) refers to stm32f1xx_it.o(i.UsageFault_Handler) for UsageFault_Handler
    startup_stm32f103xb.o(RESET) refers to stm32f1xx_it.o(i.SVC_Handler) for SVC_Handler
    startup_stm32f103xb.o(RESET) refers to stm32f1xx_it.o(i.DebugMon_Handler) for DebugMon_Handler
    startup_stm32f103xb.o(RESET) refers to stm32f1xx_it.o(i.PendSV_Handler) for PendSV_Handler
    startup_stm32f103xb.o(RESET) refers to stm32f1xx_it.o(i.SysTick_Handler) for SysTick_Handler
    startup_stm32f103xb.o(RESET) refers to stm32f1xx_it.o(i.EXTI0_IRQHandler) for EXTI0_IRQHandler
    startup_stm32f103xb.o(RESET) refers to stm32f1xx_it.o(i.EXTI1_IRQHandler) for EXTI1_IRQHandler
    startup_stm32f103xb.o(RESET) refers to stm32f1xx_it.o(i.DMA1_Channel1_IRQHandler) for DMA1_Channel1_IRQHandler
    startup_stm32f103xb.o(RESET) refers to stm32f1xx_it.o(i.EXTI9_5_IRQHandler) for EXTI9_5_IRQHandler
    startup_stm32f103xb.o(RESET) refers to stm32f1xx_it.o(i.EXTI15_10_IRQHandler) for EXTI15_10_IRQHandler
    startup_stm32f103xb.o(.text) refers (Special) to heapauxi.o(.text) for __use_two_region_memory
    startup_stm32f103xb.o(.text) refers to system_stm32f1xx.o(i.SystemInit) for SystemInit
    startup_stm32f103xb.o(.text) refers to __main.o(!!!main) for __main
    startup_stm32f103xb.o(.text) refers to startup_stm32f103xb.o(HEAP) for Heap_Mem
    startup_stm32f103xb.o(.text) refers to startup_stm32f103xb.o(STACK) for Stack_Mem
    led.o(i.LED_AlarmStatus) refers to led.o(i.LED_Toggle) for LED_Toggle
    led.o(i.LED_AllOff) refers to stm32f1xx_hal_gpio.o(i.HAL_GPIO_WritePin) for HAL_GPIO_WritePin
    led.o(i.LED_AllOn) refers to stm32f1xx_hal_gpio.o(i.HAL_GPIO_WritePin) for HAL_GPIO_WritePin
    led.o(i.LED_DataCollecting) refers to led.o(i.LED_On) for LED_On
    led.o(i.LED_Off) refers to stm32f1xx_hal_gpio.o(i.HAL_GPIO_WritePin) for HAL_GPIO_WritePin
    led.o(i.LED_On) refers to stm32f1xx_hal_gpio.o(i.HAL_GPIO_WritePin) for HAL_GPIO_WritePin
    led.o(i.LED_SettingMode) refers to led.o(i.LED_On) for LED_On
    led.o(i.LED_SystemRunning) refers to led.o(i.LED_Toggle) for LED_Toggle
    led.o(i.LED_Toggle) refers to stm32f1xx_hal_gpio.o(i.HAL_GPIO_TogglePin) for HAL_GPIO_TogglePin
    oled.o(i.OLED_Clear) refers to oled.o(i.OLED_SetCursor) for OLED_SetCursor
    oled.o(i.OLED_Clear) refers to oled.o(i.OLED_WriteData) for OLED_WriteData
    oled.o(i.OLED_Init) refers to oled.o(i.OLED_WriteCommand) for OLED_WriteCommand
    oled.o(i.OLED_Init) refers to oled.o(i.OLED_Clear) for OLED_Clear
    oled.o(i.OLED_SetCursor) refers to oled.o(i.OLED_WriteCommand) for OLED_WriteCommand
    oled.o(i.OLED_ShowBinNum) refers to oled.o(i.OLED_Pow) for OLED_Pow
    oled.o(i.OLED_ShowBinNum) refers to oled.o(i.OLED_ShowChar) for OLED_ShowChar
    oled.o(i.OLED_ShowChar) refers to oled.o(i.OLED_SetCursor) for OLED_SetCursor
    oled.o(i.OLED_ShowChar) refers to oled.o(i.OLED_WriteData) for OLED_WriteData
    oled.o(i.OLED_ShowChar) refers to oled.o(.constdata) for .constdata
    oled.o(i.OLED_ShowHexNum) refers to oled.o(i.OLED_Pow) for OLED_Pow
    oled.o(i.OLED_ShowHexNum) refers to oled.o(i.OLED_ShowChar) for OLED_ShowChar
    oled.o(i.OLED_ShowNum) refers to oled.o(i.OLED_Pow) for OLED_Pow
    oled.o(i.OLED_ShowNum) refers to oled.o(i.OLED_ShowChar) for OLED_ShowChar
    oled.o(i.OLED_ShowSignedNum) refers to oled.o(i.OLED_ShowChar) for OLED_ShowChar
    oled.o(i.OLED_ShowSignedNum) refers to oled.o(i.OLED_Pow) for OLED_Pow
    oled.o(i.OLED_ShowString) refers to oled.o(i.OLED_ShowChar) for OLED_ShowChar
    oled.o(i.OLED_WriteCommand) refers to stm32f1xx_hal_i2c.o(i.HAL_I2C_Master_Transmit) for HAL_I2C_Master_Transmit
    oled.o(i.OLED_WriteCommand) refers to i2c.o(.bss) for hi2c1
    oled.o(i.OLED_WriteData) refers to stm32f1xx_hal_i2c.o(i.HAL_I2C_Master_Transmit) for HAL_I2C_Master_Transmit
    oled.o(i.OLED_WriteData) refers to i2c.o(.bss) for hi2c1
[...]
    i.I2C_WaitOnMasterAddressFlagUntilTimeout 0x0800251c   Section        0  stm32f1xx_hal_i2c.o(i.I2C_WaitOnMasterAddressFlagUntilTimeout)
    I2C_WaitOnMasterAddressFlagUntilTimeout  0x0800251d   Thumb Code   188  stm32f1xx_hal_i2c.o(i.I2C_WaitOnMasterAddressFlagUntilTimeout)
    i.I2C_WaitOnRXNEFlagUntilTimeout         0x080025d8   Section        0  stm32f1xx_hal_i2c.o(i.I2C_WaitOnRXNEFlagUntilTimeout)
    I2C_WaitOnRXNEFlagUntilTimeout           0x080025d9   Thumb Code   112  stm32f1xx_hal_i2c.o(i.I2C_WaitOnRXNEFlagUntilTimeout)
    i.I2C_WaitOnTXEFlagUntilTimeout          0x08002648   Section        0  stm32f1xx_hal_i2c.o(i.I2C_WaitOnTXEFlagUntilTimeout)
    I2C_WaitOnTXEFlagUntilTimeout            0x08002649   Thumb Code    86  stm32f1xx_hal_i2c.o(i.I2C_WaitOnTXEFlagUntilTimeout)
    i.LED_AlarmStatus                        0x0800269e   Section        0  led.o(i.LED_AlarmStatus)
    i.LED_AllOff                             0x080026a8   Section        0  led.o(i.LED_AllOff)
    i.LED_AllOn                              0x080026b8   Section        0  led.o(i.LED_AllOn)
    i.LED_Off                                0x080026c8   Section        0  led.o(i.LED_Off)
    i.LED_On                                 0x080026d8   Section        0  led.o(i.LED_On)
    i.LED_SystemRunning                      0x080026e8   Section        0  led.o(i.LED_SystemRunning)
    i.LED_Toggle                             0x080026f0   Section        0  led.o(i.LED_Toggle)
    i.LightSensor_GetPercent                 0x080026fc   Section        0  light_sensor.o(i.LightSensor_GetPercent)
    i.MPU6050_GetAttitude                    0x08002718   Section        0  mpu6050.o(i.MPU6050_GetAttitude)
    i.MPU6050_GetData                        0x080027b4   Section        0  mpu6050.o(i.MPU6050_GetData)
    i.MPU6050_Init                           0x0800281c   Section        0  mpu6050.o(i.MPU6050_Init)
    i.MPU6050_ReadID                         0x08002868   Section        0  mpu6050.o(i.MPU6050_ReadID)
    i.MX_ADC1_Init                           0x08002890   Section        0  adc.o(i.MX_ADC1_Init)
    i.MX_DMA_Init                            0x08002900   Section        0  dma.o(i.MX_DMA_Init)
    i.MX_GPIO_Init                           0x0800292c   Section        0  gpio.o(i.MX_GPIO_Init)
    i.MX_I2C1_Init                           0x08002a28   Section        0  i2c.o(i.MX_I2C1_Init)
    i.MX_I2C2_Init                           0x08002a68   Section        0  i2c.o(i.MX_I2C2_Init)
    i.MX_TIM1_Init                           0x08002aa8   Section        0  tim.o(i.MX_TIM1_Init)
    i.MX_TIM3_Init                           0x08002b74   Section        0  tim.o(i.MX_TIM3_Init)
    i.MemManage_Handler                      0x08002be0   Section        0  stm32f1xx_it.o(i.MemManage_Handler)
    i.NMI_Handler                            0x08002be2   Section        0  stm32f1xx_it.o(i.NMI_Handler)
    i.OLED_Clear                             0x08002be4   Section        0  oled.o(i.OLED_Clear)
    i.OLED_Init                              0x08002c0a   Section        0  oled.o(i.OLED_Init)
    i.OLED_Pow                               0x08002c9e   Section        0  oled.o(i.OLED_Pow)
    i.OLED_SetCursor                         0x08002cac   Section        0  oled.o(i.OLED_SetCursor)
    i.OLED_ShowChar                          0x08002cd0   Section        0  oled.o(i.OLED_ShowChar)
    i.OLED_ShowHexNum                        0x08002d38   Section        0  oled.o(i.OLED_ShowHexNum)
    i.OLED_ShowNum                           0x08002d7c   Section        0  oled.o(i.OLED_ShowNum)
    i.OLED_ShowSignedNum                     0x08002dbe   Section        0  oled.o(i.OLED_ShowSignedNum)
    i.OLED_ShowString                        0x08002e16   Section        0  oled.o(i.OLED_ShowString)
    i.OLED_WriteCommand                      0x08002e3c   Section        0  oled.o(i.OLED_WriteCommand)
    i.OLED_WriteData                         0x08002e5c   Section        0  oled.o(i.OLED_WriteData)
    i.PendSV_Handler                         0x08002e84   Section        0  stm32f1xx_it.o(i.PendSV_Handler)
    i.SVC_Handler                            0x08002e86   Section        0  stm32f1xx_it.o(i.SVC_Handler)
    i.Servo_Init                             0x08002e88   Section        0  servo.o(i.Servo_Init)
    i.Servo_Running                          0x08002ea0   Section        0  system.o(i.Servo_Running)
    i.Servo_SetAngle                         0x08002ec0   Section        0  servo.o(i.Servo_SetAngle)
    i.SysTick_Handler                        0x08002eec   Section        0  stm32f1xx_it.o(i.SysTick_Handler)
    i.SystemClock_Config                     0x08002ef0   Section        0  main.o(i.SystemClock_Config)
    i.SystemInit                             0x08002f68   Section        0  system_stm32f1xx.o(i.SystemInit)
    i.System_CheckAlarm                      0x08002f6c   Section        0  system.o(i.System_CheckAlarm)
    i.System_HandleInput                     0x08002fac   Section        0  system.o(i.System_HandleInput)
    i.System_Init                            0x080030e8   Section        0  system.o(i.System_Init)
    i.System_Process                         0x08003194   Section        0  system.o(i.System_Process)
    i.System_SetMode                         0x080031c4   Section        0  system.o(i.System_SetMode)
    i.System_UpdateDisplay                   0x0800325c   Section        0  system.o(i.System_UpdateDisplay)
    i.TIM_Base_SetConfig                     0x080033d0   Section        0  stm32f1xx_hal_tim.o(i.TIM_Base_SetConfig)
    i.TIM_CCxChannelCmd                      0x08003448   Section        0  stm32f1xx_hal_tim.o(i.TIM_CCxChannelCmd)
    i.TIM_ETR_SetConfig                      0x08003462   Section        0  stm32f1xx_hal_tim.o(i.TIM_ETR_SetConfig)
    i.TIM_ITRx_SetConfig                     0x08003476   Section        0  stm32f1xx_hal_tim.o(i.TIM_ITRx_SetConfig)
    TIM_ITRx_SetConfig                       0x08003477   Thumb Code    16  stm32f1xx_hal_tim.o(i.TIM_ITRx_SetConfig)
    i.TIM_OC1_SetConfig                      0x08003488   Section        0  stm32f1xx_hal_tim.o(i.TIM_OC1_SetConfig)
    TIM_OC1_SetConfig                        0x08003489   Thumb Code    74  stm32f1xx_hal_tim.o(i.TIM_OC1_SetConfig)
    i.TIM_OC2_SetConfig                      0x080034d8   Section        0  stm32f1xx_hal_tim.o(i.TIM_OC2_SetConfig)
    i.TIM_OC3_SetConfig                      0x08003530   Section        0  stm32f1xx_hal_tim.o(i.TIM_OC3_SetConfig)
    TIM_OC3_SetConfig                        0x08003531   Thumb Code    82  stm32f1xx_hal_tim.o(i.TIM_OC3_SetConfig)
    i.TIM_OC4_SetConfig                      0x08003588   Section        0  stm32f1xx_hal_tim.o(i.TIM_OC4_SetConfig)
    TIM_OC4_SetConfig                        0x08003589   Thumb Code    64  stm32f1xx_hal_tim.o(i.TIM_OC4_SetConfig)
    i.TIM_TI1_ConfigInputStage               0x080035cc   Section        0  stm32f1xx_hal_tim.o(i.TIM_TI1_ConfigInputStage)
    TIM_TI1_ConfigInputStage                 0x080035cd   Thumb Code    34  stm32f1xx_hal_tim.o(i.TIM_TI1_ConfigInputStage)
    i.TIM_TI2_ConfigInputStage               0x080035ee   Section        0  stm32f1xx_hal_tim.o(i.TIM_TI2_ConfigInputStage)
    TIM_TI2_ConfigInputStage                 0x080035ef   Thumb Code    36  stm32f1xx_hal_tim.o(i.TIM_TI2_ConfigInputStage)
    i.TempSensor_GetTemp                     0x08003614   Section        0  temp_sensor.o(i.TempSensor_GetTemp)
    i.UsageFault_Handler                     0x08003684   Section        0  stm32f1xx_it.o(i.UsageFault_Handler)
    i.__ARM_fpclassifyf                      0x08003686   Section        0  fpclassifyf.o(i.__ARM_fpclassifyf)
    i.__NVIC_SetPriority                     0x080036ac   Section        0  stm32f1xx_hal_cortex.o(i.__NVIC_SetPriority)
    __NVIC_SetPriority                       0x080036ad   Thumb Code    32  stm32f1xx_hal_cortex.o(i.__NVIC_SetPriority)
    i.__kernel_poly                          0x080036cc   Section        0  poly.o(i.__kernel_poly)
    i.__mathlib_dbl_divzero                  0x08003778   Section        0  dunder.o(i.__mathlib_dbl_divzero)
    i.__mathlib_dbl_infnan                   0x08003788   Section        0  dunder.o(i.__mathlib_dbl_infnan)
    i.__mathlib_dbl_invalid                  0x0800378e   Section        0  dunder.o(i.__mathlib_dbl_invalid)
    i.__mathlib_flt_infnan2                  0x0800379a   Section        0  funder.o(i.__mathlib_flt_infnan2)
    i.__mathlib_flt_underflow                0x0800379e   Section        0  funder.o(i.__mathlib_flt_underflow)
    i.atan2f                                 0x080037a8   Section        0  atan2f.o(i.atan2f)
    i.log                                    0x08003a4c   Section        0  log.o(i.log)
    i.main                                   0x08003da8   Section        0  main.o(i.main)
    i.sqrtf                                  0x08003ddc   Section        0  sqrtf.o(i.sqrtf)
    x$fpl$d2f                                0x08003e08   Section       98  d2f.o(x$fpl$d2f)
    x$fpl$dadd                               0x08003e6c   Section      336  daddsub_clz.o(x$fpl$dadd)
    _dadd1                                   0x08003e7d   Thumb Code     0  daddsub_clz.o(x$fpl$dadd)
    x$fpl$dcheck1                            0x08003fbc   Section       16  dcheck1.o(x$fpl$dcheck1)
    x$fpl$dcmpinf                            0x08003fcc   Section       24  dcmpi.o(x$fpl$dcmpinf)
    x$fpl$ddiv                               0x08003fe4   Section      688  ddiv.o(x$fpl$ddiv)
    ddiv_entry                               0x08003feb   Thumb Code     0  ddiv.o(x$fpl$ddiv)
    x$fpl$deqf                               0x08004294   Section      120  deqf.o(x$fpl$deqf)
    x$fpl$dflt                               0x0800430c   Section       46  dflt_clz.o(x$fpl$dflt)
    x$fpl$dmul                               0x0800433c   Section      340  dmul.o(x$fpl$dmul)
    x$fpl$dnaninf                            0x08004490   Section      156  dnaninf.o(x$fpl$dnaninf)
    x$fpl$dretinf                            0x0800452c   Section       12  dretinf.o(x$fpl$dretinf)
    x$fpl$drsb                               0x08004538   Section       22  daddsub_clz.o(x$fpl$drsb)
    x$fpl$dsub                               0x08004550   Section      468  daddsub_clz.o(x$fpl$dsub)
    _dsub1                                   0x08004561   Thumb Code     0  daddsub_clz.o(x$fpl$dsub)
    x$fpl$f2d                                0x08004724   Section       86  f2d.o(x$fpl$f2d)
    x$fpl$fadd                               0x0800477c   Section      196  faddsub_clz.o(x$fpl$fadd)
    _fadd1                                   0x0800478b   Thumb Code     0  faddsub_clz.o(x$fpl$fadd)
    x$fpl$fcheck1                            0x08004840   Section       12  fcheck1.o(x$fpl$fcheck1)
    x$fpl$fcmpinf                            0x0800484c   Section       24  fcmpi.o(x$fpl$fcmpinf)
    x$fpl$fdiv                               0x08004864   Section      388  fdiv.o(x$fpl$fdiv)
    _fdiv1                                   0x08004865   Thumb Code     0  fdiv.o(x$fpl$fdiv)
    x$fpl$ffix                               0x080049e8   Section       54  ffix.o(x$fpl$ffix)
    x$fpl$ffixu                              0x08004a20   Section       62  ffixu.o(x$fpl$ffixu)
    x$fpl$fflt                               0x08004a60   Section       48  fflt_clz.o(x$fpl$fflt)
    x$fpl$ffltu                              0x08004a90   Section       38  fflt_clz.o(x$fpl$ffltu)
    x$fpl$fleqf                              0x08004ab8   Section      104  fleqf.o(x$fpl$fleqf)
    x$fpl$fmul                               0x08004b20   Section      258  fmul.o(x$fpl$fmul)
    x$fpl$fnaninf                            0x08004c22   Section      140  fnaninf.o(x$fpl$fnaninf)
    x$fpl$fretinf                            0x08004cae   Section       10  fretinf.o(x$fpl$fretinf)
    x$fpl$frleqf                             0x08004cb8   Section       98  frleqf.o(x$fpl$frleqf)
    x$fpl$frsb                               0x08004d1a   Section       20  faddsub_clz.o(x$fpl$frsb)
    x$fpl$fsqrt                              0x08004d30   Section      272  fsqrt.o(x$fpl$fsqrt)
    x$fpl$fsub                               0x08004e40   Section      234  faddsub_clz.o(x$fpl$fsub)
    _fsub1                                   0x08004e4f   Thumb Code     0  faddsub_clz.o(x$fpl$fsub)
    x$fpl$retnan                             0x08004f2a   Section      100  retnan.o(x$fpl$retnan)
    x$fpl$scalbn                             0x08004f8e   Section       92  scalbn.o(x$fpl$scalbn)
    x$fpl$scalbnf                            0x08004fea   Section       76  scalbnf.o(x$fpl$scalbnf)
    x$fpl$trapveneer                         0x08005036   Section       48  trapv.o(x$fpl$trapveneer)
    .constdata                               0x08005066   Section     1520  oled.o(.constdata)
    x$fpl$usenofp                            0x08005066   Section        0  usenofp.o(x$fpl$usenofp)
    .constdata                               0x08005658   Section       24  button.o(.constdata)
    KEY_PINS                                 0x08005658   Data           8  button.o(.constdata)
    KEY_PORTS                                0x08005660   Data          16  button.o(.constdata)
    .constdata                               0x08005670   Section       10  mpu6050.o(.constdata)
    MPU_Init_Data                            0x08005670   Data          10  mpu6050.o(.constdata)
    .constdata                               0x0800567a   Section       18  stm32f1xx_hal_rcc.o(.constdata)
    aPredivFactorTable                       0x0800567a   Data           2  stm32f1xx_hal_rcc.o(.constdata)
    aPLLMULFactorTable                       0x0800567c   Data          16  stm32f1xx_hal_rcc.o(.constdata)
    .constdata                               0x0800568c   Section       16  system_stm32f1xx.o(.constdata)
    .constdata                               0x0800569c   Section        8  system_stm32f1xx.o(.constdata)
    .constdata                               0x080056a8   Section       56  log.o(.constdata)
    Lg2                                      0x080056a8   Data          24  log.o(.constdata)
    Lg                                       0x080056c0   Data          32  log.o(.constdata)
    .constdata                               0x080056e0   Section        8  qnan.o(.constdata)
    .data                                    0x20000000   Section        4  button.o(.data)
    lastScanTime                             0x20000000   Data           4  button.o(.data)
    .data                                    0x20000004   Section        6  encoder.o(.data)
    encoder                                  0x20000004   Data           6  encoder.o(.data)
    .data                                    0x2000000a   Section       12  mpu6050.o(.data)
    gyro                                     0x2000000a   Data           6  mpu6050.o(.data)
    accel                                    0x20000010   Data           6  mpu6050.o(.data)
    .data                                    0x20000018   Section       12  adc.o(.data)
    .data                                    0x20000024   Section        1  servo.o(.data)
    currentAngle                             0x20000024   Data           1  servo.o(.data)
    .data                                    0x20000028   Section       40  system.o(.data)
    ModeButton_lastState                     0x20000028   Data           1  system.o(.data)
    ConfirmButton_lastState                  0x20000029   Data           1  system.o(.data)
    AlarmButton_lastState                    0x2000002a   Data           1  system.o(.data)
    ResetButton_lastState                    0x2000002b   Data           1  system.o(.data)
    alarm_flag                               0x2000002c   Data           1  system.o(.data)
    systemState                              0x20000030   Data          32  system.o(.data)
    .data                                    0x20000050   Section       12  stm32f1xx_hal.o(.data)
    .data                                    0x2000005c   Section        4  system_stm32f1xx.o(.data)
    .bss                                     0x20000060   Section       48  button.o(.bss)
    keyInfo                                  0x20000060   Data          48  button.o(.bss)
    .bss                                     0x20000090   Section      116  adc.o(.bss)
    .bss                                     0x20000104   Section      168  i2c.o(.bss)
    .bss                                     0x200001ac   Section      144  tim.o(.bss)
    .bss                                     0x2000023c   Section       96  libspace.o(.bss)
    HEAP                                     0x200002a0   Section      512  startup_stm32f103xb.o(HEAP)
    Heap_Mem                                 0x200002a0   Data         512  startup_stm32f103xb.o(HEAP)
    STACK                                    0x200004a0   Section     1024  startup_stm32f103xb.o(STACK)
    Stack_Mem                                0x200004a0   Data        1024  startup_stm32f103xb.o(STACK)
    __initial_sp                             0x200008a0   Data           0  startup_stm32f103xb.o(STACK)

    Global Symbols

    Symbol Name                              Value     Ov Type        Size  Object(Section)

    BuildAttributes$$THM_ISAv4$P$D$K$B$S$PE$A:L22UL41UL21$X:L11$S22US41US21$IEEE1$IW$USESV6$~STKCKD$USESV7$~SHL$OTIME$ROPI$IEEEX$EBA8$UX$STANDARDLIB$REQ8$PRES8$EABIv2 0x00000000   Number         0  anon$$obj.o ABSOLUTE
    __ARM_use_no_argv                        0x00000000   Number         0  main.o ABSOLUTE
    __ARM_exceptions_init                     - Undefined Weak Reference
    __alloca_initialize                       - Undefined Weak Reference
    __arm_fini_                               - Undefined Weak Reference
    __arm_preinit_                            - Undefined Weak Reference
    __cpp_initialize__aeabi_                  - Undefined Weak Reference
    __cxa_finalize                            - Undefined Weak Reference
    __rt_locale                               - Undefined Weak Reference
    __sigvec_lookup                           - Undefined Weak Reference
    _atexit_init                              - Undefined Weak Reference
    _call_atexit_fns                          - Undefined Weak Reference
    _clock_init                               - Undefined Weak Reference
    _fp_trap_init                             - Undefined Weak Reference
    _fp_trap_shutdown                         - Undefined Weak Reference
    _get_lc_collate                           - Undefined Weak Reference
    _get_lc_ctype                             - Undefined Weak Reference
    _get_lc_monetary                          - Undefined Weak Reference
    _get_lc_numeric                           - Undefined Weak Reference
    _get_lc_time                              - Undefined Weak Reference
    _getenv_init                              - Undefined Weak Reference
    _handle_redirection                       - Undefined Weak Reference
    _init_alloc                               - Undefined Weak Reference
    _init_user_alloc                          - Undefined Weak Reference
    _initio                                   - Undefined Weak Reference
    _rand_init                                - Undefined Weak Reference
    _signal_finish                            - Undefined Weak Reference
    _signal_init                              - Undefined Weak Reference
    _terminate_alloc                          - Undefined Weak Reference
    _terminate_user_alloc                     - Undefined Weak Reference
    _terminateio                              - Undefined Weak Reference
    __Vectors_Size                           0x000000ec   Number         0  startup_stm32f103xb.o ABSOLUTE
    __Vectors                                0x08000000   Data           4  startup_stm32f103xb.o(RESET)
    __Vectors_End                            0x080000ec   Data           0  startup_stm32f103xb.o(RESET)
    __main                                   0x080000ed   Thumb Code     8  __main.o(!!!main)
    __scatterload                            0x080000f5   Thumb Code     0  __scatter.o(!!!scatter)
    __scatterload_rt2                        0x080000f5   Thumb Code    44  __scatter.o(!!!scatter)
    __scatterload_rt2_thumb_only             0x080000f5   Thumb Code     0  __scatter.o(!!!scatter)
    __scatterload_null                       0x08000103   Thumb Code     0  __scatter.o(!!!scatter)
    __scatterload_copy                       0x08000129   Thumb Code    26  __scatter_copy.o(!!handler_copy)
    __scatterload_zeroinit                   0x08000145   Thumb Code    28  __scatter_zi.o(!!handler_zi)
    __rt_lib_init                            0x08000161   Thumb Code     0  libinit.o(.ARM.Collect$$libinit$$00000000)
    __rt_lib_init_alloca_1                   0x08000163   Thumb Code     0  libinit2.o(.ARM.Collect$$libinit$$0000002E)
    __rt_lib_init_argv_1                     0x08000163   Thumb Code     0  libinit2.o(.ARM.Collect$$libinit$$0000002C)
    __rt_lib_init_atexit_1                   0x08000163   Thumb Code     0  libinit2.o(.ARM.Collect$$libinit$$0000001B)
    __rt_lib_init_clock_1                    0x08000163   Thumb Code     0  libinit2.o(.ARM.Collect$$libinit$$00000021)
    __rt_lib_init_cpp_1                      0x08000163   Thumb Code     0  libinit2.o(.ARM.Collect$$libinit$$00000032)
    __rt_lib_init_exceptions_1               0x08000163   Thumb Code     0  libinit2.o(.ARM.Collect$$libinit$$00000030)
    __rt_lib_init_fp_1                       0x08000163   Thumb Code     0  libinit2.o(.ARM.Collect$$libinit$$00000002)
    __rt_lib_init_fp_trap_1                  0x08000163   Thumb Code     0  libinit2.o(.ARM.Collect$$libinit$$0000001F)
    __rt_lib_init_getenv_1                   0x08000163   Thumb Code     0  libinit2.o(.ARM.Collect$$libinit$$00000023)
    __rt_lib_init_heap_1                     0x08000163   Thumb Code     0  libinit2.o(.ARM.Collect$$libinit$$0000000A)
    __rt_lib_init_lc_collate_1               0x08000163   Thumb Code     0  libinit2.o(.ARM.Collect$$libinit$$00000011)
    __rt_lib_init_lc_ctype_1                 0x08000163   Thumb Code     0  libinit2.o(.ARM.Collect$$libinit$$00000013)
    __rt_lib_init_lc_monetary_1              0x08000163   Thumb Code     0  libinit2.o(.ARM.Collect$$libinit$$00000015)
    __rt_lib_init_lc_numeric_1               0x08000163   Thumb Code     0  libinit2.o(.ARM.Collect$$libinit$$00000017)
    __rt_lib_init_lc_time_1                  0x08000163   Thumb Code     0  libinit2.o(.ARM.Collect$$libinit$$00000019)
    __rt_lib_init_preinit_1                  0x08000163   Thumb Code     0  libinit2.o(.ARM.Collect$$libinit$$00000004)
    __rt_lib_init_rand_1                     0x08000163   Thumb Code     0  libinit2.o(.ARM.Collect$$libinit$$0000000E)
    __rt_lib_init_return                     0x08000163   Thumb Code     0  libinit2.o(.ARM.Collect$$libinit$$00000033)
    __rt_lib_init_signal_1                   0x08000163   Thumb Code     0  libinit2.o(.ARM.Collect$$libinit$$0000001D)
    __rt_lib_init_stdio_1                    0x08000163   Thumb Code     0  libinit2.o(.ARM.Collect$$libinit$$00000025)
    __rt_lib_init_user_alloc_1               0x08000163   Thumb Code     0  libinit2.o(.ARM.Collect$$libinit$$0000000C)
    __rt_lib_shutdown                        0x08000165   Thumb Code     0  libshutdown.o(.ARM.Collect$$libshutdown$$00000000)
    __rt_lib_shutdown_cpp_1                  0x08000167   Thumb Code     0  libshutdown2.o(.ARM.Collect$$libshutdown$$00000004)
    __rt_lib_shutdown_fini_1                 0x08000167   Thumb Code     0  libshutdown2.o(.ARM.Collect$$libshutdown$$00000002)
    __rt_lib_shutdown_fp_trap_1              0x08000167   Thumb Code     0  libshutdown2.o(.ARM.Collect$$libshutdown$$00000009)
    __rt_lib_shutdown_heap_1                 0x08000167   Thumb Code     0  libshutdown2.o(.ARM.Collect$$libshutdown$$00000011)
    __rt_lib_shutdown_return                 0x08000167   Thumb Code     0  libshutdown2.o(.ARM.Collect$$libshutdown$$00000012)
    __rt_lib_shutdown_signal_1               0x08000167   Thumb Code     0  libshutdown2.o(.ARM.Collect$$libshutdown$$0000000C)
    __rt_lib_shutdown_stdio_1                0x08000167   Thumb Code     0  libshutdown2.o(.ARM.Collect$$libshutdown$$00000006)
    __rt_lib_shutdown_user_alloc_1           0x08000167   Thumb Code     0  libshutdown2.o(.ARM.Collect$$libshutdown$$0000000E)
    __rt_entry                               0x08000169   Thumb Code     0  __rtentry.o(.ARM.Collect$$rtentry$$00000000)
    __rt_entry_presh_1                       0x08000169   Thumb Code     0  __rtentry2.o(.ARM.Collect$$rtentry$$00000002)
    __rt_entry_sh                            0x08000169   Thumb Code     0  __rtentry4.o(.ARM.Collect$$rtentry$$00000004)
    __rt_entry_li                            0x0800016f   Thumb Code     0  __rtentry2.o(.ARM.Collect$$rtentry$$0000000A)
    __rt_entry_postsh_1                      0x0800016f   Thumb Code     0  __rtentry2.o(.ARM.Collect$$rtentry$$00000009)
    __rt_entry_main                          0x08000173   Thumb Code     0  __rtentry2.o(.ARM.Collect$$rtentry$$0000000D)
    __rt_entry_postli_1                      0x08000173   Thumb Code     0  __rtentry2.o(.ARM.Collect$$rtentry$$0000000C)
    __rt_exit                                0x0800017b   Thumb Code     0  rtexit.o(.ARM.Collect$$rtexit$$00000000)
    __rt_exit_ls                             0x0800017d   Thumb Code     0  rtexit2.o(.ARM.Collect$$rtexit$$00000003)
    __rt_exit_prels_1                        0x0800017d   Thumb Code     0  rtexit2.o(.ARM.Collect$$rtexit$$00000002)
    __rt_exit_exit                           0x08000181   Thumb Code     0  rtexit2.o(.ARM.Collect$$rtexit$$00000004)
    Reset_Handler                            0x08000189   Thumb Code     8  startup_stm32f103xb.o(.text)
    ADC1_2_IRQHandler                        0x080001a3   Thumb Code     0  startup_stm32f103xb.o(.text)
    CAN1_RX1_IRQHandler                      0x080001a3   Thumb Code     0  startup_stm32f103xb.o(.text)
    CAN1_SCE_IRQHandler                      0x080001a3   Thumb Code     0  startup_stm32f103xb.o(.text)
    DMA1_Channel2_IRQHandler                 0x080001a3   Thumb Code     0  startup_stm32f103xb.o(.text)
    DMA1_Channel3_IRQHandler                 0x080001a3   Thumb Code     0  startup_stm32f103xb.o(.text)
    DMA1_Channel4_IRQHandler                 0x080001a3   Thumb Code     0  startup_stm32f103xb.o(.text)
    DMA1_Channel5_IRQHandler                 0x080001a3   Thumb Code     0  startup_stm32f103xb.o(.text)
    DMA1_Channel6_IRQHandler                 0x080001a3   Thumb Code     0  startup_stm32f103xb.o(.text)
    DMA1_Channel7_IRQHandler                 0x080001a3   Thumb Code     0  startup_stm32f103xb.o(.text)
    EXTI2_IRQHandler                         0x080001a3   Thumb Code     0  startup_stm32f103xb.o(.text)
    EXTI3_IRQHandler                         0x080001a3   Thumb Code     0  startup_stm32f103xb.o(.text)
    EXTI4_IRQHandler                         0x080001a3   Thumb Code     0  startup_stm32f103xb.o(.text)
    FLASH_IRQHandler                         0x080001a3   Thumb Code     0  startup_stm32f103xb.o(.text)
    I2C1_ER_IRQHandler                       0x080001a3   Thumb Code     0  startup_stm32f103xb.o(.text)
    I2C1_EV_IRQHandler                       0x080001a3   Thumb Code     0  startup_stm32f103xb.o(.text)
    I2C2_ER_IRQHandler                       0x080001a3   Thumb Code     0  startup_stm32f103xb.o(.text)
    I2C2_EV_IRQHandler                       0x080001a3   Thumb Code     0  startup_stm32f103xb.o(.text)
    PVD_IRQHandler                           0x080001a3   Thumb Code     0  startup_stm32f103xb.o(.text)
    RCC_IRQHandler                           0x080001a3   Thumb Code     0  startup_stm32f103xb.o(.text)
    RTC_Alarm_IRQHandler                     0x080001a3   Thumb Code     0  startup_stm32f103xb.o(.text)
    RTC_IRQHandler                           0x080001a3   Thumb Code     0  startup_stm32f103xb.o(.text)
    SPI1_IRQHandler                          0x080001a3   Thumb Code     0  startup_stm32f103xb.o(.text)
    SPI2_IRQHandler                          0x080001a3   Thumb Code     0  startup_stm32f103xb.o(.text)
    TAMPER_IRQHandler                        0x080001a3   Thumb Code     0  startup_stm32f103xb.o(.text)
    TIM1_BRK_IRQHandler                      0x080001a3   Thumb Code     0  startup_stm32f103xb.o(.text)
    TIM1_CC_IRQHandler                       0x080001a3   Thumb Code     0  startup_stm32f103xb.o(.text)
    TIM1_TRG_COM_IRQHandler                  0x080001a3   Thumb Code     0  startup_stm32f103xb.o(.text)
    TIM1_UP_IRQHandler                       0x080001a3   Thumb Code     0  startup_stm32f103xb.o(.text)
    TIM2_IRQHandler                          0x080001a3   Thumb Code     0  startup_stm32f103xb.o(.text)
    TIM3_IRQHandler                          0x080001a3   Thumb Code     0  startup_stm32f103xb.o(.text)
    TIM4_IRQHandler                          0x080001a3   Thumb Code     0  startup_stm32f103xb.o(.text)
    USART1_IRQHandler                        0x080001a3   Thumb Code     0  startup_stm32f103xb.o(.text)
    USART2_IRQHandler                        0x080001a3   Thumb Code     0  startup_stm32f103xb.o(.text)
    USART3_IRQHandler                        0x080001a3   Thumb Code     0  startup_stm32f103xb.o(.text)
    USBWakeUp_IRQHandler                     0x080001a3   Thumb Code     0  startup_stm32f103xb.o(.text)
    USB_HP_CAN1_TX_IRQHandler                0x080001a3   Thumb Code     0  startup_stm32f103xb.o(.text)
    USB_LP_CAN1_RX0_IRQHandler               0x080001a3   Thumb Code     0  startup_stm32f103xb.o(.text)
    WWDG_IRQHandler                          0x080001a3   Thumb Code     0  startup_stm32f103xb.o(.text)
    __user_initial_stackheap                 0x080001a5   Thumb Code     0  startup_stm32f103xb.o(.text)
    __aeabi_memclr4                          0x080001c9   Thumb Code     0  rt_memclr_w.o(.text)
    __aeabi_memclr8                          0x080001c9   Thumb Code     0  rt_memclr_w.o(.text)
    __rt_memclr_w                            0x080001c9   Thumb Code    78  rt_memclr_w.o(.text)
    _memset_w                                0x080001cd   Thumb Code     0  rt_memclr_w.o(.text)
    __use_two_region_memory                  0x08000217   Thumb Code     2  heapauxi.o(.text)
    __rt_heap_escrow$2region                 0x08000219   Thumb Code     2  heapauxi.o(.text)
    __rt_heap_expand$2region                 0x0800021b   Thumb Code     2  heapauxi.o(.text)
    __read_errno                             0x0800021d   Thumb Code    10  _rserrno.o(.text)
    __set_errno                              0x08000227   Thumb Code    12  _rserrno.o(.text)
    __aeabi_errno_addr                       0x08000235   Thumb Code     8  rt_errno_addr_intlibspace.o(.text)
    __errno$intlibspace                      0x08000235   Thumb Code     0  rt_errno_addr_intlibspace.o(.text)
    __rt_errno_addr$intlibspace              0x08000235   Thumb Code     0  rt_errno_addr_intlibspace.o(.text)
    __user_libspace                          0x0800023d   Thumb Code     8  libspace.o(.text)
    __user_perproc_libspace                  0x0800023d   Thumb Code     0  libspace.o(.text)
    __user_perthread_libspace                0x0800023d   Thumb Code     0  libspace.o(.text)
    __user_setup_stackheap                   0x08000245   Thumb Code    74  sys_stackheap_outer.o(.text)
    exit                                     0x0800028f   Thumb Code    18  exit.o(.text)
    _sys_exit                                0x080002a1   Thumb Code     8  sys_exit.o(.text)
    __I$use$semihosting                      0x080002ad   Thumb Code     0  use_no_semi.o(.text)
    __use_no_semihosting_swi                 0x080002ad   Thumb Code     2  use_no_semi.o(.text)
    __semihosting_library_function           0x080002af   Thumb Code     0  indicate_semi.o(.text)
    ADC_ConversionStop_Disable               0x080002b1   Thumb Code    86  stm32f1xx_hal_adc.o(i.ADC_ConversionStop_Disable)
    ADC_DMAConvCplt                          0x08000307   Thumb Code    78  stm32f1xx_hal_adc.o(i.ADC_DMAConvCplt)
    ADC_DMAError                             0x08000355   Thumb Code    26  stm32f1xx_hal_adc.o(i.ADC_DMAError)
    ADC_DMAHalfConvCplt                      0x0800036f   Thumb Code    10  stm32f1xx_hal_adc.o(i.ADC_DMAHalfConvCplt)
    ADC_Enable                               0x08000379   Thumb Code   114  stm32f1xx_hal_adc.o(i.ADC_Enable)
    Beeper_Beep                              0x080003f5   Thumb Code    22  beeper.o(i.Beeper_Beep)
    Beeper_Off                               0x0800040d   Thumb Code    10  beeper.o(i.Beeper_Off)
    Beeper_On                                0x0800041d   Thumb Code    10  beeper.o(i.Beeper_On)
    BusFault_Handler                         0x0800042d   Thumb Code     2  stm32f1xx_it.o(i.BusFault_Handler)
    Button_GetState                          0x08000431   Thumb Code    20  button.o(i.Button_GetState)
    Button_Scan                              0x08000449   Thumb Code   138  button.o(i.Button_Scan)
    DMA1_Channel1_IRQHandler                 0x080004e1   Thumb Code     6  stm32f1xx_it.o(i.DMA1_Channel1_IRQHandler)
    DebugMon_Handler                         0x08000517   Thumb Code     2  stm32f1xx_it.o(i.DebugMon_Handler)
    EXTI0_IRQHandler                         0x08000519   Thumb Code     6  stm32f1xx_it.o(i.EXTI0_IRQHandler)
    EXTI15_10_IRQHandler                     0x0800051f   Thumb Code     8  stm32f1xx_it.o(i.EXTI15_10_IRQHandler)
    EXTI1_IRQHandler                         0x08000527   Thumb Code     6  stm32f1xx_it.o(i.EXTI1_IRQHandler)
    EXTI9_5_IRQHandler                       0x0800052d   Thumb Code     6  stm32f1xx_it.o(i.EXTI9_5_IRQHandler)
    Encoder_GetCount                         0x08000535   Thumb Code    18  encoder.o(i.Encoder_GetCount)
    Encoder_GetState                         0x08000551   Thumb Code    46  encoder.o(i.Encoder_GetState)
    Encoder_Init                             0x08000585   Thumb Code    18  encoder.o(i.Encoder_Init)
    Error_Handler                            0x080005a1   Thumb Code     4  main.o(i.Error_Handler)
    HAL_ADC_ConfigChannel                    0x080005a5   Thumb Code   240  stm32f1xx_hal_adc.o(i.HAL_ADC_ConfigChannel)
    HAL_ADC_ConvCpltCallback                 0x080006a1   Thumb Code    22  adc.o(i.HAL_ADC_ConvCpltCallback)
    HAL_ADC_ConvHalfCpltCallback             0x080006c1   Thumb Code     2  stm32f1xx_hal_adc.o(i.HAL_ADC_ConvHalfCpltCallback)
    HAL_ADC_ErrorCallback                    0x080006c3   Thumb Code     2  stm32f1xx_hal_adc.o(i.HAL_ADC_ErrorCallback)
    HAL_ADC_Init                             0x080006c5   Thumb Code   272  stm32f1xx_hal_adc.o(i.HAL_ADC_Init)
    HAL_ADC_MspInit                          0x080007e1   Thumb Code   122  adc.o(i.HAL_ADC_MspInit)
    HAL_ADC_Start_DMA                        0x08000871   Thumb Code   246  stm32f1xx_hal_adc.o(i.HAL_ADC_Start_DMA)
    HAL_DMA_IRQHandler                       0x0800097d   Thumb Code   316  stm32f1xx_hal_dma.o(i.HAL_DMA_IRQHandler)
    HAL_DMA_Init                             0x08000ad1   Thumb Code    84  stm32f1xx_hal_dma.o(i.HAL_DMA_Init)
    HAL_DMA_Start_IT                         0x08000b2d   Thumb Code   112  stm32f1xx_hal_dma.o(i.HAL_DMA_Start_IT)
    HAL_Delay                                0x08000b9d   Thumb Code    32  stm32f1xx_hal.o(i.HAL_Delay)
    HAL_GPIO_EXTI_Callback                   0x08000bc1   Thumb Code    74  button.o(i.HAL_GPIO_EXTI_Callback)
    HAL_GPIO_EXTI_IRQHandler                 0x08000c11   Thumb Code    18  stm32f1xx_hal_gpio.o(i.HAL_GPIO_EXTI_IRQHandler)
    HAL_GPIO_Init                            0x08000c29   Thumb Code   446  stm32f1xx_hal_gpio.o(i.HAL_GPIO_Init)
    HAL_GPIO_ReadPin                         0x08000e09   Thumb Code    10  stm32f1xx_hal_gpio.o(i.HAL_GPIO_ReadPin)
    HAL_GPIO_TogglePin                       0x08000e13   Thumb Code    16  stm32f1xx_hal_gpio.o(i.HAL_GPIO_TogglePin)
    HAL_GPIO_WritePin                        0x08000e23   Thumb Code    10  stm32f1xx_hal_gpio.o(i.HAL_GPIO_WritePin)
    HAL_GetTick                              0x08000e2d   Thumb Code     6  stm32f1xx_hal.o(i.HAL_GetTick)
    HAL_I2C_Init                             0x08000e39   Thumb Code   376  stm32f1xx_hal_i2c.o(i.HAL_I2C_Init)
    HAL_I2C_Master_Transmit                  0x08000fc1   Thumb Code   290  stm32f1xx_hal_i2c.o(i.HAL_I2C_Master_Transmit)
    HAL_I2C_Mem_Read                         0x080010ed   Thumb Code   586  stm32f1xx_hal_i2c.o(i.HAL_I2C_Mem_Read)
    HAL_I2C_Mem_Write                        0x08001349   Thumb Code   294  stm32f1xx_hal_i2c.o(i.HAL_I2C_Mem_Write)
    HAL_I2C_MspInit                          0x08001479   Thumb Code   134  i2c.o(i.HAL_I2C_MspInit)
    HAL_IncTick                              0x08001511   Thumb Code    12  stm32f1xx_hal.o(i.HAL_IncTick)
    HAL_Init                                 0x08001521   Thumb Code    32  stm32f1xx_hal.o(i.HAL_Init)
    HAL_InitTick                             0x08001545   Thumb Code    54  stm32f1xx_hal.o(i.HAL_InitTick)
    HAL_MspInit                              0x08001585   Thumb Code    52  stm32f1xx_hal_msp.o(i.HAL_MspInit)
    HAL_NVIC_EnableIRQ                       0x080015c1   Thumb Code    26  stm32f1xx_hal_cortex.o(i.HAL_NVIC_EnableIRQ)
    HAL_NVIC_SetPriority                     0x080015dd   Thumb Code    60  stm32f1xx_hal_cortex.o(i.HAL_NVIC_SetPriority)
    HAL_NVIC_SetPriorityGrouping             0x0800161d   Thumb Code    26  stm32f1xx_hal_cortex.o(i.HAL_NVIC_SetPriorityGrouping)
    HAL_RCCEx_PeriphCLKConfig                0x08001641   Thumb Code   224  stm32f1xx_hal_rcc_ex.o(i.HAL_RCCEx_PeriphCLKConfig)
    HAL_RCC_ClockConfig                      0x0800172d   Thumb Code   280  stm32f1xx_hal_rcc.o(i.HAL_RCC_ClockConfig)
    HAL_RCC_GetPCLK1Freq                     0x08001859   Thumb Code    20  stm32f1xx_hal_rcc.o(i.HAL_RCC_GetPCLK1Freq)
    HAL_RCC_GetSysClockFreq                  0x08001879   Thumb Code    58  stm32f1xx_hal_rcc.o(i.HAL_RCC_GetSysClockFreq)
    HAL_RCC_OscConfig                        0x080018c5   Thumb Code   778  stm32f1xx_hal_rcc.o(i.HAL_RCC_OscConfig)
    HAL_SYSTICK_Config                       0x08001be5   Thumb Code    40  stm32f1xx_hal_cortex.o(i.HAL_SYSTICK_Config)
    HAL_TIMEx_ConfigBreakDeadTime            0x08001c0d   Thumb Code    84  stm32f1xx_hal_tim_ex.o(i.HAL_TIMEx_ConfigBreakDeadTime)
    HAL_TIMEx_MasterConfigSynchronization    0x08001c61   Thumb Code    92  stm32f1xx_hal_tim_ex.o(i.HAL_TIMEx_MasterConfigSynchronization)
    HAL_TIM_Base_Init                        0x08001cc9   Thumb Code    90  stm32f1xx_hal_tim.o(i.HAL_TIM_Base_Init)
    HAL_TIM_Base_MspInit                     0x08001d25   Thumb Code    30  tim.o(i.HAL_TIM_Base_MspInit)
    HAL_TIM_ConfigClockSource                0x08001d4d   Thumb Code   220  stm32f1xx_hal_tim.o(i.HAL_TIM_ConfigClockSource)
    HAL_TIM_Encoder_Init                     0x08001e29   Thumb Code   164  stm32f1xx_hal_tim.o(i.HAL_TIM_Encoder_Init)
    HAL_TIM_Encoder_MspInit                  0x08001ecd   Thumb Code    76  tim.o(i.HAL_TIM_Encoder_MspInit)
    HAL_TIM_Encoder_Start                    0x08001f25   Thumb Code   142  stm32f1xx_hal_tim.o(i.HAL_TIM_Encoder_Start)
    HAL_TIM_MspPostInit                      0x08001fb5   Thumb Code    64  tim.o(i.HAL_TIM_MspPostInit)
    HAL_TIM_PWM_ConfigChannel                0x08002001   Thumb Code   204  stm32f1xx_hal_tim.o(i.HAL_TIM_PWM_ConfigChannel)
    HAL_TIM_PWM_Init                         0x080020cd   Thumb Code    90  stm32f1xx_hal_tim.o(i.HAL_TIM_PWM_Init)
    HAL_TIM_PWM_MspInit                      0x08002127   Thumb Code     2  stm32f1xx_hal_tim.o(i.HAL_TIM_PWM_MspInit)
    HAL_TIM_PWM_Start                        0x08002129   Thumb Code   144  stm32f1xx_hal_tim.o(i.HAL_TIM_PWM_Start)
    HardFault_Handler                        0x080021c5   Thumb Code     2  stm32f1xx_it.o(i.HardFault_Handler)
    LED_AlarmStatus                          0x0800269f   Thumb Code     8  led.o(i.LED_AlarmStatus)
    LED_AllOff                               0x080026a9   Thumb Code    12  led.o(i.LED_AllOff)
    LED_AllOn                                0x080026b9   Thumb Code    12  led.o(i.LED_AllOn)
    LED_Off                                  0x080026c9   Thumb Code    10  led.o(i.LED_Off)
    LED_On                                   0x080026d9   Thumb Code    10  led.o(i.LED_On)
    LED_SystemRunning                        0x080026e9   Thumb Code     8  led.o(i.LED_SystemRunning)
    LED_Toggle                               0x080026f1   Thumb Code     8  led.o(i.LED_Toggle)
    LightSensor_GetPercent                   0x080026fd   Thumb Code    24  light_sensor.o(i.LightSensor_GetPercent)
    MPU6050_GetAttitude                      0x08002719   Thumb Code   148  mpu6050.o(i.MPU6050_GetAttitude)
    MPU6050_GetData                          0x080027b5   Thumb Code   100  mpu6050.o(i.MPU6050_GetData)
    MPU6050_Init                             0x0800281d   Thumb Code    66  mpu6050.o(i.MPU6050_Init)
    MPU6050_ReadID                           0x08002869   Thumb Code    34  mpu6050.o(i.MPU6050_ReadID)
    MX_ADC1_Init                             0x08002891   Thumb Code   100  adc.o(i.MX_ADC1_Init)
    MX_DMA_Init                              0x08002901   Thumb Code    40  dma.o(i.MX_DMA_Init)
    MX_GPIO_Init                             0x0800292d   Thumb Code   236  gpio.o(i.MX_GPIO_Init)
    MX_I2C1_Init                             0x08002a29   Thumb Code    50  i2c.o(i.MX_I2C1_Init)
    MX_I2C2_Init                             0x08002a69   Thumb Code    50  i2c.o(i.MX_I2C2_Init)
    MX_TIM1_Init                             0x08002aa9   Thumb Code   196  tim.o(i.MX_TIM1_Init)
    MX_TIM3_Init                             0x08002b75   Thumb Code    98  tim.o(i.MX_TIM3_Init)
    MemManage_Handler                        0x08002be1   Thumb Code     2  stm32f1xx_it.o(i.MemManage_Handler)
    NMI_Handler                              0x08002be3   Thumb Code     2  stm32f1xx_it.o(i.NMI_Handler)
    OLED_Clear                               0x08002be5   Thumb Code    38  oled.o(i.OLED_Clear)
    OLED_Init                                0x08002c0b   Thumb Code   148  oled.o(i.OLED_Init)
    OLED_Pow                                 0x08002c9f   Thumb Code    14  oled.o(i.OLED_Pow)
    OLED_SetCursor                           0x08002cad   Thumb Code    34  oled.o(i.OLED_SetCursor)
    OLED_ShowChar                            0x08002cd1   Thumb Code    98  oled.o(i.OLED_ShowChar)
    OLED_ShowHexNum                          0x08002d39   Thumb Code    68  oled.o(i.OLED_ShowHexNum)
    OLED_ShowNum                             0x08002d7d   Thumb Code    66  oled.o(i.OLED_ShowNum)
    OLED_ShowSignedNum                       0x08002dbf   Thumb Code    88  oled.o(i.OLED_ShowSignedNum)
    OLED_ShowString                          0x08002e17   Thumb Code    38  oled.o(i.OLED_ShowString)
    OLED_WriteCommand                        0x08002e3d   Thumb Code    28  oled.o(i.OLED_WriteCommand)
    OLED_WriteData                           0x08002e5d   Thumb Code    32  oled.o(i.OLED_WriteData)
    PendSV_Handler                           0x08002e85   Thumb Code     2  stm32f1xx_it.o(i.PendSV_Handler)
    SVC_Handler                              0x08002e87   Thumb Code     2  stm32f1xx_it.o(i.SVC_Handler)
    Servo_Init                               0x08002e89   Thumb Code    20  servo.o(i.Servo_Init)
    Servo_Running                            0x08002ea1   Thumb Code    28  system.o(i.Servo_Running)
    Servo_SetAngle                           0x08002ec1   Thumb Code    36  servo.o(i.Servo_SetAngle)
    SysTick_Handler                          0x08002eed   Thumb Code     4  stm32f1xx_it.o(i.SysTick_Handler)
    SystemClock_Config                       0x08002ef1   Thumb Code   120  main.o(i.SystemClock_Config)
    SystemInit                               0x08002f69   Thumb Code     2  system_stm32f1xx.o(i.SystemInit)
    System_CheckAlarm                        0x08002f6d   Thumb Code    58  system.o(i.System_CheckAlarm)
    System_HandleInput                       0x08002fad   Thumb Code   302  system.o(i.System_HandleInput)
    System_Init                              0x080030e9   Thumb Code   124  system.o(i.System_Init)
    System_Process                           0x08003195   Thumb Code    44  system.o(i.System_Process)
    System_SetMode                           0x080031c5   Thumb Code   104  system.o(i.System_SetMode)
    System_UpdateDisplay                     0x0800325d   Thumb Code   280  system.o(i.System_UpdateDisplay)
    TIM_Base_SetConfig                       0x080033d1   Thumb Code   108  stm32f1xx_hal_tim.o(i.TIM_Base_SetConfig)
    TIM_CCxChannelCmd                        0x08003449   Thumb Code    26  stm32f1xx_hal_tim.o(i.TIM_CCxChannelCmd)
    TIM_ETR_SetConfig                        0x08003463   Thumb Code    20  stm32f1xx_hal_tim.o(i.TIM_ETR_SetConfig)
    TIM_OC2_SetConfig                        0x080034d9   Thumb Code    84  stm32f1xx_hal_tim.o(i.TIM_OC2_SetConfig)
    TempSensor_GetTemp                       0x08003615   Thumb Code    86  temp_sensor.o(i.TempSensor_GetTemp)
    UsageFault_Handler                       0x08003685   Thumb Code     2  stm32f1xx_it.o(i.UsageFault_Handler)
    __ARM_fpclassifyf                        0x08003687   Thumb Code    38  fpclassifyf.o(i.__ARM_fpclassifyf)
    __kernel_poly                            0x080036cd   Thumb Code   170  poly.o(i.__kernel_poly)
    __mathlib_dbl_divzero                    0x08003779   Thumb Code    12  dunder.o(i.__mathlib_dbl_divzero)
    __mathlib_dbl_infnan                     0x08003789   Thumb Code     6  dunder.o(i.__mathlib_dbl_infnan)
    __mathlib_dbl_invalid                    0x0800378f   Thumb Code    12  dunder.o(i.__mathlib_dbl_invalid)
    __mathlib_flt_infnan2                    0x0800379b   Thumb Code     4  funder.o(i.__mathlib_flt_infnan2)
    __mathlib_flt_underflow                  0x0800379f   Thumb Code    10  funder.o(i.__mathlib_flt_underflow)
    atan2f                                   0x080037a9   Thumb Code   598  atan2f.o(i.atan2f)
    log                                      0x08003a4d   Thumb Code   808  log.o(i.log)
    main                                     0x08003da9   Thumb Code    52  main.o(i.main)
    sqrtf                                    0x08003ddd   Thumb Code    44  sqrtf.o(i.sqrtf)
    __aeabi_d2f                              0x08003e09   Thumb Code     0  d2f.o(x$fpl$d2f)
    _d2f                                     0x08003e09   Thumb Code    98  d2f.o(x$fpl$d2f)
    __aeabi_dadd                             0x08003e6d   Thumb Code     0  daddsub_clz.o(x$fpl$dadd)
    _dadd                                    0x08003e6d   Thumb Code   332  daddsub_clz.o(x$fpl$dadd)
    __fpl_dcheck_NaN1                        0x08003fbd   Thumb Code    10  dcheck1.o(x$fpl$dcheck1)
    __fpl_dcmp_Inf                           0x08003fcd   Thumb Code    24  dcmpi.o(x$fpl$dcmpinf)
    __aeabi_ddiv                             0x08003fe5   Thumb Code     0  ddiv.o(x$fpl$ddiv)
    _ddiv                                    0x08003fe5   Thumb Code   552  ddiv.o(x$fpl$ddiv)
    __aeabi_cdcmpeq                          0x08004295   Thumb Code     0  deqf.o(x$fpl$deqf)
    _dcmpeq                                  0x08004295   Thumb Code   120  deqf.o(x$fpl$deqf)
    __aeabi_i2d                              0x0800430d   Thumb Code     0  dflt_clz.o(x$fpl$dflt)
    _dflt                                    0x0800430d   Thumb Code    46  dflt_clz.o(x$fpl$dflt)
    __aeabi_dmul                             0x0800433d   Thumb Code     0  dmul.o(x$fpl$dmul)
    _dmul                                    0x0800433d   Thumb Code   332  dmul.o(x$fpl$dmul)
    __fpl_dnaninf                            0x08004491   Thumb Code   156  dnaninf.o(x$fpl$dnaninf)
    __fpl_dretinf                            0x0800452d   Thumb Code    12  dretinf.o(x$fpl$dretinf)
    __aeabi_drsub                            0x08004539   Thumb Code     0  daddsub_clz.o(x$fpl$drsb)
    _drsb                                    0x08004539   Thumb Code    22  daddsub_clz.o(x$fpl$drsb)
    __aeabi_dsub                             0x08004551   Thumb Code     0  daddsub_clz.o(x$fpl$dsub)
    _dsub                                    0x08004551   Thumb Code   464  daddsub_clz.o(x$fpl$dsub)
    __aeabi_f2d                              0x08004725   Thumb Code     0  f2d.o(x$fpl$f2d)
    _f2d                                     0x08004725   Thumb Code    86  f2d.o(x$fpl$f2d)
    __aeabi_fadd                             0x0800477d   Thumb Code     0  faddsub_clz.o(x$fpl$fadd)
    _fadd                                    0x0800477d   Thumb Code   196  faddsub_clz.o(x$fpl$fadd)
    __fpl_fcheck_NaN1                        0x08004841   Thumb Code     6  fcheck1.o(x$fpl$fcheck1)
    __fpl_fcmp_Inf                           0x0800484d   Thumb Code    24  fcmpi.o(x$fpl$fcmpinf)
    __aeabi_fdiv                             0x08004865   Thumb Code     0  fdiv.o(x$fpl$fdiv)
    _fdiv                                    0x08004865   Thumb Code   384  fdiv.o(x$fpl$fdiv)
    __aeabi_f2iz                             0x080049e9   Thumb Code     0  ffix.o(x$fpl$ffix)
    _ffix                                    0x080049e9   Thumb Code    54  ffix.o(x$fpl$ffix)
    __aeabi_f2uiz                            0x08004a21   Thumb Code     0  ffixu.o(x$fpl$ffixu)
    _ffixu                                   0x08004a21   Thumb Code    62  ffixu.o(x$fpl$ffixu)
    __aeabi_i2f                              0x08004a61   Thumb Code     0  fflt_clz.o(x$fpl$fflt)
    _fflt                                    0x08004a61   Thumb Code    48  fflt_clz.o(x$fpl$fflt)
    __aeabi_ui2f                             0x08004a91   Thumb Code     0  fflt_clz.o(x$fpl$ffltu)
    _ffltu                                   0x08004a91   Thumb Code    38  fflt_clz.o(x$fpl$ffltu)
    __aeabi_cfcmple                          0x08004ab9   Thumb Code     0  fleqf.o(x$fpl$fleqf)
    _fcmple                                  0x08004ab9   Thumb Code   104  fleqf.o(x$fpl$fleqf)
    __fpl_fcmple_InfNaN                      0x08004b0b   Thumb Code     0  fleqf.o(x$fpl$fleqf)
    __aeabi_fmul                             0x08004b21   Thumb Code     0  fmul.o(x$fpl$fmul)
    _fmul                                    0x08004b21   Thumb Code   258  fmul.o(x$fpl$fmul)
    __fpl_fnaninf                            0x08004c23   Thumb Code   140  fnaninf.o(x$fpl$fnaninf)
    __fpl_fretinf                            0x08004caf   Thumb Code    10  fretinf.o(x$fpl$fretinf)
    __aeabi_cfrcmple                         0x08004cb9   Thumb Code     0  frleqf.o(x$fpl$frleqf)
    _frcmple                                 0x08004cb9   Thumb Code    98  frleqf.o(x$fpl$frleqf)
    __aeabi_frsub                            0x08004d1b   Thumb Code     0  faddsub_clz.o(x$fpl$frsb)
    _frsb                                    0x08004d1b   Thumb Code    20  faddsub_clz.o(x$fpl$frsb)
    _fsqrt                                   0x08004d31   Thumb Code   272  fsqrt.o(x$fpl$fsqrt)
    __aeabi_fsub                             0x08004e41   Thumb Code     0  faddsub_clz.o(x$fpl$fsub)
    _fsub                                    0x08004e41   Thumb Code   234  faddsub_clz.o(x$fpl$fsub)
    __fpl_return_NaN                         0x08004f2b   Thumb Code   100  retnan.o(x$fpl$retnan)
    __ARM_scalbn                             0x08004f8f   Thumb Code    92  scalbn.o(x$fpl$scalbn)
    __ARM_scalbnf                            0x08004feb   Thumb Code    76  scalbnf.o(x$fpl$scalbnf)
    __fpl_cmpreturn                          0x08005037   Thumb Code    48  trapv.o(x$fpl$trapveneer)
    OLED_F8x16                               0x08005066   Data        1520  oled.o(.constdata)
    __I$use$fp                               0x08005066   Number         0  usenofp.o(x$fpl$usenofp)
    AHBPrescTable                            0x0800568c   Data          16  system_stm32f1xx.o(.constdata)
    APBPrescTable                            0x0800569c   Data           8  system_stm32f1xx.o(.constdata)
    __mathlib_zero                           0x080056e0   Data           8  qnan.o(.constdata)
    Region$$Table$$Base                      0x080056e8   Number         0  anon$$obj.o(Region$$Table)
    Region$$Table$$Limit                     0x08005708   Number         0  anon$$obj.o(Region$$Table)
    light_sensor_value                       0x20000018   Data           2  adc.o(.data)
    temp_sensor_value                        0x2000001a   Data           2  adc.o(.data)
    adc_values                               0x2000001c   Data           8  adc.o(.data)
    init_status                              0x2000002d   Data           1  system.o(.data)
    uwTickFreq                               0x20000050   Data           1  stm32f1xx_hal.o(.data)
    uwTickPrio                               0x20000054   Data           4  stm32f1xx_hal.o(.data)
    uwTick                                   0x20000058   Data           4  stm32f1xx_hal.o(.data)
    SystemCoreClock                          0x2000005c   Data           4  system_stm32f1xx.o(.data)
    hadc1                                    0x20000090   Data          48  adc.o(.bss)
    hdma_adc1                                0x200000c0   Data          68  adc.o(.bss)
    hi2c1                                    0x20000104   Data          84  i2c.o(.bss)
    hi2c2                                    0x20000158   Data          84  i2c.o(.bss)
    htim1                                    0x200001ac   Data          72  tim.o(.bss)
    htim3                                    0x200001f4   Data          72  tim.o(.bss)
    __libspace_start                         0x2000023c   Data          96  libspace.o(.bss)
    __temporary_stack_top$libspace           0x2000029c   Data           0  libspace.o(.bss)



==============================================================================

Memory Map of the image

  Image Entry point : 0x080000ed

  Load Region LR_IROM1 (Base: 0x08000000, Size: 0x00005768, Max: 0x00010000, ABSOLUTE)

    Execution Region ER_IROM1 (Exec base: 0x08000000, Load base: 0x08000000, Size: 0x00005708, Max: 0x00010000, ABSOLUTE)

    Exec Addr    Load Addr    Size         Type   Attr      Idx    E Section Name        Object

    0x08000000   0x08000000   0x000000ec   Data   RO            3    RESET               startup_stm32f103xb.o
    0x080000ec   0x080000ec   0x00000008   Code   RO         3821  * !!!main             c_w.l(__main.o)
    0x080000f4   0x080000f4   0x00000034   Code   RO         4127    !!!scatter          c_w.l(__scatter.o)
    0x08000128   0x08000128   0x0000001a   Code   RO         4129    !!handler_copy      c_w.l(__scatter_copy.o)
    0x08000142   0x08000142   0x00000002   PAD
    0x08000144   0x08000144   0x0000001c   Code   RO         4131    !!handler_zi        c_w.l(__scatter_zi.o)
    0x08000160   0x08000160   0x00000002   Code   RO         3996    .ARM.Collect$$libinit$$00000000  c_w.l(libinit.o)
    0x08000162   0x08000162   0x00000000   Code   RO         4002    .ARM.Collect$$libinit$$00000002  c_w.l(libinit2.o)
    0x08000162   0x08000162   0x00000000   Code   RO         4004    .ARM.Collect$$libinit$$00000004  c_w.l(libinit2.o)
    0x08000162   0x08000162   0x00000000   Code   RO         4007    .ARM.Collect$$libinit$$0000000A  c_w.l(libinit2.o)
    0x08000162   0x08000162   0x00000000   Code   RO         4009    .ARM.Collect$$libinit$$0000000C  c_w.l(libinit2.o)
    0x08000162   0x08000162   0x00000000   Code   RO         4011    .ARM.Collect$$libinit$$0000000E  c_w.l(libinit2.o)
    0x08000162   0x08000162   0x00000000   Code   RO         4014    .ARM.Collect$$libinit$$00000011  c_w.l(libinit2.o)
    0x08000162   0x08000162   0x00000000   Code   RO         4016    .ARM.Collect$$libinit$$00000013  c_w.l(libinit2.o)
    0x08000162   0x08000162   0x00000000   Code   RO         4018    .ARM.Collect$$libinit$$00000015  c_w.l(libinit2.o)
    0x08000162   0x08000162   0x00000000   Code   RO         4020    .ARM.Collect$$libinit$$00000017  c_w.l(libinit2.o)
    0x08000162   0x08000162   0x00000000   Code   RO         4022    .ARM.Collect$$libinit$$00000019  c_w.l(libinit2.o)
    0x08000162   0x08000162   0x00000000   Code   RO         4024    .ARM.Collect$$libinit$$0000001B  c_w.l(libinit2.o)
    0x08000162   0x08000162   0x00000000   Code   RO         4026    .ARM.Collect$$libinit$$0000001D  c_w.l(libinit2.o)
    0x08000162   0x08000162   0x00000000   Code   RO         4028    .ARM.Collect$$libinit$$0000001F  c_w.l(libinit2.o)
    0x08000162   0x08000162   0x00000000   Code   RO         4030    .ARM.Collect$$libinit$$00000021  c_w.l(libinit2.o)
    0x08000162   0x08000162   0x00000000   Code   RO         4032    .ARM.Collect$$libinit$$00000023  c_w.l(libinit2.o)
    0x08000162   0x08000162   0x00000000   Code   RO         4034    .ARM.Collect$$libinit$$00000025  c_w.l(libinit2.o)
    0x08000162   0x08000162   0x00000000   Code   RO         4038    .ARM.Collect$$libinit$$0000002C  c_w.l(libinit2.o)
    0x08000162   0x08000162   0x00000000   Code   RO         4040    .ARM.Collect$$libinit$$0000002E  c_w.l(libinit2.o)
    0x08000162   0x08000162   0x00000000   Code   RO         4042    .ARM.Collect$$libinit$$00000030  c_w.l(libinit2.o)
    0x08000162   0x08000162   0x00000000   Code   RO         4044    .ARM.Collect$$libinit$$00000032  c_w.l(libinit2.o)
    0x08000162   0x08000162   0x00000002   Code   RO         4045    .ARM.Collect$$libinit$$00000033  c_w.l(libinit2.o)
    0x08000164   0x08000164   0x00000002   Code   RO         4065    .ARM.Collect$$libshutdown$$00000000  c_w.l(libshutdown.o)
    0x08000166   0x08000166   0x00000000   Code   RO         4078    .ARM.Collect$$libshutdown$$00000002  c_w.l(libshutdown2.o)
    0x08000166   0x08000166   0x00000000   Code   RO         4080    .ARM.Collect$$libshutdown$$00000004  c_w.l(libshutdown2.o)
    0x08000166   0x08000166   0x00000000   Code   RO         4082    .ARM.Collect$$libshutdown$$00000006  c_w.l(libshutdown2.o)
    0x08000166   0x08000166   0x00000000   Code   RO         4085    .ARM.Collect$$libshutdown$$00000009  c_w.l(libshutdown2.o)
    0x08000166   0x08000166   0x00000000   Code   RO         4088    .ARM.Collect$$libshutdown$$0000000C  c_w.l(libshutdown2.o)
    0x08000166   0x08000166   0x00000000   Code   RO         4090    .ARM.Collect$$libshutdown$$0000000E  c_w.l(libshutdown2.o)
    0x08000166   0x08000166   0x00000000   Code   RO         4093    .ARM.Collect$$libshutdown$$00000011  c_w.l(libshutdown2.o)
    0x08000166   0x08000166   0x00000002   Code   RO         4094    .ARM.Collect$$libshutdown$$00000012  c_w.l(libshutdown2.o)
    0x08000168   0x08000168   0x00000000   Code   RO         3883    .ARM.Collect$$rtentry$$00000000  c_w.l(__rtentry.o)
    0x08000168   0x08000168   0x00000000   Code   RO         3957    .ARM.Collect$$rtentry$$00000002  c_w.l(__rtentry2.o)
    0x08000168   0x08000168   0x00000006   Code   RO         3969    .ARM.Collect$$rtentry$$00000004  c_w.l(__rtentry4.o)
    0x0800016e   0x0800016e   0x00000000   Code   RO         3959    .ARM.Collect$$rtentry$$00000009  c_w.l(__rtentry2.o)
    0x0800016e   0x0800016e   0x00000004   Code   RO         3960    .ARM.Collect$$rtentry$$0000000A  c_w.l(__rtentry2.o)
    0x08000172   0x08000172   0x00000000   Code   RO         3962    .ARM.Collect$$rtentry$$0000000C  c_w.l(__rtentry2.o)
    0x08000172   0x08000172   0x00000008   Code   RO         3963    .ARM.Collect$$rtentry$$0000000D  c_w.l(__rtentry2.o)
    0x0800017a   0x0800017a   0x00000002   Code   RO         3999    .ARM.Collect$$rtexit$$00000000  c_w.l(rtexit.o)
    0x0800017c   0x0800017c   0x00000000   Code   RO         4047    .ARM.Collect$$rtexit$$00000002  c_w.l(rtexit2.o)
    0x0800017c   0x0800017c   0x00000004   Code   RO         4048    .ARM.Collect$$rtexit$$00000003  c_w.l(rtexit2.o)
    0x08000180   0x08000180   0x00000006   Code   RO         4049    .ARM.Collect$$rtexit$$00000004  c_w.l(rtexit2.o)
    0x08000186   0x08000186   0x00000002   PAD
    0x08000188   0x08000188   0x00000040   Code   RO            4    .text               startup_stm32f103xb.o
    0x080001c8   0x080001c8   0x0000004e   Code   RO         3817    .text               c_w.l(rt_memclr_w.o)
    0x08000216   0x08000216   0x00000006   Code   RO         3819    .text               c_w.l(heapauxi.o)
    0x0800021c   0x0800021c   0x00000016   Code   RO         3884    .text               c_w.l(_rserrno.o)
    0x08000232   0x08000232   0x00000002   PAD
    0x08000234   0x08000234   0x00000008   Code   RO         3974    .text               c_w.l(rt_errno_addr_intlibspace.o)
    0x0800023c   0x0800023c   0x00000008   Code   RO         3984    .text               c_w.l(libspace.o)
    0x08000244   0x08000244   0x0000004a   Code   RO         3987    .text               c_w.l(sys_stackheap_outer.o)
    0x0800028e   0x0800028e   0x00000012   Code   RO         3989    .text               c_w.l(exit.o)
    0x080002a0   0x080002a0   0x0000000c   Code   RO         4057    .text               c_w.l(sys_exit.o)
    0x080002ac   0x080002ac   0x00000002   Code   RO         4068    .text               c_w.l(use_no_semi.o)
    0x080002ae   0x080002ae   0x00000000   Code   RO         4070    .text               c_w.l(indicate_semi.o)
    0x080002ae   0x080002ae   0x00000002   PAD
    0x080002b0   0x080002b0   0x00000056   Code   RO         1115    i.ADC_ConversionStop_Disable  stm32f1xx_hal_adc.o
    0x08000306   0x08000306   0x0000004e   Code   RO         1116    i.ADC_DMAConvCplt   stm32f1xx_hal_adc.o
    0x08000354   0x08000354   0x0000001a   Code   RO         1117    i.ADC_DMAError      stm32f1xx_hal_adc.o
    0x0800036e   0x0800036e   0x0000000a   Code   RO         1118    i.ADC_DMAHalfConvCplt  stm32f1xx_hal_adc.o
    0x08000378   0x08000378   0x0000007c   Code   RO         1119    i.ADC_Enable        stm32f1xx_hal_adc.o
    0x080003f4   0x080003f4   0x00000016   Code   RO          279    i.Beeper_Beep       beeper.o
    0x0800040a   0x0800040a   0x00000002   PAD
    0x0800040c   0x0800040c   0x00000010   Code   RO          280    i.Beeper_Off        beeper.o
    0x0800041c   0x0800041c   0x00000010   Code   RO          281    i.Beeper_On         beeper.o
    0x0800042c   0x0800042c   0x00000002   Code   RO          831    i.BusFault_Handler  stm32f1xx_it.o
    0x0800042e   0x0800042e   0x00000002   PAD
    0x08000430   0x08000430   0x00000018   Code   RO          324    i.Button_GetState   button.o
    0x08000448   0x08000448   0x00000098   Code   RO          325    i.Button_Scan       button.o
    0x080004e0   0x080004e0   0x0000000c   Code   RO          832    i.DMA1_Channel1_IRQHandler  stm32f1xx_it.o
    0x080004ec   0x080004ec   0x0000002a   Code   RO         1771    i.DMA_SetConfig     stm32f1xx_hal_dma.o
    0x08000516   0x08000516   0x00000002   Code   RO          833    i.DebugMon_Handler  stm32f1xx_it.o
    0x08000518   0x08000518   0x00000006   Code   RO          834    i.EXTI0_IRQHandler  stm32f1xx_it.o
    0x0800051e   0x0800051e   0x00000008   Code   RO          835    i.EXTI15_10_IRQHandler  stm32f1xx_it.o
    0x08000526   0x08000526   0x00000006   Code   RO          836    i.EXTI1_IRQHandler  stm32f1xx_it.o
    0x0800052c   0x0800052c   0x00000006   Code   RO          837    i.EXTI9_5_IRQHandler  stm32f1xx_it.o
    0x08000532   0x08000532   0x00000002   PAD
    0x08000534   0x08000534   0x0000001c   Code   RO          374    i.Encoder_GetCount  encoder.o
    0x08000550   0x08000550   0x00000034   Code   RO          375    i.Encoder_GetState  encoder.o
    0x08000584   0x08000584   0x0000001c   Code   RO          376    i.Encoder_Init      encoder.o
    0x080005a0   0x080005a0   0x00000004   Code   RO          572    i.Error_Handler     main.o
    0x080005a4   0x080005a4   0x000000fc   Code   RO         1121    i.HAL_ADC_ConfigChannel  stm32f1xx_hal_adc.o
    0x080006a0   0x080006a0   0x00000020   Code   RO          644    i.HAL_ADC_ConvCpltCallback  adc.o
    0x080006c0   0x080006c0   0x00000002   Code   RO         1123    i.HAL_ADC_ConvHalfCpltCallback  stm32f1xx_hal_adc.o
    0x080006c2   0x080006c2   0x00000002   Code   RO         1125    i.HAL_ADC_ErrorCallback  stm32f1xx_hal_adc.o
    0x080006c4   0x080006c4   0x0000011c   Code   RO         1130    i.HAL_ADC_Init      stm32f1xx_hal_adc.o
    0x080007e0   0x080007e0   0x00000090   Code   RO          646    i.HAL_ADC_MspInit   adc.o
    0x08000870   0x08000870   0x0000010c   Code   RO         1137    i.HAL_ADC_Start_DMA  stm32f1xx_hal_adc.o
    0x0800097c   0x0800097c   0x00000154   Code   RO         1777    i.HAL_DMA_IRQHandler  stm32f1xx_hal_dma.o
    0x08000ad0   0x08000ad0   0x0000005c   Code   RO         1778    i.HAL_DMA_Init      stm32f1xx_hal_dma.o
    0x08000b2c   0x08000b2c   0x00000070   Code   RO         1782    i.HAL_DMA_Start_IT  stm32f1xx_hal_dma.o
    0x08000b9c   0x08000b9c   0x00000024   Code   RO         1398    i.HAL_Delay         stm32f1xx_hal.o
    0x08000bc0   0x08000bc0   0x00000050   Code   RO          326    i.HAL_GPIO_EXTI_Callback  button.o
    0x08000c10   0x08000c10   0x00000018   Code   RO         1707    i.HAL_GPIO_EXTI_IRQHandler  stm32f1xx_hal_gpio.o
    0x08000c28   0x08000c28   0x000001e0   Code   RO         1708    i.HAL_GPIO_Init     stm32f1xx_hal_gpio.o
    0x08000e08   0x08000e08   0x0000000a   Code   RO         1710    i.HAL_GPIO_ReadPin  stm32f1xx_hal_gpio.o
    0x08000e12   0x08000e12   0x00000010   Code   RO         1711    i.HAL_GPIO_TogglePin  stm32f1xx_hal_gpio.o
    0x08000e22   0x08000e22   0x0000000a   Code   RO         1712    i.HAL_GPIO_WritePin  stm32f1xx_hal_gpio.o
    0x08000e2c   0x08000e2c   0x0000000c   Code   RO         1402    i.HAL_GetTick       stm32f1xx_hal.o
    0x08000e38   0x08000e38   0x00000188   Code   RO         2379    i.HAL_I2C_Init      stm32f1xx_hal_i2c.o
    0x08000fc0   0x08000fc0   0x0000012c   Code   RO         2392    i.HAL_I2C_Master_Transmit  stm32f1xx_hal_i2c.o
    0x080010ec   0x080010ec   0x0000025c   Code   RO         2397    i.HAL_I2C_Mem_Read  stm32f1xx_hal_i2c.o
    0x08001348   0x08001348   0x00000130   Code   RO         2400    i.HAL_I2C_Mem_Write  stm32f1xx_hal_i2c.o
    0x08001478   0x08001478   0x00000098   Code   RO          718    i.HAL_I2C_MspInit   i2c.o
    0x08001510   0x08001510   0x00000010   Code   RO         1408    i.HAL_IncTick       stm32f1xx_hal.o
    0x08001520   0x08001520   0x00000024   Code   RO         1409    i.HAL_Init          stm32f1xx_hal.o
    0x08001544   0x08001544   0x00000040   Code   RO         1410    i.HAL_InitTick      stm32f1xx_hal.o
    0x08001584   0x08001584   0x0000003c   Code   RO          937    i.HAL_MspInit       stm32f1xx_hal_msp.o
    0x080015c0   0x080015c0   0x0000001a   Code   RO         1868    i.HAL_NVIC_EnableIRQ  stm32f1xx_hal_cortex.o
    0x080015da   0x080015da   0x00000002   PAD
    0x080015dc   0x080015dc   0x00000040   Code   RO         1874    i.HAL_NVIC_SetPriority  stm32f1xx_hal_cortex.o
    0x0800161c   0x0800161c   0x00000024   Code   RO         1875    i.HAL_NVIC_SetPriorityGrouping  stm32f1xx_hal_cortex.o
    0x08001640   0x08001640   0x000000ec   Code   RO         1670    i.HAL_RCCEx_PeriphCLKConfig  stm32f1xx_hal_rcc_ex.o
    0x0800172c   0x0800172c   0x0000012c   Code   RO         1566    i.HAL_RCC_ClockConfig  stm32f1xx_hal_rcc.o
    0x08001858   0x08001858   0x00000020   Code   RO         1573    i.HAL_RCC_GetPCLK1Freq  stm32f1xx_hal_rcc.o
    0x08001878   0x08001878   0x0000004c   Code   RO         1575    i.HAL_RCC_GetSysClockFreq  stm32f1xx_hal_rcc.o
    0x080018c4   0x080018c4   0x00000320   Code   RO         1578    i.HAL_RCC_OscConfig  stm32f1xx_hal_rcc.o
    0x08001be4   0x08001be4   0x00000028   Code   RO         1879    i.HAL_SYSTICK_Config  stm32f1xx_hal_cortex.o
    0x08001c0c   0x08001c0c   0x00000054   Code   RO         3514    i.HAL_TIMEx_ConfigBreakDeadTime  stm32f1xx_hal_tim_ex.o
    0x08001c60   0x08001c60   0x00000068   Code   RO         3530    i.HAL_TIMEx_MasterConfigSynchronization  stm32f1xx_hal_tim_ex.o
    0x08001cc8   0x08001cc8   0x0000005a   Code   RO         2807    i.HAL_TIM_Base_Init  stm32f1xx_hal_tim.o
    0x08001d22   0x08001d22   0x00000002   PAD
    0x08001d24   0x08001d24   0x00000028   Code   RO          766    i.HAL_TIM_Base_MspInit  tim.o
    0x08001d4c   0x08001d4c   0x000000dc   Code   RO         2816    i.HAL_TIM_ConfigClockSource  stm32f1xx_hal_tim.o
    0x08001e28   0x08001e28   0x000000a4   Code   RO         2828    i.HAL_TIM_Encoder_Init  stm32f1xx_hal_tim.o
    0x08001ecc   0x08001ecc   0x00000058   Code   RO          768    i.HAL_TIM_Encoder_MspInit  tim.o
    0x08001f24   0x08001f24   0x0000008e   Code   RO         2831    i.HAL_TIM_Encoder_Start  stm32f1xx_hal_tim.o
    0x08001fb2   0x08001fb2   0x00000002   PAD
    0x08001fb4   0x08001fb4   0x0000004c   Code   RO          769    i.HAL_TIM_MspPostInit  tim.o
    0x08002000   0x08002000   0x000000cc   Code   RO         2879    i.HAL_TIM_PWM_ConfigChannel  stm32f1xx_hal_tim.o
    0x080020cc   0x080020cc   0x0000005a   Code   RO         2882    i.HAL_TIM_PWM_Init  stm32f1xx_hal_tim.o
    0x08002126   0x08002126   0x00000002   Code   RO         2884    i.HAL_TIM_PWM_MspInit  stm32f1xx_hal_tim.o
    0x08002128   0x08002128   0x0000009c   Code   RO         2887    i.HAL_TIM_PWM_Start  stm32f1xx_hal_tim.o
    0x080021c4   0x080021c4   0x00000002   Code   RO          838    i.HardFault_Handler  stm32f1xx_it.o
    0x080021c6   0x080021c6   0x0000002e   Code   RO         2422    i.I2C_IsAcknowledgeFailed  stm32f1xx_hal_i2c.o
    0x080021f4   0x080021f4   0x0000009c   Code   RO         2426    i.I2C_MasterRequestWrite  stm32f1xx_hal_i2c.o
    0x08002290   0x08002290   0x000000fc   Code   RO         2432    i.I2C_RequestMemoryRead  stm32f1xx_hal_i2c.o
    0x0800238c   0x0800238c   0x000000a8   Code   RO         2433    i.I2C_RequestMemoryWrite  stm32f1xx_hal_i2c.o
    0x08002434   0x08002434   0x00000056   Code   RO         2437    i.I2C_WaitOnBTFFlagUntilTimeout  stm32f1xx_hal_i2c.o
    0x0800248a   0x0800248a   0x00000002   PAD
    0x0800248c   0x0800248c   0x00000090   Code   RO         2438    i.I2C_WaitOnFlagUntilTimeout  stm32f1xx_hal_i2c.o
    0x0800251c   0x0800251c   0x000000bc   Code   RO         2439    i.I2C_WaitOnMasterAddressFlagUntilTimeout  stm32f1xx_hal_i2c.o
    0x080025d8   0x080025d8   0x00000070   Code   RO         2440    i.I2C_WaitOnRXNEFlagUntilTimeout  stm32f1xx_hal_i2c.o
    0x08002648   0x08002648   0x00000056   Code   RO         2441    i.I2C_WaitOnTXEFlagUntilTimeout  stm32f1xx_hal_i2c.o
    0x0800269e   0x0800269e   0x00000008   Code   RO           13    i.LED_AlarmStatus   led.o
    0x080026a6   0x080026a6   0x00000002   PAD
    0x080026a8   0x080026a8   0x00000010   Code   RO           14    i.LED_AllOff        led.o
    0x080026b8   0x080026b8   0x00000010   Code   RO           15    i.LED_AllOn         led.o
    0x080026c8   0x080026c8   0x00000010   Code   RO           17    i.LED_Off           led.o
    0x080026d8   0x080026d8   0x00000010   Code   RO           18    i.LED_On            led.o
    0x080026e8   0x080026e8   0x00000008   Code   RO           20    i.LED_SystemRunning  led.o
    0x080026f0   0x080026f0   0x0000000c   Code   RO           21    i.LED_Toggle        led.o
    0x080026fc   0x080026fc   0x0000001c   Code   RO          435    i.LightSensor_GetPercent  light_sensor.o
    0x08002718   0x08002718   0x0000009c   Code   RO          520    i.MPU6050_GetAttitude  mpu6050.o
    0x080027b4   0x080027b4   0x00000068   Code   RO          521    i.MPU6050_GetData   mpu6050.o
    0x0800281c   0x0800281c   0x0000004c   Code   RO          522    i.MPU6050_Init      mpu6050.o
    0x08002868   0x08002868   0x00000028   Code   RO          523    i.MPU6050_ReadID    mpu6050.o
    0x08002890   0x08002890   0x00000070   Code   RO          647    i.MX_ADC1_Init      adc.o
    0x08002900   0x08002900   0x0000002c   Code   RO          693    i.MX_DMA_Init       dma.o
    0x0800292c   0x0800292c   0x000000fc   Code   RO          620    i.MX_GPIO_Init      gpio.o
    0x08002a28   0x08002a28   0x00000040   Code   RO          719    i.MX_I2C1_Init      i2c.o
    0x08002a68   0x08002a68   0x00000040   Code   RO          720    i.MX_I2C2_Init      i2c.o
    0x08002aa8   0x08002aa8   0x000000cc   Code   RO          770    i.MX_TIM1_Init      tim.o
    0x08002b74   0x08002b74   0x0000006c   Code   RO          771    i.MX_TIM3_Init      tim.o
    0x08002be0   0x08002be0   0x00000002   Code   RO          839    i.MemManage_Handler  stm32f1xx_it.o
    0x08002be2   0x08002be2   0x00000002   Code   RO          840    i.NMI_Handler       stm32f1xx_it.o
    0x08002be4   0x08002be4   0x00000026   Code   RO          184    i.OLED_Clear        oled.o
    0x08002c0a   0x08002c0a   0x00000094   Code   RO          185    i.OLED_Init         oled.o
    0x08002c9e   0x08002c9e   0x0000000e   Code   RO          186    i.OLED_Pow          oled.o
    0x08002cac   0x08002cac   0x00000022   Code   RO          187    i.OLED_SetCursor    oled.o
    0x08002cce   0x08002cce   0x00000002   PAD
    0x08002cd0   0x08002cd0   0x00000068   Code   RO          189    i.OLED_ShowChar     oled.o
    0x08002d38   0x08002d38   0x00000044   Code   RO          190    i.OLED_ShowHexNum   oled.o
    0x08002d7c   0x08002d7c   0x00000042   Code   RO          191    i.OLED_ShowNum      oled.o
    0x08002dbe   0x08002dbe   0x00000058   Code   RO          192    i.OLED_ShowSignedNum  oled.o
    0x08002e16   0x08002e16   0x00000026   Code   RO          193    i.OLED_ShowString   oled.o
    0x08002e3c   0x08002e3c   0x00000020   Code   RO          194    i.OLED_WriteCommand  oled.o
    0x08002e5c   0x08002e5c   0x00000028   Code   RO          195    i.OLED_WriteData    oled.o
    0x08002e84   0x08002e84   0x00000002   Code   RO          841    i.PendSV_Handler    stm32f1xx_it.o
    0x08002e86   0x08002e86   0x00000002   Code   RO          842    i.SVC_Handler       stm32f1xx_it.o
    0x08002e88   0x08002e88   0x00000018   Code   RO          962    i.Servo_Init        servo.o
    0x08002ea0   0x08002ea0   0x00000020   Code   RO         1010    i.Servo_Running     system.o
    0x08002ec0   0x08002ec0   0x0000002c   Code   RO          964    i.Servo_SetAngle    servo.o
    0x08002eec   0x08002eec   0x00000004   Code   RO          843    i.SysTick_Handler   stm32f1xx_it.o
    0x08002ef0   0x08002ef0   0x00000078   Code   RO          573    i.SystemClock_Config  main.o
    0x08002f68   0x08002f68   0x00000002   Code   RO         3779    i.SystemInit        system_stm32f1xx.o
    0x08002f6a   0x08002f6a   0x00000002   PAD
    0x08002f6c   0x08002f6c   0x00000040   Code   RO         1011    i.System_CheckAlarm  system.o
    0x08002fac   0x08002fac   0x0000013c   Code   RO         1013    i.System_HandleInput  system.o
    0x080030e8   0x080030e8   0x000000ac   Code   RO         1014    i.System_Init       system.o
    0x08003194   0x08003194   0x00000030   Code   RO         1015    i.System_Process    system.o
    0x080031c4   0x080031c4   0x00000098   Code   RO         1016    i.System_SetMode    system.o
    0x0800325c   0x0800325c   0x00000174   Code   RO         1017    i.System_UpdateDisplay  system.o
    0x080033d0   0x080033d0   0x00000078   Code   RO         2900    i.TIM_Base_SetConfig  stm32f1xx_hal_tim.o
    0x08003448   0x08003448   0x0000001a   Code   RO         2901    i.TIM_CCxChannelCmd  stm32f1xx_hal_tim.o
    0x08003462   0x08003462   0x00000014   Code   RO         2911    i.TIM_ETR_SetConfig  stm32f1xx_hal_tim.o
    0x08003476   0x08003476   0x00000010   Code   RO         2912    i.TIM_ITRx_SetConfig  stm32f1xx_hal_tim.o
    0x08003486   0x08003486   0x00000002   PAD
    0x08003488   0x08003488   0x00000050   Code   RO         2913    i.TIM_OC1_SetConfig  stm32f1xx_hal_tim.o
    0x080034d8   0x080034d8   0x00000058   Code   RO         2914    i.TIM_OC2_SetConfig  stm32f1xx_hal_tim.o
    0x08003530   0x08003530   0x00000058   Code   RO         2915    i.TIM_OC3_SetConfig  stm32f1xx_hal_tim.o
    0x08003588   0x08003588   0x00000044   Code   RO         2916    i.TIM_OC4_SetConfig  stm32f1xx_hal_tim.o
    0x080035cc   0x080035cc   0x00000022   Code   RO         2918    i.TIM_TI1_ConfigInputStage  stm32f1xx_hal_tim.o
    0x080035ee   0x080035ee   0x00000024   Code   RO         2920    i.TIM_TI2_ConfigInputStage  stm32f1xx_hal_tim.o
    0x08003612   0x08003612   0x00000002   PAD
    0x08003614   0x08003614   0x00000070   Code   RO          479    i.TempSensor_GetTemp  temp_sensor.o
    0x08003684   0x08003684   0x00000002   Code   RO          844    i.UsageFault_Handler  stm32f1xx_it.o
    0x08003686   0x08003686   0x00000026   Code   RO         3937    i.__ARM_fpclassifyf  m_ws.l(fpclassifyf.o)
    0x080036ac   0x080036ac   0x00000020   Code   RO         1881    i.__NVIC_SetPriority  stm32f1xx_hal_cortex.o
    0x080036cc   0x080036cc   0x000000aa   Code   RO         3953    i.__kernel_poly     m_ws.l(poly.o)
    0x08003776   0x08003776   0x00000002   PAD
    0x08003778   0x08003778   0x00000010   Code   RO         3923    i.__mathlib_dbl_divzero  m_ws.l(dunder.o)
    0x08003788   0x08003788   0x00000006   Code   RO         3924    i.__mathlib_dbl_infnan  m_ws.l(dunder.o)
    0x0800378e   0x0800378e   0x0000000c   Code   RO         3926    i.__mathlib_dbl_invalid  m_ws.l(dunder.o)
    0x0800379a   0x0800379a   0x00000004   Code   RO         3941    i.__mathlib_flt_infnan2  m_ws.l(funder.o)
    0x0800379e   0x0800379e   0x0000000a   Code   RO         3945    i.__mathlib_flt_underflow  m_ws.l(funder.o)
    0x080037a8   0x080037a8   0x000002a4   Code   RO         3858    i.atan2f            m_ws.l(atan2f.o)
    0x08003a4c   0x08003a4c   0x0000035c   Code   RO         3866    i.log               m_ws.l(log.o)
    0x08003da8   0x08003da8   0x00000034   Code   RO          574    i.main              main.o
    0x08003ddc   0x08003ddc   0x0000002c   Code   RO         3876    i.sqrtf             m_ws.l(sqrtf.o)
    0x08003e08   0x08003e08   0x00000062   Code   RO         3823    x$fpl$d2f           fz_ws.l(d2f.o)
    0x08003e6a   0x08003e6a   0x00000002   PAD
    0x08003e6c   0x08003e6c   0x00000150   Code   RO         3886    x$fpl$dadd          fz_ws.l(daddsub_clz.o)
    0x08003fbc   0x08003fbc   0x00000010   Code   RO         3976    x$fpl$dcheck1       fz_ws.l(dcheck1.o)
    0x08003fcc   0x08003fcc   0x00000018   Code   RO         3978    x$fpl$dcmpinf       fz_ws.l(dcmpi.o)
    0x08003fe4   0x08003fe4   0x000002b0   Code   RO         3893    x$fpl$ddiv          fz_ws.l(ddiv.o)
    0x08004294   0x08004294   0x00000078   Code   RO         3896    x$fpl$deqf          fz_ws.l(deqf.o)
    0x0800430c   0x0800430c   0x0000002e   Code   RO         3899    x$fpl$dflt          fz_ws.l(dflt_clz.o)
    0x0800433a   0x0800433a   0x00000002   PAD
    0x0800433c   0x0800433c   0x00000154   Code   RO         3904    x$fpl$dmul          fz_ws.l(dmul.o)
    0x08004490   0x08004490   0x0000009c   Code   RO         3906    x$fpl$dnaninf       fz_ws.l(dnaninf.o)
    0x0800452c   0x0800452c   0x0000000c   Code   RO         3908    x$fpl$dretinf       fz_ws.l(dretinf.o)
    0x08004538   0x08004538   0x00000016   Code   RO         3887    x$fpl$drsb          fz_ws.l(daddsub_clz.o)
    0x0800454e   0x0800454e   0x00000002   PAD
    0x08004550   0x08004550   0x000001d4   Code   RO         3888    x$fpl$dsub          fz_ws.l(daddsub_clz.o)
    0x08004724   0x08004724   0x00000056   Code   RO         3825    x$fpl$f2d           fz_ws.l(f2d.o)
    0x0800477a   0x0800477a   0x00000002   PAD
    0x0800477c   0x0800477c   0x000000c4   Code   RO         3827    x$fpl$fadd          fz_ws.l(faddsub_clz.o)
    0x08004840   0x08004840   0x0000000c   Code   RO         3910    x$fpl$fcheck1       fz_ws.l(fcheck1.o)
    0x0800484c   0x0800484c   0x00000018   Code   RO         3980    x$fpl$fcmpinf       fz_ws.l(fcmpi.o)
    0x08004864   0x08004864   0x00000184   Code   RO         3834    x$fpl$fdiv          fz_ws.l(fdiv.o)
    0x080049e8   0x080049e8   0x00000036   Code   RO         3837    x$fpl$ffix          fz_ws.l(ffix.o)
    0x08004a1e   0x08004a1e   0x00000002   PAD
    0x08004a20   0x08004a20   0x0000003e   Code   RO         3841    x$fpl$ffixu         fz_ws.l(ffixu.o)
    0x08004a5e   0x08004a5e   0x00000002   PAD
    0x08004a60   0x08004a60   0x00000030   Code   RO         3846    x$fpl$fflt          fz_ws.l(fflt_clz.o)
    0x08004a90   0x08004a90   0x00000026   Code   RO         3845    x$fpl$ffltu         fz_ws.l(fflt_clz.o)
    0x08004ab6   0x08004ab6   0x00000002   PAD
    0x08004ab8   0x08004ab8   0x00000068   Code   RO         3912    x$fpl$fleqf         fz_ws.l(fleqf.o)
    0x08004b20   0x08004b20   0x00000102   Code   RO         3851    x$fpl$fmul          fz_ws.l(fmul.o)
    0x08004c22   0x08004c22   0x0000008c   Code   RO         3914    x$fpl$fnaninf       fz_ws.l(fnaninf.o)
    0x08004cae   0x08004cae   0x0000000a   Code   RO         3916    x$fpl$fretinf       fz_ws.l(fretinf.o)
    0x08004cb8   0x08004cb8   0x00000062   Code   RO         3853    x$fpl$frleqf        fz_ws.l(frleqf.o)
    0x08004d1a   0x08004d1a   0x00000014   Code   RO         3828    x$fpl$frsb          fz_ws.l(faddsub_clz.o)
    0x08004d2e   0x08004d2e   0x00000002   PAD
    0x08004d30   0x08004d30   0x00000110   Code   RO         3918    x$fpl$fsqrt         fz_ws.l(fsqrt.o)
    0x08004e40   0x08004e40   0x000000ea   Code   RO         3829    x$fpl$fsub          fz_ws.l(faddsub_clz.o)
    0x08004f2a   0x08004f2a   0x00000064   Code   RO         3982    x$fpl$retnan        fz_ws.l(retnan.o)
    0x08004f8e   0x08004f8e   0x0000005c   Code   RO         3920    x$fpl$scalbn        fz_ws.l(scalbn.o)
    0x08004fea   0x08004fea   0x0000004c   Code   RO         3855    x$fpl$scalbnf       fz_ws.l(scalbnf.o)
    0x08005036   0x08005036   0x00000030   Code   RO         3997    x$fpl$trapveneer    fz_ws.l(trapv.o)
    0x08005066   0x08005066   0x00000000   Code   RO         3922    x$fpl$usenofp       fz_ws.l(usenofp.o)
    0x08005066   0x08005066   0x000005f0   Data   RO          196    .constdata          oled.o
    0x08005656   0x08005656   0x00000002   PAD
    0x08005658   0x08005658   0x00000018   Data   RO          328    .constdata          button.o
    0x08005670   0x08005670   0x0000000a   Data   RO          524    .constdata          mpu6050.o
    0x0800567a   0x0800567a   0x00000012   Data   RO         1579    .constdata          stm32f1xx_hal_rcc.o
    0x0800568c   0x0800568c   0x00000010   Data   RO         3780    .constdata          system_stm32f1xx.o
    0x0800569c   0x0800569c   0x00000008   Data   RO         3781    .constdata          system_stm32f1xx.o
    0x080056a4   0x080056a4   0x00000004   PAD
    0x080056a8   0x080056a8   0x00000038   Data   RO         3867    .constdata          m_ws.l(log.o)
    0x080056e0   0x080056e0   0x00000008   Data   RO         3955    .constdata          m_ws.l(qnan.o)
    0x080056e8   0x080056e8   0x00000020   Data   RO         4125    Region$$Table       anon$$obj.o


    Execution Region RW_IRAM1 (Exec base: 0x20000000, Load base: 0x08005708, Size: 0x000008a0, Max: 0x00005000, ABSOLUTE)

    Exec Addr    Load Addr    Size         Type   Attr      Idx    E Section Name        Object

    0x20000000   0x08005708   0x00000004   Data   RW          329    .data               button.o
    0x20000004   0x0800570c   0x00000006   Data   RW          378    .data               encoder.o
    0x2000000a   0x08005712   0x0000000c   Data   RW          525    .data               mpu6050.o
    0x20000016   0x0800571e   0x00000002   PAD
    0x20000018   0x08005720   0x0000000c   Data   RW          649    .data               adc.o
    0x20000024   0x0800572c   0x00000001   Data   RW          966    .data               servo.o
    0x20000025   0x0800572d   0x00000003   PAD
    0x20000028   0x08005730   0x00000028   Data   RW         1018    .data               system.o
    0x20000050   0x08005758   0x0000000c   Data   RW         1416    .data               stm32f1xx_hal.o
    0x2000005c   0x08005764   0x00000004   Data   RW         3782    .data               system_stm32f1xx.o
    0x20000060        -       0x00000030   Zero   RW          327    .bss                button.o
    0x20000090        -       0x00000074   Zero   RW          648    .bss                adc.o
    0x20000104        -       0x000000a8   Zero   RW          721    .bss                i2c.o
    0x200001ac        -       0x00000090   Zero   RW          772    .bss                tim.o
    0x2000023c        -       0x00000060   Zero   RW         3985    .bss                c_w.l(libspace.o)
    0x2000029c   0x08005768   0x00000004   PAD
    0x200002a0        -       0x00000200   Zero   RW            2    HEAP                startup_stm32f103xb.o
    0x200004a0        -       0x00000400   Zero   RW            1    STACK               startup_stm32f103xb.o


==============================================================================

Image component sizes


      Code (inc. data)   RO Data    RW Data    ZI Data      Debug   Object Name

       288         44          0         12        116       2366   adc.o
        54         12          0          0          0       1545   beeper.o
       256         24         24          4         48       2897   button.o
        44          4          0          0          0        734   dma.o
       108         26          0          6          0       2482   encoder.o
       252         16          0          0          0        983   gpio.o
       280         46          0          0        168       2218   i2c.o
        92         24          0          0          0     442817   led.o
        28          4          0          0          0        485   light_sensor.o
       176          0          0          0          0       3176   main.o
       376         28         10         12          0       4548   mpu6050.o
       670         18       1520          0          0       7341   oled.o
        68         12          0          1          0       1430   servo.o
        64         26        236          0       1536        800   startup_stm32f103xb.o
       164         28          0         12          0       5805   stm32f1xx_hal.o
      1132         56          0          0          0       7875   stm32f1xx_hal_adc.o
       198         14          0          0          0      28867   stm32f1xx_hal_cortex.o
       586         32          0          0          0       3535   stm32f1xx_hal_dma.o
       540         40          0          0          0       4655   stm32f1xx_hal_gpio.o
      2838         72          0          0          0      14820   stm32f1xx_hal_i2c.o
        60          8          0          0          0        846   stm32f1xx_hal_msp.o
      1208         72         18          0          0       4489   stm32f1xx_hal_rcc.o
       236         12          0          0          0       1356   stm32f1xx_hal_rcc_ex.o
      1644         44          0          0          0      14019   stm32f1xx_hal_tim.o
       188         12          0          0          0       2108   stm32f1xx_hal_tim_ex.o
        58          6          0          0          0       5883   stm32f1xx_it.o
      1156        216          0         40          0       4522   system.o
         2          0         24          4          0       1083   system_stm32f1xx.o
       112         26          0          0          0       1237   temp_sensor.o
       516         52          0          0        144       3539   tim.o

    ----------------------------------------------------------------------
     13418        974       1870         96       2012     578461   Object Totals
         0          0         32          0          0          0   (incl. Generated)
        24          0          6          5          0          0   (incl. Padding)

    ----------------------------------------------------------------------

      Code (inc. data)   RO Data    RW Data    ZI Data      Debug   Library Member Name

         8          0          0          0          0         68   __main.o
         0          0          0          0          0          0   __rtentry.o
        12          0          0          0          0          0   __rtentry2.o
         6          0          0          0          0          0   __rtentry4.o
        52          8          0          0          0          0   __scatter.o
        26          0          0          0          0          0   __scatter_copy.o
        28          0          0          0          0          0   __scatter_zi.o
        22          0          0          0          0        100   _rserrno.o
        18          0          0          0          0         80   exit.o
         6          0          0          0          0        152   heapauxi.o
         0          0          0          0          0          0   indicate_semi.o
         2          0          0          0          0          0   libinit.o
         2          0          0          0          0          0   libinit2.o
         2          0          0          0          0          0   libshutdown.o
         2          0          0          0          0          0   libshutdown2.o
         8          4          0          0         96         68   libspace.o
         8          4          0          0          0         68   rt_errno_addr_intlibspace.o
        78          0          0          0          0         80   rt_memclr_w.o
         2          0          0          0          0          0   rtexit.o
        10          0          0          0          0          0   rtexit2.o
        12          4          0          0          0         68   sys_exit.o
        74          0          0          0          0         80   sys_stackheap_outer.o
         2          0          0          0          0         68   use_no_semi.o
        98          4          0          0          0         92   d2f.o
       826         16          0          0          0        348   daddsub_clz.o
        16          4          0          0          0         68   dcheck1.o
        24          0          0          0          0         68   dcmpi.o
       688        140          0          0          0        208   ddiv.o
       120          4          0          0          0         92   deqf.o
        46          0          0          0          0         68   dflt_clz.o
       340         12          0          0          0        104   dmul.o
       156          4          0          0          0         92   dnaninf.o
        12          0          0          0          0         68   dretinf.o
        86          4          0          0          0         84   f2d.o
       450          8          0          0          0        236   faddsub_clz.o
        12          4          0          0          0         68   fcheck1.o
        24          0          0          0          0         68   fcmpi.o
       388         76          0          0          0         96   fdiv.o
        54          4          0          0          0         84   ffix.o
        62          4          0          0          0         84   ffixu.o
        86          0          0          0          0        136   fflt_clz.o
       104          4          0          0          0         84   fleqf.o
       258          4          0          0          0         84   fmul.o
       140          4          0          0          0         84   fnaninf.o
        10          0          0          0          0         68   fretinf.o
        98          0          0          0          0         68   frleqf.o
       272        100          0          0          0         88   fsqrt.o
       100          0          0          0          0         68   retnan.o
        92          0          0          0          0         68   scalbn.o
        76          0          0          0          0         68   scalbnf.o
        48          0          0          0          0         68   trapv.o
         0          0          0          0          0          0   usenofp.o
       676         78          0          0          0        116   atan2f.o
        34          4          0          0          0        204   dunder.o
        38          0          0          0          0         68   fpclassifyf.o
        14          0          0          0          0        136   funder.o
       860         52         56          0          0        256   log.o
       170          0          0          0          0         96   poly.o
         0          0          8          0          0          0   qnan.o
        44          0          0          0          0         80   sqrtf.o

    ----------------------------------------------------------------------
      6928        550         64          0        100       4600   Library Totals
        26          0          0          0          4          0   (incl. Padding)

    ----------------------------------------------------------------------

      Code (inc. data)   RO Data    RW Data    ZI Data      Debug   Library Name

       380         20          0          0         96        832   c_w.l
      4686        396          0          0          0       2812   fz_ws.l
      1836        134         64          0          0        956   m_ws.l

    ----------------------------------------------------------------------
      6928        550         64          0        100       4600   Library Totals

    ----------------------------------------------------------------------

==============================================================================


      Code (inc. data)   RO Data    RW Data    ZI Data      Debug   

     20346       1524       1934         96       2112     573489   Grand Totals
     20346       1524       1934         96       2112     573489   ELF Image Totals
     20346       1524       1934         96          0          0   ROM Totals

==============================================================================

    Total RO  Size (Code + RO Data)                22280 (  21.76kB)
    Total RW  Size (RW Data + ZI Data)              2208 (   2.16kB)
    Total ROM Size (Code + RO Data + RW Data)      22376 (  21.85kB)

==============================================================================

