Component: ARM Compiler 5.06 update 7 (build 960) Tool: armlink [4d3601]

==============================================================================

Section Cross References

    startup_stm32f103xb.o(STACK) refers (Special) to heapauxi.o(.text) for __use_two_region_memory
    startup_stm32f103xb.o(HEAP) refers (Special) to heapauxi.o(.text) for __use_two_region_memory
    startup_stm32f103xb.o(RESET) refers (Special) to heapauxi.o(.text) for __use_two_region_memory
    startup_stm32f103xb.o(RESET) refers to startup_stm32f103xb.o(STACK) for __initial_sp
    startup_stm32f103xb.o(RESET) refers to startup_stm32f103xb.o(.text) for Reset_Handler
    startup_stm32f103xb.o(RESET) refers to stm32f1xx_it.o(i.NMI_Handler) for NMI_Handler
    startup_stm32f103xb.o(RESET) refers to stm32f1xx_it.o(i.HardFault_Handler) for HardFault_Handler
    startup_stm32f103xb.o(RESET) refers to stm32f1xx_it.o(i.MemManage_Handler) for MemManage_Handler
    startup_stm32f103xb.o(RESET) refers to stm32f1xx_it.o(i.BusFault_Handler) for BusFault_Handler
    startup_stm32f103xb.o(RESET) refers to stm32f1xx_it.o(i.UsageFault_Handler) for UsageFault_Handler
    startup_stm32f103xb.o(RESET) refers to stm32f1xx_it.o(i.SVC_Handler) for SVC_Handler
    startup_stm32f103xb.o(RESET) refers to stm32f1xx_it.o(i.DebugMon_Handler) for DebugMon_Handler
    startup_stm32f103xb.o(RESET) refers to stm32f1xx_it.o(i.PendSV_Handler) for PendSV_Handler
    startup_stm32f103xb.o(RESET) refers to stm32f1xx_it.o(i.SysTick_Handler) for SysTick_Handler
    startup_stm32f103xb.o(RESET) refers to stm32f1xx_it.o(i.EXTI0_IRQHandler) for EXTI0_IRQHandler
    startup_stm32f103xb.o(RESET) refers to stm32f1xx_it.o(i.EXTI1_IRQHandler) for EXTI1_IRQHandler
    startup_stm32f103xb.o(RESET) refers to stm32f1xx_it.o(i.DMA1_Channel1_IRQHandler) for DMA1_Channel1_IRQHandler
    startup_stm32f103xb.o(RESET) refers to stm32f1xx_it.o(i.EXTI9_5_IRQHandler) for EXTI9_5_IRQHandler
    startup_stm32f103xb.o(RESET) refers to stm32f1xx_it.o(i.EXTI15_10_IRQHandler) for EXTI15_10_IRQHandler
    startup_stm32f103xb.o(.text) refers (Special) to heapauxi.o(.text) for __use_two_region_memory
    startup_stm32f103xb.o(.text) refers to system_stm32f1xx.o(i.SystemInit) for SystemInit
    startup_stm32f103xb.o(.text) refers to __main.o(!!!main) for __main
    startup_stm32f103xb.o(.text) refers to startup_stm32f103xb.o(HEAP) for Heap_Mem
    startup_stm32f103xb.o(.text) refers to startup_stm32f103xb.o(STACK) for Stack_Mem
    led.o(i.LED_AlarmStatus) refers to led.o(i.LED_Toggle) for LED_Toggle
    led.o(i.LED_AllOff) refers to stm32f1xx_hal_gpio.o(i.HAL_GPIO_WritePin) for HAL_GPIO_WritePin
    led.o(i.LED_AllOn) refers to stm32f1xx_hal_gpio.o(i.HAL_GPIO_WritePin) for HAL_GPIO_WritePin
    led.o(i.LED_DataCollecting) refers to led.o(i.LED_On) for LED_On
    led.o(i.LED_Off) refers to stm32f1xx_hal_gpio.o(i.HAL_GPIO_WritePin) for HAL_GPIO_WritePin
    led.o(i.LED_On) refers to stm32f1xx_hal_gpio.o(i.HAL_GPIO_WritePin) for HAL_GPIO_WritePin
    led.o(i.LED_SettingMode) refers to led.o(i.LED_On) for LED_On
    led.o(i.LED_SystemRunning) refers to led.o(i.LED_Toggle) for LED_Toggle
    led.o(i.LED_Toggle) refers to stm32f1xx_hal_gpio.o(i.HAL_GPIO_TogglePin) for HAL_GPIO_TogglePin
    oled.o(i.OLED_Clear) refers to oled.o(i.OLED_SetCursor) for OLED_SetCursor
    oled.o(i.OLED_Clear) refers to oled.o(i.OLED_WriteData) for OLED_WriteData
    oled.o(i.OLED_Init) refers to oled.o(i.OLED_WriteCommand) for OLED_WriteCommand
    oled.o(i.OLED_Init) refers to oled.o(i.OLED_Clear) for OLED_Clear
    oled.o(i.OLED_SetCursor) refers to oled.o(i.OLED_WriteCommand) for OLED_WriteCommand
    oled.o(i.OLED_ShowBinNum) refers to oled.o(i.OLED_Pow) for OLED_Pow
    oled.o(i.OLED_ShowBinNum) refers to oled.o(i.OLED_ShowChar) for OLED_ShowChar
    oled.o(i.OLED_ShowChar) refers to oled.o(i.OLED_SetCursor) for OLED_SetCursor
    oled.o(i.OLED_ShowChar) refers to oled.o(i.OLED_WriteData) for OLED_WriteData
    oled.o(i.OLED_ShowChar) refers to oled.o(.constdata) for .constdata
    oled.o(i.OLED_ShowHexNum) refers to oled.o(i.OLED_Pow) for OLED_Pow
    oled.o(i.OLED_ShowHexNum) refers to oled.o(i.OLED_ShowChar) for OLED_ShowChar
    oled.o(i.OLED_ShowNum) refers to oled.o(i.OLED_Pow) for OLED_Pow
    oled.o(i.OLED_ShowNum) refers to oled.o(i.OLED_ShowChar) for OLED_ShowChar
    oled.o(i.OLED_ShowSignedNum) refers to oled.o(i.OLED_ShowChar) for OLED_ShowChar
    oled.o(i.OLED_ShowSignedNum) refers to oled.o(i.OLED_Pow) for OLED_Pow
    oled.o(i.OLED_ShowString) refers to oled.o(i.OLED_ShowChar) for OLED_ShowChar
    oled.o(i.OLED_WriteCommand) refers to stm32f1xx_hal_i2c.o(i.HAL_I2C_Master_Transmit) for HAL_I2C_Master_Transmit
    oled.o(i.OLED_WriteCommand) refers to i2c.o(.bss) for hi2c1
    oled.o(i.OLED_WriteData) refers to stm32f1xx_hal_i2c.o(i.HAL_I2C_Master_Transmit) for HAL_I2C_Master_Transmit
    oled.o(i.OLED_WriteData) refers to i2c.o(.bss) for hi2c1
[...]
    ../clib/angel/scatter.s                  0x00000000   Number         0  __scatter.o ABSOLUTE
    ../clib/angel/startup.s                  0x00000000   Number         0  __main.o ABSOLUTE
    ../clib/angel/sys.s                      0x00000000   Number         0  libspace.o ABSOLUTE
    ../clib/angel/sys.s                      0x00000000   Number         0  sys_stackheap_outer.o ABSOLUTE
    ../clib/angel/sys.s                      0x00000000   Number         0  use_no_semi.o ABSOLUTE
    ../clib/angel/sys.s                      0x00000000   Number         0  indicate_semi.o ABSOLUTE
    ../clib/angel/sysapp.c                   0x00000000   Number         0  sys_command.o ABSOLUTE
    ../clib/angel/sysapp.c                   0x00000000   Number         0  sys_exit.o ABSOLUTE
    ../clib/angel/sysapp.c                   0x00000000   Number         0  sys_wrch.o ABSOLUTE
    ../clib/armsys.c                         0x00000000   Number         0  no_argv.o ABSOLUTE
    ../clib/armsys.c                         0x00000000   Number         0  _get_argv_nomalloc.o ABSOLUTE
    ../clib/armsys.c                         0x00000000   Number         0  argv_veneer.o ABSOLUTE
    ../clib/armsys.c                         0x00000000   Number         0  argv_veneer.o ABSOLUTE
    ../clib/fenv.c                           0x00000000   Number         0  _rserrno.o ABSOLUTE
    ../clib/heapalloc.c                      0x00000000   Number         0  hrguard.o ABSOLUTE
    ../clib/heapaux.c                        0x00000000   Number         0  heapauxi.o ABSOLUTE
    ../clib/libinit.s                        0x00000000   Number         0  libshutdown.o ABSOLUTE
    ../clib/libinit.s                        0x00000000   Number         0  libshutdown2.o ABSOLUTE
    ../clib/libinit.s                        0x00000000   Number         0  libinit2.o ABSOLUTE
    ../clib/libinit.s                        0x00000000   Number         0  libinit.o ABSOLUTE
    ../clib/longlong.s                       0x00000000   Number         0  llushr.o ABSOLUTE
    ../clib/memcpset.s                       0x00000000   Number         0  rt_memclr_w.o ABSOLUTE
    ../clib/signal.c                         0x00000000   Number         0  defsig_rtmem_inner.o ABSOLUTE
    ../clib/signal.c                         0x00000000   Number         0  __raise.o ABSOLUTE
    ../clib/signal.c                         0x00000000   Number         0  defsig_general.o ABSOLUTE
    ../clib/signal.c                         0x00000000   Number         0  defsig_other.o ABSOLUTE
    ../clib/signal.c                         0x00000000   Number         0  defsig_abrt_inner.o ABSOLUTE
    ../clib/signal.c                         0x00000000   Number         0  defsig_rtmem_formal.o ABSOLUTE
    ../clib/signal.c                         0x00000000   Number         0  defsig_segv_inner.o ABSOLUTE
    ../clib/signal.c                         0x00000000   Number         0  defsig_fpe_inner.o ABSOLUTE
    ../clib/signal.c                         0x00000000   Number         0  defsig_pvfn_inner.o ABSOLUTE
    ../clib/signal.c                         0x00000000   Number         0  defsig_stak_inner.o ABSOLUTE
    ../clib/signal.c                         0x00000000   Number         0  defsig_rtred_inner.o ABSOLUTE
    ../clib/signal.c                         0x00000000   Number         0  defsig_rtmem_outer.o ABSOLUTE
    ../clib/signal.c                         0x00000000   Number         0  defsig_exit.o ABSOLUTE
    ../clib/signal.c                         0x00000000   Number         0  defsig_cppl_inner.o ABSOLUTE
    ../clib/signal.s                         0x00000000   Number         0  defsig.o ABSOLUTE
    ../clib/stdlib.c                         0x00000000   Number         0  exit.o ABSOLUTE
    ../fplib/d2f.s                           0x00000000   Number         0  d2f.o ABSOLUTE
    ../fplib/daddsub.s                       0x00000000   Number         0  daddsub_clz.o ABSOLUTE
    ../fplib/dcheck1.s                       0x00000000   Number         0  dcheck1.o ABSOLUTE
    ../fplib/dcmpi.s                         0x00000000   Number         0  dcmpi.o ABSOLUTE
    ../fplib/ddiv.s                          0x00000000   Number         0  ddiv.o ABSOLUTE
    ../fplib/deqf.s                          0x00000000   Number         0  deqf.o ABSOLUTE
    ../fplib/dflt.s                          0x00000000   Number         0  dflt_clz.o ABSOLUTE
    ../fplib/dmul.s                          0x00000000   Number         0  dmul.o ABSOLUTE
    ../fplib/dnaninf.s                       0x00000000   Number         0  dnaninf.o ABSOLUTE
    ../fplib/dretinf.s                       0x00000000   Number         0  dretinf.o ABSOLUTE
    ../fplib/f2d.s                           0x00000000   Number         0  f2d.o ABSOLUTE
    ../fplib/faddsub.s                       0x00000000   Number         0  faddsub_clz.o ABSOLUTE
    ../fplib/fdiv.s                          0x00000000   Number         0  fdiv.o ABSOLUTE
    ../fplib/ffixu.s                         0x00000000   Number         0  ffixu.o ABSOLUTE
    ../fplib/fflt.s                          0x00000000   Number         0  fflt_clz.o ABSOLUTE
    ../fplib/fnaninf.s                       0x00000000   Number         0  fnaninf.o ABSOLUTE
    ../fplib/fpinit.s                        0x00000000   Number         0  fpinit.o ABSOLUTE
    ../fplib/fretinf.s                       0x00000000   Number         0  fretinf.o ABSOLUTE
    ../fplib/retnan.s                        0x00000000   Number         0  retnan.o ABSOLUTE
    ../fplib/scalbn.s                        0x00000000   Number         0  scalbn.o ABSOLUTE
    ../fplib/trapv.s                         0x00000000   Number         0  trapv.o ABSOLUTE
    ../fplib/usenofp.s                       0x00000000   Number         0  usenofp.o ABSOLUTE
    ../mathlib/dunder.c                      0x00000000   Number         0  dunder.o ABSOLUTE
    ../mathlib/log.c                         0x00000000   Number         0  log.o ABSOLUTE
    ../mathlib/log.c                         0x00000000   Number         0  log_x.o ABSOLUTE
    ../mathlib/poly.c                        0x00000000   Number         0  poly.o ABSOLUTE
    ../mathlib/qnan.c                        0x00000000   Number         0  qnan.o ABSOLUTE
    ..\Core\Src\Beeper.c                     0x00000000   Number         0  beeper.o ABSOLUTE
    ..\Core\Src\Button.c                     0x00000000   Number         0  button.o ABSOLUTE
    ..\Core\Src\Encoder.c                    0x00000000   Number         0  encoder.o ABSOLUTE
    ..\Core\Src\OLED.c                       0x00000000   Number         0  oled.o ABSOLUTE
    ..\Core\Src\adc.c                        0x00000000   Number         0  adc.o ABSOLUTE
    ..\Core\Src\dma.c                        0x00000000   Number         0  dma.o ABSOLUTE
    ..\Core\Src\gpio.c                       0x00000000   Number         0  gpio.o ABSOLUTE
    ..\Core\Src\i2c.c                        0x00000000   Number         0  i2c.o ABSOLUTE
    ..\Core\Src\led.c                        0x00000000   Number         0  led.o ABSOLUTE
    ..\Core\Src\light_sensor.c               0x00000000   Number         0  light_sensor.o ABSOLUTE
    ..\Core\Src\main.c                       0x00000000   Number         0  main.o ABSOLUTE
    ..\Core\Src\stm32f1xx_hal_msp.c          0x00000000   Number         0  stm32f1xx_hal_msp.o ABSOLUTE
    ..\Core\Src\stm32f1xx_it.c               0x00000000   Number         0  stm32f1xx_it.o ABSOLUTE
    ..\Core\Src\system_stm32f1xx.c           0x00000000   Number         0  system_stm32f1xx.o ABSOLUTE
    ..\Core\Src\temp_sensor.c                0x00000000   Number         0  temp_sensor.o ABSOLUTE
    ..\Core\Src\tim.c                        0x00000000   Number         0  tim.o ABSOLUTE
    ..\Drivers\STM32F1xx_HAL_Driver\Src\stm32f1xx_hal.c 0x00000000   Number         0  stm32f1xx_hal.o ABSOLUTE
    ..\Drivers\STM32F1xx_HAL_Driver\Src\stm32f1xx_hal_adc.c 0x00000000   Number         0  stm32f1xx_hal_adc.o ABSOLUTE
    ..\Drivers\STM32F1xx_HAL_Driver\Src\stm32f1xx_hal_adc_ex.c 0x00000000   Number         0  stm32f1xx_hal_adc_ex.o ABSOLUTE
    ..\Drivers\STM32F1xx_HAL_Driver\Src\stm32f1xx_hal_cortex.c 0x00000000   Number         0  stm32f1xx_hal_cortex.o ABSOLUTE
    ..\Drivers\STM32F1xx_HAL_Driver\Src\stm32f1xx_hal_dma.c 0x00000000   Number         0  stm32f1xx_hal_dma.o ABSOLUTE
    ..\Drivers\STM32F1xx_HAL_Driver\Src\stm32f1xx_hal_exti.c 0x00000000   Number         0  stm32f1xx_hal_exti.o ABSOLUTE
    ..\Drivers\STM32F1xx_HAL_Driver\Src\stm32f1xx_hal_flash.c 0x00000000   Number         0  stm32f1xx_hal_flash.o ABSOLUTE
    ..\Drivers\STM32F1xx_HAL_Driver\Src\stm32f1xx_hal_flash_ex.c 0x00000000   Number         0  stm32f1xx_hal_flash_ex.o ABSOLUTE
    ..\Drivers\STM32F1xx_HAL_Driver\Src\stm32f1xx_hal_gpio.c 0x00000000   Number         0  stm32f1xx_hal_gpio.o ABSOLUTE
    ..\Drivers\STM32F1xx_HAL_Driver\Src\stm32f1xx_hal_gpio_ex.c 0x00000000   Number         0  stm32f1xx_hal_gpio_ex.o ABSOLUTE
    ..\Drivers\STM32F1xx_HAL_Driver\Src\stm32f1xx_hal_i2c.c 0x00000000   Number         0  stm32f1xx_hal_i2c.o ABSOLUTE
    ..\Drivers\STM32F1xx_HAL_Driver\Src\stm32f1xx_hal_pwr.c 0x00000000   Number         0  stm32f1xx_hal_pwr.o ABSOLUTE
    ..\Drivers\STM32F1xx_HAL_Driver\Src\stm32f1xx_hal_rcc.c 0x00000000   Number         0  stm32f1xx_hal_rcc.o ABSOLUTE
    ..\Drivers\STM32F1xx_HAL_Driver\Src\stm32f1xx_hal_rcc_ex.c 0x00000000   Number         0  stm32f1xx_hal_rcc_ex.o ABSOLUTE
    ..\Drivers\STM32F1xx_HAL_Driver\Src\stm32f1xx_hal_tim.c 0x00000000   Number         0  stm32f1xx_hal_tim.o ABSOLUTE
    ..\Drivers\STM32F1xx_HAL_Driver\Src\stm32f1xx_hal_tim_ex.c 0x00000000   Number         0  stm32f1xx_hal_tim_ex.o ABSOLUTE
    ..\\Core\\Src\\Beeper.c                  0x00000000   Number         0  beeper.o ABSOLUTE
    ..\\Core\\Src\\Button.c                  0x00000000   Number         0  button.o ABSOLUTE
    ..\\Core\\Src\\Encoder.c                 0x00000000   Number         0  encoder.o ABSOLUTE
    ..\\Core\\Src\\OLED.c                    0x00000000   Number         0  oled.o ABSOLUTE
    ..\\Core\\Src\\led.c                     0x00000000   Number         0  led.o ABSOLUTE
    ..\\Core\\Src\\light_sensor.c            0x00000000   Number         0  light_sensor.o ABSOLUTE
    ..\\Core\\Src\\temp_sensor.c             0x00000000   Number         0  temp_sensor.o ABSOLUTE
    dc.s                                     0x00000000   Number         0  dc.o ABSOLUTE
    startup_stm32f103xb.s                    0x00000000   Number         0  startup_stm32f103xb.o ABSOLUTE
    RESET                                    0x08000000   Section      236  startup_stm32f103xb.o(RESET)
    !!!main                                  0x080000ec   Section        8  __main.o(!!!main)
    !!!scatter                               0x080000f4   Section       52  __scatter.o(!!!scatter)
    !!handler_copy                           0x08000128   Section       26  __scatter_copy.o(!!handler_copy)
    !!handler_zi                             0x08000144   Section       28  __scatter_zi.o(!!handler_zi)
    .ARM.Collect$$libinit$$00000000          0x08000160   Section        2  libinit.o(.ARM.Collect$$libinit$$00000000)
    .ARM.Collect$$libinit$$00000002          0x08000162   Section        0  libinit2.o(.ARM.Collect$$libinit$$00000002)
    .ARM.Collect$$libinit$$00000004          0x08000162   Section        0  libinit2.o(.ARM.Collect$$libinit$$00000004)
    .ARM.Collect$$libinit$$0000000A          0x08000162   Section        0  libinit2.o(.ARM.Collect$$libinit$$0000000A)
    .ARM.Collect$$libinit$$0000000C          0x08000162   Section        0  libinit2.o(.ARM.Collect$$libinit$$0000000C)
    .ARM.Collect$$libinit$$0000000E          0x08000162   Section        0  libinit2.o(.ARM.Collect$$libinit$$0000000E)
    .ARM.Collect$$libinit$$00000011          0x08000162   Section        0  libinit2.o(.ARM.Collect$$libinit$$00000011)
    .ARM.Collect$$libinit$$00000013          0x08000162   Section        0  libinit2.o(.ARM.Collect$$libinit$$00000013)
    .ARM.Collect$$libinit$$00000015          0x08000162   Section        0  libinit2.o(.ARM.Collect$$libinit$$00000015)
    .ARM.Collect$$libinit$$00000017          0x08000162   Section        0  libinit2.o(.ARM.Collect$$libinit$$00000017)
    .ARM.Collect$$libinit$$00000019          0x08000162   Section        0  libinit2.o(.ARM.Collect$$libinit$$00000019)
    .ARM.Collect$$libinit$$0000001B          0x08000162   Section        0  libinit2.o(.ARM.Collect$$libinit$$0000001B)
    .ARM.Collect$$libinit$$0000001D          0x08000162   Section        0  libinit2.o(.ARM.Collect$$libinit$$0000001D)
    .ARM.Collect$$libinit$$0000001F          0x08000162   Section        0  libinit2.o(.ARM.Collect$$libinit$$0000001F)
    .ARM.Collect$$libinit$$00000021          0x08000162   Section        0  libinit2.o(.ARM.Collect$$libinit$$00000021)
    .ARM.Collect$$libinit$$00000023          0x08000162   Section        0  libinit2.o(.ARM.Collect$$libinit$$00000023)
    .ARM.Collect$$libinit$$00000025          0x08000162   Section        0  libinit2.o(.ARM.Collect$$libinit$$00000025)
    .ARM.Collect$$libinit$$0000002C          0x08000162   Section        0  libinit2.o(.ARM.Collect$$libinit$$0000002C)
    .ARM.Collect$$libinit$$0000002E          0x08000162   Section        0  libinit2.o(.ARM.Collect$$libinit$$0000002E)
    .ARM.Collect$$libinit$$00000030          0x08000162   Section        0  libinit2.o(.ARM.Collect$$libinit$$00000030)
    .ARM.Collect$$libinit$$00000032          0x08000162   Section        0  libinit2.o(.ARM.Collect$$libinit$$00000032)
    .ARM.Collect$$libinit$$00000033          0x08000162   Section        2  libinit2.o(.ARM.Collect$$libinit$$00000033)
    .ARM.Collect$$libshutdown$$00000000      0x08000164   Section        2  libshutdown.o(.ARM.Collect$$libshutdown$$00000000)
    .ARM.Collect$$libshutdown$$00000002      0x08000166   Section        0  libshutdown2.o(.ARM.Collect$$libshutdown$$00000002)
    .ARM.Collect$$libshutdown$$00000004      0x08000166   Section        0  libshutdown2.o(.ARM.Collect$$libshutdown$$00000004)
    .ARM.Collect$$libshutdown$$00000006      0x08000166   Section        0  libshutdown2.o(.ARM.Collect$$libshutdown$$00000006)
    .ARM.Collect$$libshutdown$$00000009      0x08000166   Section        0  libshutdown2.o(.ARM.Collect$$libshutdown$$00000009)
    .ARM.Collect$$libshutdown$$0000000C      0x08000166   Section        0  libshutdown2.o(.ARM.Collect$$libshutdown$$0000000C)
    .ARM.Collect$$libshutdown$$0000000E      0x08000166   Section        0  libshutdown2.o(.ARM.Collect$$libshutdown$$0000000E)
    .ARM.Collect$$libshutdown$$00000011      0x08000166   Section        0  libshutdown2.o(.ARM.Collect$$libshutdown$$00000011)
    .ARM.Collect$$libshutdown$$00000012      0x08000166   Section        2  libshutdown2.o(.ARM.Collect$$libshutdown$$00000012)
    .ARM.Collect$$rtentry$$00000000          0x08000168   Section        0  __rtentry.o(.ARM.Collect$$rtentry$$00000000)
    .ARM.Collect$$rtentry$$00000002          0x08000168   Section        0  __rtentry2.o(.ARM.Collect$$rtentry$$00000002)
    .ARM.Collect$$rtentry$$00000004          0x08000168   Section        6  __rtentry4.o(.ARM.Collect$$rtentry$$00000004)
    .ARM.Collect$$rtentry$$00000009          0x0800016e   Section        0  __rtentry2.o(.ARM.Collect$$rtentry$$00000009)
    .ARM.Collect$$rtentry$$0000000A          0x0800016e   Section        4  __rtentry2.o(.ARM.Collect$$rtentry$$0000000A)
    .ARM.Collect$$rtentry$$0000000C          0x08000172   Section        0  __rtentry2.o(.ARM.Collect$$rtentry$$0000000C)
    .ARM.Collect$$rtentry$$0000000D          0x08000172   Section        8  __rtentry2.o(.ARM.Collect$$rtentry$$0000000D)
    .ARM.Collect$$rtexit$$00000000           0x0800017a   Section        2  rtexit.o(.ARM.Collect$$rtexit$$00000000)
    .ARM.Collect$$rtexit$$00000002           0x0800017c   Section        0  rtexit2.o(.ARM.Collect$$rtexit$$00000002)
    .ARM.Collect$$rtexit$$00000003           0x0800017c   Section        4  rtexit2.o(.ARM.Collect$$rtexit$$00000003)
    .ARM.Collect$$rtexit$$00000004           0x08000180   Section        6  rtexit2.o(.ARM.Collect$$rtexit$$00000004)
    .text                                    0x08000188   Section       64  startup_stm32f103xb.o(.text)
    .text                                    0x080001c8   Section       78  rt_memclr_w.o(.text)
    .text                                    0x08000216   Section        0  heapauxi.o(.text)
    .text                                    0x0800021c   Section        0  _rserrno.o(.text)
    .text                                    0x08000234   Section        8  rt_errno_addr_intlibspace.o(.text)
    .text                                    0x0800023c   Section        8  libspace.o(.text)
    .text                                    0x08000244   Section       74  sys_stackheap_outer.o(.text)
    .text                                    0x0800028e   Section        0  exit.o(.text)
    .text                                    0x080002a0   Section        0  sys_exit.o(.text)
    .text                                    0x080002ac   Section        2  use_no_semi.o(.text)
    .text                                    0x080002ae   Section        0  indicate_semi.o(.text)
    i.ADC_ConversionStop_Disable             0x080002b0   Section        0  stm32f1xx_hal_adc.o(i.ADC_ConversionStop_Disable)
    i.ADC_DMAConvCplt                        0x08000306   Section        0  stm32f1xx_hal_adc.o(i.ADC_DMAConvCplt)
    i.ADC_DMAError                           0x08000354   Section        0  stm32f1xx_hal_adc.o(i.ADC_DMAError)
    i.ADC_DMAHalfConvCplt                    0x0800036e   Section        0  stm32f1xx_hal_adc.o(i.ADC_DMAHalfConvCplt)
    i.ADC_Enable                             0x08000378   Section        0  stm32f1xx_hal_adc.o(i.ADC_Enable)
    i.BusFault_Handler                       0x080003f4   Section        0  stm32f1xx_it.o(i.BusFault_Handler)
    i.DMA1_Channel1_IRQHandler               0x080003f8   Section        0  stm32f1xx_it.o(i.DMA1_Channel1_IRQHandler)
    i.DMA_SetConfig                          0x08000404   Section        0  stm32f1xx_hal_dma.o(i.DMA_SetConfig)
    DMA_SetConfig                            0x08000405   Thumb Code    42  stm32f1xx_hal_dma.o(i.DMA_SetConfig)
    i.DebugMon_Handler                       0x0800042e   Section        0  stm32f1xx_it.o(i.DebugMon_Handler)
    i.EXTI0_IRQHandler                       0x08000430   Section        0  stm32f1xx_it.o(i.EXTI0_IRQHandler)
    i.EXTI15_10_IRQHandler                   0x08000436   Section        0  stm32f1xx_it.o(i.EXTI15_10_IRQHandler)
    i.EXTI1_IRQHandler                       0x0800043e   Section        0  stm32f1xx_it.o(i.EXTI1_IRQHandler)
    i.EXTI9_5_IRQHandler                     0x08000444   Section        0  stm32f1xx_it.o(i.EXTI9_5_IRQHandler)
    i.Encoder_Init                           0x0800044c   Section        0  encoder.o(i.Encoder_Init)
    i.Error_Handler                          0x08000468   Section        0  main.o(i.Error_Handler)
    i.HAL_ADC_ConfigChannel                  0x0800046c   Section        0  stm32f1xx_hal_adc.o(i.HAL_ADC_ConfigChannel)
    i.HAL_ADC_ConvCpltCallback               0x08000568   Section        0  adc.o(i.HAL_ADC_ConvCpltCallback)
    i.HAL_ADC_ConvHalfCpltCallback           0x08000588   Section        0  stm32f1xx_hal_adc.o(i.HAL_ADC_ConvHalfCpltCallback)
    i.HAL_ADC_ErrorCallback                  0x0800058a   Section        0  stm32f1xx_hal_adc.o(i.HAL_ADC_ErrorCallback)
    i.HAL_ADC_Init                           0x0800058c   Section        0  stm32f1xx_hal_adc.o(i.HAL_ADC_Init)
    i.HAL_ADC_MspInit                        0x080006a8   Section        0  adc.o(i.HAL_ADC_MspInit)
    i.HAL_ADC_Start_DMA                      0x08000738   Section        0  stm32f1xx_hal_adc.o(i.HAL_ADC_Start_DMA)
    i.HAL_DMA_IRQHandler                     0x08000844   Section        0  stm32f1xx_hal_dma.o(i.HAL_DMA_IRQHandler)
    i.HAL_DMA_Init                           0x08000998   Section        0  stm32f1xx_hal_dma.o(i.HAL_DMA_Init)
    i.HAL_DMA_Start_IT                       0x080009f4   Section        0  stm32f1xx_hal_dma.o(i.HAL_DMA_Start_IT)
    i.HAL_Delay                              0x08000a64   Section        0  stm32f1xx_hal.o(i.HAL_Delay)
    i.HAL_GPIO_EXTI_Callback                 0x08000a88   Section        0  button.o(i.HAL_GPIO_EXTI_Callback)
    i.HAL_GPIO_EXTI_IRQHandler               0x08000ad8   Section        0  stm32f1xx_hal_gpio.o(i.HAL_GPIO_EXTI_IRQHandler)
    i.HAL_GPIO_Init                          0x08000af0   Section        0  stm32f1xx_hal_gpio.o(i.HAL_GPIO_Init)
    i.HAL_GPIO_WritePin                      0x08000cd0   Section        0  stm32f1xx_hal_gpio.o(i.HAL_GPIO_WritePin)
    i.HAL_GetTick                            0x08000cdc   Section        0  stm32f1xx_hal.o(i.HAL_GetTick)
    i.HAL_I2C_Init                           0x08000ce8   Section        0  stm32f1xx_hal_i2c.o(i.HAL_I2C_Init)
    i.HAL_I2C_Master_Transmit                0x08000e70   Section        0  stm32f1xx_hal_i2c.o(i.HAL_I2C_Master_Transmit)
    i.HAL_I2C_MspInit                        0x08000f9c   Section        0  i2c.o(i.HAL_I2C_MspInit)
    i.HAL_IncTick                            0x08000ff8   Section        0  stm32f1xx_hal.o(i.HAL_IncTick)
    i.HAL_Init                               0x08001008   Section        0  stm32f1xx_hal.o(i.HAL_Init)
    i.HAL_InitTick                           0x0800102c   Section        0  stm32f1xx_hal.o(i.HAL_InitTick)
    i.HAL_MspInit                            0x0800106c   Section        0  stm32f1xx_hal_msp.o(i.HAL_MspInit)
    i.HAL_NVIC_EnableIRQ                     0x080010a8   Section        0  stm32f1xx_hal_cortex.o(i.HAL_NVIC_EnableIRQ)
    i.HAL_NVIC_SetPriority                   0x080010c4   Section        0  stm32f1xx_hal_cortex.o(i.HAL_NVIC_SetPriority)
    i.HAL_NVIC_SetPriorityGrouping           0x08001104   Section        0  stm32f1xx_hal_cortex.o(i.HAL_NVIC_SetPriorityGrouping)
    i.HAL_RCCEx_PeriphCLKConfig              0x08001128   Section        0  stm32f1xx_hal_rcc_ex.o(i.HAL_RCCEx_PeriphCLKConfig)
    i.HAL_RCC_ClockConfig                    0x08001214   Section        0  stm32f1xx_hal_rcc.o(i.HAL_RCC_ClockConfig)
    i.HAL_RCC_GetPCLK1Freq                   0x08001340   Section        0  stm32f1xx_hal_rcc.o(i.HAL_RCC_GetPCLK1Freq)
    i.HAL_RCC_GetSysClockFreq                0x08001360   Section        0  stm32f1xx_hal_rcc.o(i.HAL_RCC_GetSysClockFreq)
    i.HAL_RCC_OscConfig                      0x080013ac   Section        0  stm32f1xx_hal_rcc.o(i.HAL_RCC_OscConfig)
    i.HAL_SYSTICK_Config                     0x080016cc   Section        0  stm32f1xx_hal_cortex.o(i.HAL_SYSTICK_Config)
    i.HAL_TIMEx_MasterConfigSynchronization  0x080016f4   Section        0  stm32f1xx_hal_tim_ex.o(i.HAL_TIMEx_MasterConfigSynchronization)
    i.HAL_TIM_Encoder_Init                   0x0800175c   Section        0  stm32f1xx_hal_tim.o(i.HAL_TIM_Encoder_Init)
    i.HAL_TIM_Encoder_MspInit                0x08001800   Section        0  tim.o(i.HAL_TIM_Encoder_MspInit)
    i.HAL_TIM_Encoder_Start                  0x08001858   Section        0  stm32f1xx_hal_tim.o(i.HAL_TIM_Encoder_Start)
    i.HardFault_Handler                      0x080018e6   Section        0  stm32f1xx_it.o(i.HardFault_Handler)
    i.I2C_IsAcknowledgeFailed                0x080018e8   Section        0  stm32f1xx_hal_i2c.o(i.I2C_IsAcknowledgeFailed)
    I2C_IsAcknowledgeFailed                  0x080018e9   Thumb Code    46  stm32f1xx_hal_i2c.o(i.I2C_IsAcknowledgeFailed)
    i.I2C_MasterRequestWrite                 0x08001918   Section        0  stm32f1xx_hal_i2c.o(i.I2C_MasterRequestWrite)
    I2C_MasterRequestWrite                   0x08001919   Thumb Code   150  stm32f1xx_hal_i2c.o(i.I2C_MasterRequestWrite)
    i.I2C_WaitOnBTFFlagUntilTimeout          0x080019b4   Section        0  stm32f1xx_hal_i2c.o(i.I2C_WaitOnBTFFlagUntilTimeout)
    I2C_WaitOnBTFFlagUntilTimeout            0x080019b5   Thumb Code    86  stm32f1xx_hal_i2c.o(i.I2C_WaitOnBTFFlagUntilTimeout)
    i.I2C_WaitOnFlagUntilTimeout             0x08001a0c   Section        0  stm32f1xx_hal_i2c.o(i.I2C_WaitOnFlagUntilTimeout)
    I2C_WaitOnFlagUntilTimeout               0x08001a0d   Thumb Code   144  stm32f1xx_hal_i2c.o(i.I2C_WaitOnFlagUntilTimeout)
    i.I2C_WaitOnMasterAddressFlagUntilTimeout 0x08001a9c   Section        0  stm32f1xx_hal_i2c.o(i.I2C_WaitOnMasterAddressFlagUntilTimeout)
    I2C_WaitOnMasterAddressFlagUntilTimeout  0x08001a9d   Thumb Code   188  stm32f1xx_hal_i2c.o(i.I2C_WaitOnMasterAddressFlagUntilTimeout)
    i.I2C_WaitOnTXEFlagUntilTimeout          0x08001b58   Section        0  stm32f1xx_hal_i2c.o(i.I2C_WaitOnTXEFlagUntilTimeout)
    I2C_WaitOnTXEFlagUntilTimeout            0x08001b59   Thumb Code    86  stm32f1xx_hal_i2c.o(i.I2C_WaitOnTXEFlagUntilTimeout)
    i.LightSensor_GetLevel                   0x08001bb0   Section        0  light_sensor.o(i.LightSensor_GetLevel)
    i.LightSensor_GetPercent                 0x08001be8   Section        0  light_sensor.o(i.LightSensor_GetPercent)
    i.MX_ADC1_Init                           0x08001c04   Section        0  adc.o(i.MX_ADC1_Init)
    i.MX_DMA_Init                            0x08001c74   Section        0  dma.o(i.MX_DMA_Init)
    i.MX_GPIO_Init                           0x08001ca0   Section        0  gpio.o(i.MX_GPIO_Init)
    i.MX_I2C1_Init                           0x08001d9c   Section        0  i2c.o(i.MX_I2C1_Init)
    i.MX_TIM3_Init                           0x08001ddc   Section        0  tim.o(i.MX_TIM3_Init)
    i.MemManage_Handler                      0x08001e48   Section        0  stm32f1xx_it.o(i.MemManage_Handler)
    i.NMI_Handler                            0x08001e4a   Section        0  stm32f1xx_it.o(i.NMI_Handler)
    i.OLED_Clear                             0x08001e4c   Section        0  oled.o(i.OLED_Clear)
    i.OLED_Init                              0x08001e72   Section        0  oled.o(i.OLED_Init)
    i.OLED_Pow                               0x08001f06   Section        0  oled.o(i.OLED_Pow)
    i.OLED_SetCursor                         0x08001f14   Section        0  oled.o(i.OLED_SetCursor)
    i.OLED_ShowChar                          0x08001f38   Section        0  oled.o(i.OLED_ShowChar)
    i.OLED_ShowNum                           0x08001fa0   Section        0  oled.o(i.OLED_ShowNum)
    i.OLED_WriteCommand                      0x08001fe4   Section        0  oled.o(i.OLED_WriteCommand)
    i.OLED_WriteData                         0x08002004   Section        0  oled.o(i.OLED_WriteData)
    i.PendSV_Handler                         0x0800202c   Section        0  stm32f1xx_it.o(i.PendSV_Handler)
    i.SVC_Handler                            0x0800202e   Section        0  stm32f1xx_it.o(i.SVC_Handler)
    i.SysTick_Handler                        0x08002030   Section        0  stm32f1xx_it.o(i.SysTick_Handler)
    i.SystemClock_Config                     0x08002034   Section        0  main.o(i.SystemClock_Config)
    i.SystemInit                             0x080020ac   Section        0  system_stm32f1xx.o(i.SystemInit)
    i.TIM_Base_SetConfig                     0x080020b0   Section        0  stm32f1xx_hal_tim.o(i.TIM_Base_SetConfig)
    i.TIM_CCxChannelCmd                      0x08002128   Section        0  stm32f1xx_hal_tim.o(i.TIM_CCxChannelCmd)
    i.TempSensor_GetTemp                     0x08002144   Section        0  temp_sensor.o(i.TempSensor_GetTemp)
    i.UsageFault_Handler                     0x080021b4   Section        0  stm32f1xx_it.o(i.UsageFault_Handler)
    i.__NVIC_SetPriority                     0x080021b6   Section        0  stm32f1xx_hal_cortex.o(i.__NVIC_SetPriority)
    __NVIC_SetPriority                       0x080021b7   Thumb Code    32  stm32f1xx_hal_cortex.o(i.__NVIC_SetPriority)
    i.__kernel_poly                          0x080021d6   Section        0  poly.o(i.__kernel_poly)
    i.__mathlib_dbl_divzero                  0x08002280   Section        0  dunder.o(i.__mathlib_dbl_divzero)
    i.__mathlib_dbl_infnan                   0x08002290   Section        0  dunder.o(i.__mathlib_dbl_infnan)
    i.__mathlib_dbl_invalid                  0x08002296   Section        0  dunder.o(i.__mathlib_dbl_invalid)
    i.log                                    0x080022a4   Section        0  log.o(i.log)
    i.main                                   0x08002600   Section        0  main.o(i.main)
    x$fpl$d2f                                0x08002674   Section       98  d2f.o(x$fpl$d2f)
    x$fpl$dadd                               0x080026d8   Section      336  daddsub_clz.o(x$fpl$dadd)
    _dadd1                                   0x080026e9   Thumb Code     0  daddsub_clz.o(x$fpl$dadd)
    x$fpl$dcheck1                            0x08002828   Section       16  dcheck1.o(x$fpl$dcheck1)
    x$fpl$dcmpinf                            0x08002838   Section       24  dcmpi.o(x$fpl$dcmpinf)
    x$fpl$ddiv                               0x08002850   Section      688  ddiv.o(x$fpl$ddiv)
    ddiv_entry                               0x08002857   Thumb Code     0  ddiv.o(x$fpl$ddiv)
    x$fpl$deqf                               0x08002b00   Section      120  deqf.o(x$fpl$deqf)
    x$fpl$dflt                               0x08002b78   Section       46  dflt_clz.o(x$fpl$dflt)
    x$fpl$dmul                               0x08002ba8   Section      340  dmul.o(x$fpl$dmul)
    x$fpl$dnaninf                            0x08002cfc   Section      156  dnaninf.o(x$fpl$dnaninf)
    x$fpl$dretinf                            0x08002d98   Section       12  dretinf.o(x$fpl$dretinf)
    x$fpl$drsb                               0x08002da4   Section       22  daddsub_clz.o(x$fpl$drsb)
    x$fpl$dsub                               0x08002dbc   Section      468  daddsub_clz.o(x$fpl$dsub)
    _dsub1                                   0x08002dcd   Thumb Code     0  daddsub_clz.o(x$fpl$dsub)
    x$fpl$f2d                                0x08002f90   Section       86  f2d.o(x$fpl$f2d)
    x$fpl$fadd                               0x08002fe8   Section      196  faddsub_clz.o(x$fpl$fadd)
    _fadd1                                   0x08002ff7   Thumb Code     0  faddsub_clz.o(x$fpl$fadd)
    x$fpl$fdiv                               0x080030ac   Section      388  fdiv.o(x$fpl$fdiv)
    _fdiv1                                   0x080030ad   Thumb Code     0  fdiv.o(x$fpl$fdiv)
    x$fpl$ffixu                              0x08003230   Section       62  ffixu.o(x$fpl$ffixu)
    x$fpl$ffltu                              0x08003270   Section       38  fflt_clz.o(x$fpl$ffltu)
    x$fpl$fnaninf                            0x08003296   Section      140  fnaninf.o(x$fpl$fnaninf)
    x$fpl$fretinf                            0x08003322   Section       10  fretinf.o(x$fpl$fretinf)
    x$fpl$fsub                               0x0800332c   Section      234  faddsub_clz.o(x$fpl$fsub)
    _fsub1                                   0x0800333b   Thumb Code     0  faddsub_clz.o(x$fpl$fsub)
    x$fpl$retnan                             0x08003416   Section      100  retnan.o(x$fpl$retnan)
    x$fpl$scalbn                             0x0800347a   Section       92  scalbn.o(x$fpl$scalbn)
    x$fpl$trapveneer                         0x080034d6   Section       48  trapv.o(x$fpl$trapveneer)
    .constdata                               0x08003506   Section     1520  oled.o(.constdata)
    x$fpl$usenofp                            0x08003506   Section        0  usenofp.o(x$fpl$usenofp)
    .constdata                               0x08003af6   Section       18  stm32f1xx_hal_rcc.o(.constdata)
    aPredivFactorTable                       0x08003af6   Data           2  stm32f1xx_hal_rcc.o(.constdata)
    aPLLMULFactorTable                       0x08003af8   Data          16  stm32f1xx_hal_rcc.o(.constdata)
    .constdata                               0x08003b08   Section       16  system_stm32f1xx.o(.constdata)
    .constdata                               0x08003b18   Section        8  system_stm32f1xx.o(.constdata)
    .constdata                               0x08003b20   Section       56  log.o(.constdata)
    Lg2                                      0x08003b20   Data          24  log.o(.constdata)
    Lg                                       0x08003b38   Data          32  log.o(.constdata)
    .constdata                               0x08003b58   Section        8  qnan.o(.constdata)
    .data                                    0x20000000   Section        6  encoder.o(.data)
    encoder                                  0x20000000   Data           6  encoder.o(.data)
    .data                                    0x20000008   Section       12  adc.o(.data)
    .data                                    0x20000014   Section       12  stm32f1xx_hal.o(.data)
    .data                                    0x20000020   Section        4  system_stm32f1xx.o(.data)
    .bss                                     0x20000024   Section       48  button.o(.bss)
    keyInfo                                  0x20000024   Data          48  button.o(.bss)
    .bss                                     0x20000054   Section      116  adc.o(.bss)
    .bss                                     0x200000c8   Section       84  i2c.o(.bss)
    .bss                                     0x2000011c   Section       72  tim.o(.bss)
    .bss                                     0x20000164   Section       96  libspace.o(.bss)
    HEAP                                     0x200001c8   Section      512  startup_stm32f103xb.o(HEAP)
    Heap_Mem                                 0x200001c8   Data         512  startup_stm32f103xb.o(HEAP)
    STACK                                    0x200003c8   Section     1024  startup_stm32f103xb.o(STACK)
    Stack_Mem                                0x200003c8   Data        1024  startup_stm32f103xb.o(STACK)
    __initial_sp                             0x200007c8   Data           0  startup_stm32f103xb.o(STACK)

    Global Symbols

    Symbol Name                              Value     Ov Type        Size  Object(Section)

    BuildAttributes$$THM_ISAv4$P$D$K$B$S$PE$A:L22UL41UL21$X:L11$S22US41US21$IEEE1$IW$USESV6$~STKCKD$USESV7$~SHL$OTIME$ROPI$IEEEX$EBA8$UX$STANDARDLIB$REQ8$PRES8$EABIv2 0x00000000   Number         0  anon$$obj.o ABSOLUTE
    __ARM_use_no_argv                        0x00000000   Number         0  main.o ABSOLUTE
    __ARM_exceptions_init                     - Undefined Weak Reference
    __alloca_initialize                       - Undefined Weak Reference
    __arm_fini_                               - Undefined Weak Reference
    __arm_preinit_                            - Undefined Weak Reference
    __cpp_initialize__aeabi_                  - Undefined Weak Reference
    __cxa_finalize                            - Undefined Weak Reference
    __rt_locale                               - Undefined Weak Reference
    __sigvec_lookup                           - Undefined Weak Reference
    _atexit_init                              - Undefined Weak Reference
    _call_atexit_fns                          - Undefined Weak Reference
    _clock_init                               - Undefined Weak Reference
    _fp_trap_init                             - Undefined Weak Reference
    _fp_trap_shutdown                         - Undefined Weak Reference
    _get_lc_collate                           - Undefined Weak Reference
    _get_lc_ctype                             - Undefined Weak Reference
    _get_lc_monetary                          - Undefined Weak Reference
    _get_lc_numeric                           - Undefined Weak Reference
    _get_lc_time                              - Undefined Weak Reference
    _getenv_init                              - Undefined Weak Reference
    _handle_redirection                       - Undefined Weak Reference
    _init_alloc                               - Undefined Weak Reference
    _init_user_alloc                          - Undefined Weak Reference
    _initio                                   - Undefined Weak Reference
    _rand_init                                - Undefined Weak Reference
    _signal_finish                            - Undefined Weak Reference
    _signal_init                              - Undefined Weak Reference
    _terminate_alloc                          - Undefined Weak Reference
    _terminate_user_alloc                     - Undefined Weak Reference
    _terminateio                              - Undefined Weak Reference
    __Vectors_Size                           0x000000ec   Number         0  startup_stm32f103xb.o ABSOLUTE
    __Vectors                                0x08000000   Data           4  startup_stm32f103xb.o(RESET)
    __Vectors_End                            0x080000ec   Data           0  startup_stm32f103xb.o(RESET)
    __main                                   0x080000ed   Thumb Code     8  __main.o(!!!main)
    __scatterload                            0x080000f5   Thumb Code     0  __scatter.o(!!!scatter)
    __scatterload_rt2                        0x080000f5   Thumb Code    44  __scatter.o(!!!scatter)
    __scatterload_rt2_thumb_only             0x080000f5   Thumb Code     0  __scatter.o(!!!scatter)
    __scatterload_null                       0x08000103   Thumb Code     0  __scatter.o(!!!scatter)
    __scatterload_copy                       0x08000129   Thumb Code    26  __scatter_copy.o(!!handler_copy)
    __scatterload_zeroinit                   0x08000145   Thumb Code    28  __scatter_zi.o(!!handler_zi)
    __rt_lib_init                            0x08000161   Thumb Code     0  libinit.o(.ARM.Collect$$libinit$$00000000)
    __rt_lib_init_alloca_1                   0x08000163   Thumb Code     0  libinit2.o(.ARM.Collect$$libinit$$0000002E)
    __rt_lib_init_argv_1                     0x08000163   Thumb Code     0  libinit2.o(.ARM.Collect$$libinit$$0000002C)
    __rt_lib_init_atexit_1                   0x08000163   Thumb Code     0  libinit2.o(.ARM.Collect$$libinit$$0000001B)
    __rt_lib_init_clock_1                    0x08000163   Thumb Code     0  libinit2.o(.ARM.Collect$$libinit$$00000021)
    __rt_lib_init_cpp_1                      0x08000163   Thumb Code     0  libinit2.o(.ARM.Collect$$libinit$$00000032)
    __rt_lib_init_exceptions_1               0x08000163   Thumb Code     0  libinit2.o(.ARM.Collect$$libinit$$00000030)
    __rt_lib_init_fp_1                       0x08000163   Thumb Code     0  libinit2.o(.ARM.Collect$$libinit$$00000002)
    __rt_lib_init_fp_trap_1                  0x08000163   Thumb Code     0  libinit2.o(.ARM.Collect$$libinit$$0000001F)
    __rt_lib_init_getenv_1                   0x08000163   Thumb Code     0  libinit2.o(.ARM.Collect$$libinit$$00000023)
    __rt_lib_init_heap_1                     0x08000163   Thumb Code     0  libinit2.o(.ARM.Collect$$libinit$$0000000A)
    __rt_lib_init_lc_collate_1               0x08000163   Thumb Code     0  libinit2.o(.ARM.Collect$$libinit$$00000011)
    __rt_lib_init_lc_ctype_1                 0x08000163   Thumb Code     0  libinit2.o(.ARM.Collect$$libinit$$00000013)
    __rt_lib_init_lc_monetary_1              0x08000163   Thumb Code     0  libinit2.o(.ARM.Collect$$libinit$$00000015)
    __rt_lib_init_lc_numeric_1               0x08000163   Thumb Code     0  libinit2.o(.ARM.Collect$$libinit$$00000017)
    __rt_lib_init_lc_time_1                  0x08000163   Thumb Code     0  libinit2.o(.ARM.Collect$$libinit$$00000019)
    __rt_lib_init_preinit_1                  0x08000163   Thumb Code     0  libinit2.o(.ARM.Collect$$libinit$$00000004)
    __rt_lib_init_rand_1                     0x08000163   Thumb Code     0  libinit2.o(.ARM.Collect$$libinit$$0000000E)
    __rt_lib_init_return                     0x08000163   Thumb Code     0  libinit2.o(.ARM.Collect$$libinit$$00000033)
    __rt_lib_init_signal_1                   0x08000163   Thumb Code     0  libinit2.o(.ARM.Collect$$libinit$$0000001D)
    __rt_lib_init_stdio_1                    0x08000163   Thumb Code     0  libinit2.o(.ARM.Collect$$libinit$$00000025)
    __rt_lib_init_user_alloc_1               0x08000163   Thumb Code     0  libinit2.o(.ARM.Collect$$libinit$$0000000C)
    __rt_lib_shutdown                        0x08000165   Thumb Code     0  libshutdown.o(.ARM.Collect$$libshutdown$$00000000)
    __rt_lib_shutdown_cpp_1                  0x08000167   Thumb Code     0  libshutdown2.o(.ARM.Collect$$libshutdown$$00000004)
    __rt_lib_shutdown_fini_1                 0x08000167   Thumb Code     0  libshutdown2.o(.ARM.Collect$$libshutdown$$00000002)
    __rt_lib_shutdown_fp_trap_1              0x08000167   Thumb Code     0  libshutdown2.o(.ARM.Collect$$libshutdown$$00000009)
    __rt_lib_shutdown_heap_1                 0x08000167   Thumb Code     0  libshutdown2.o(.ARM.Collect$$libshutdown$$00000011)
    __rt_lib_shutdown_return                 0x08000167   Thumb Code     0  libshutdown2.o(.ARM.Collect$$libshutdown$$00000012)
    __rt_lib_shutdown_signal_1               0x08000167   Thumb Code     0  libshutdown2.o(.ARM.Collect$$libshutdown$$0000000C)
    __rt_lib_shutdown_stdio_1                0x08000167   Thumb Code     0  libshutdown2.o(.ARM.Collect$$libshutdown$$00000006)
    __rt_lib_shutdown_user_alloc_1           0x08000167   Thumb Code     0  libshutdown2.o(.ARM.Collect$$libshutdown$$0000000E)
    __rt_entry                               0x08000169   Thumb Code     0  __rtentry.o(.ARM.Collect$$rtentry$$00000000)
    __rt_entry_presh_1                       0x08000169   Thumb Code     0  __rtentry2.o(.ARM.Collect$$rtentry$$00000002)
    __rt_entry_sh                            0x08000169   Thumb Code     0  __rtentry4.o(.ARM.Collect$$rtentry$$00000004)
    __rt_entry_li                            0x0800016f   Thumb Code     0  __rtentry2.o(.ARM.Collect$$rtentry$$0000000A)
    __rt_entry_postsh_1                      0x0800016f   Thumb Code     0  __rtentry2.o(.ARM.Collect$$rtentry$$00000009)
    __rt_entry_main                          0x08000173   Thumb Code     0  __rtentry2.o(.ARM.Collect$$rtentry$$0000000D)
    __rt_entry_postli_1                      0x08000173   Thumb Code     0  __rtentry2.o(.ARM.Collect$$rtentry$$0000000C)
    __rt_exit                                0x0800017b   Thumb Code     0  rtexit.o(.ARM.Collect$$rtexit$$00000000)
    __rt_exit_ls                             0x0800017d   Thumb Code     0  rtexit2.o(.ARM.Collect$$rtexit$$00000003)
    __rt_exit_prels_1                        0x0800017d   Thumb Code     0  rtexit2.o(.ARM.Collect$$rtexit$$00000002)
    __rt_exit_exit                           0x08000181   Thumb Code     0  rtexit2.o(.ARM.Collect$$rtexit$$00000004)
    Reset_Handler                            0x08000189   Thumb Code     8  startup_stm32f103xb.o(.text)
    ADC1_2_IRQHandler                        0x080001a3   Thumb Code     0  startup_stm32f103xb.o(.text)
    CAN1_RX1_IRQHandler                      0x080001a3   Thumb Code     0  startup_stm32f103xb.o(.text)
    CAN1_SCE_IRQHandler                      0x080001a3   Thumb Code     0  startup_stm32f103xb.o(.text)
    DMA1_Channel2_IRQHandler                 0x080001a3   Thumb Code     0  startup_stm32f103xb.o(.text)
    DMA1_Channel3_IRQHandler                 0x080001a3   Thumb Code     0  startup_stm32f103xb.o(.text)
    DMA1_Channel4_IRQHandler                 0x080001a3   Thumb Code     0  startup_stm32f103xb.o(.text)
    DMA1_Channel5_IRQHandler                 0x080001a3   Thumb Code     0  startup_stm32f103xb.o(.text)
    DMA1_Channel6_IRQHandler                 0x080001a3   Thumb Code     0  startup_stm32f103xb.o(.text)
    DMA1_Channel7_IRQHandler                 0x080001a3   Thumb Code     0  startup_stm32f103xb.o(.text)
    EXTI2_IRQHandler                         0x080001a3   Thumb Code     0  startup_stm32f103xb.o(.text)
    EXTI3_IRQHandler                         0x080001a3   Thumb Code     0  startup_stm32f103xb.o(.text)
    EXTI4_IRQHandler                         0x080001a3   Thumb Code     0  startup_stm32f103xb.o(.text)
    FLASH_IRQHandler                         0x080001a3   Thumb Code     0  startup_stm32f103xb.o(.text)
    I2C1_ER_IRQHandler                       0x080001a3   Thumb Code     0  startup_stm32f103xb.o(.text)
    I2C1_EV_IRQHandler                       0x080001a3   Thumb Code     0  startup_stm32f103xb.o(.text)
    I2C2_ER_IRQHandler                       0x080001a3   Thumb Code     0  startup_stm32f103xb.o(.text)
    I2C2_EV_IRQHandler                       0x080001a3   Thumb Code     0  startup_stm32f103xb.o(.text)
    PVD_IRQHandler                           0x080001a3   Thumb Code     0  startup_stm32f103xb.o(.text)
    RCC_IRQHandler                           0x080001a3   Thumb Code     0  startup_stm32f103xb.o(.text)
    RTC_Alarm_IRQHandler                     0x080001a3   Thumb Code     0  startup_stm32f103xb.o(.text)
    RTC_IRQHandler                           0x080001a3   Thumb Code     0  startup_stm32f103xb.o(.text)
    SPI1_IRQHandler                          0x080001a3   Thumb Code     0  startup_stm32f103xb.o(.text)
    SPI2_IRQHandler                          0x080001a3   Thumb Code     0  startup_stm32f103xb.o(.text)
    TAMPER_IRQHandler                        0x080001a3   Thumb Code     0  startup_stm32f103xb.o(.text)
    TIM1_BRK_IRQHandler                      0x080001a3   Thumb Code     0  startup_stm32f103xb.o(.text)
    TIM1_CC_IRQHandler                       0x080001a3   Thumb Code     0  startup_stm32f103xb.o(.text)
    TIM1_TRG_COM_IRQHandler                  0x080001a3   Thumb Code     0  startup_stm32f103xb.o(.text)
    TIM1_UP_IRQHandler                       0x080001a3   Thumb Code     0  startup_stm32f103xb.o(.text)
    TIM2_IRQHandler                          0x080001a3   Thumb Code     0  startup_stm32f103xb.o(.text)
    TIM3_IRQHandler                          0x080001a3   Thumb Code     0  startup_stm32f103xb.o(.text)
    TIM4_IRQHandler                          0x080001a3   Thumb Code     0  startup_stm32f103xb.o(.text)
    USART1_IRQHandler                        0x080001a3   Thumb Code     0  startup_stm32f103xb.o(.text)
    USART2_IRQHandler                        0x080001a3   Thumb Code     0  startup_stm32f103xb.o(.text)
    USART3_IRQHandler                        0x080001a3   Thumb Code     0  startup_stm32f103xb.o(.text)
    USBWakeUp_IRQHandler                     0x080001a3   Thumb Code     0  startup_stm32f103xb.o(.text)
    USB_HP_CAN1_TX_IRQHandler                0x080001a3   Thumb Code     0  startup_stm32f103xb.o(.text)
    USB_LP_CAN1_RX0_IRQHandler               0x080001a3   Thumb Code     0  startup_stm32f103xb.o(.text)
    WWDG_IRQHandler                          0x080001a3   Thumb Code     0  startup_stm32f103xb.o(.text)
    __user_initial_stackheap                 0x080001a5   Thumb Code     0  startup_stm32f103xb.o(.text)
    __aeabi_memclr4                          0x080001c9   Thumb Code     0  rt_memclr_w.o(.text)
    __aeabi_memclr8                          0x080001c9   Thumb Code     0  rt_memclr_w.o(.text)
    __rt_memclr_w                            0x080001c9   Thumb Code    78  rt_memclr_w.o(.text)
    _memset_w                                0x080001cd   Thumb Code     0  rt_memclr_w.o(.text)
    __use_two_region_memory                  0x08000217   Thumb Code     2  heapauxi.o(.text)
    __rt_heap_escrow$2region                 0x08000219   Thumb Code     2  heapauxi.o(.text)
    __rt_heap_expand$2region                 0x0800021b   Thumb Code     2  heapauxi.o(.text)
    __read_errno                             0x0800021d   Thumb Code    10  _rserrno.o(.text)
    __set_errno                              0x08000227   Thumb Code    12  _rserrno.o(.text)
    __aeabi_errno_addr                       0x08000235   Thumb Code     8  rt_errno_addr_intlibspace.o(.text)
    __errno$intlibspace                      0x08000235   Thumb Code     0  rt_errno_addr_intlibspace.o(.text)
    __rt_errno_addr$intlibspace              0x08000235   Thumb Code     0  rt_errno_addr_intlibspace.o(.text)
    __user_libspace                          0x0800023d   Thumb Code     8  libspace.o(.text)
    __user_perproc_libspace                  0x0800023d   Thumb Code     0  libspace.o(.text)
    __user_perthread_libspace                0x0800023d   Thumb Code     0  libspace.o(.text)
    __user_setup_stackheap                   0x08000245   Thumb Code    74  sys_stackheap_outer.o(.text)
    exit                                     0x0800028f   Thumb Code    18  exit.o(.text)
    _sys_exit                                0x080002a1   Thumb Code     8  sys_exit.o(.text)
    __I$use$semihosting                      0x080002ad   Thumb Code     0  use_no_semi.o(.text)
    __use_no_semihosting_swi                 0x080002ad   Thumb Code     2  use_no_semi.o(.text)
    __semihosting_library_function           0x080002af   Thumb Code     0  indicate_semi.o(.text)
    ADC_ConversionStop_Disable               0x080002b1   Thumb Code    86  stm32f1xx_hal_adc.o(i.ADC_ConversionStop_Disable)
    ADC_DMAConvCplt                          0x08000307   Thumb Code    78  stm32f1xx_hal_adc.o(i.ADC_DMAConvCplt)
    ADC_DMAError                             0x08000355   Thumb Code    26  stm32f1xx_hal_adc.o(i.ADC_DMAError)
    ADC_DMAHalfConvCplt                      0x0800036f   Thumb Code    10  stm32f1xx_hal_adc.o(i.ADC_DMAHalfConvCplt)
    ADC_Enable                               0x08000379   Thumb Code   114  stm32f1xx_hal_adc.o(i.ADC_Enable)
    BusFault_Handler                         0x080003f5   Thumb Code     2  stm32f1xx_it.o(i.BusFault_Handler)
    DMA1_Channel1_IRQHandler                 0x080003f9   Thumb Code     6  stm32f1xx_it.o(i.DMA1_Channel1_IRQHandler)
    DebugMon_Handler                         0x0800042f   Thumb Code     2  stm32f1xx_it.o(i.DebugMon_Handler)
    EXTI0_IRQHandler                         0x08000431   Thumb Code     6  stm32f1xx_it.o(i.EXTI0_IRQHandler)
    EXTI15_10_IRQHandler                     0x08000437   Thumb Code     8  stm32f1xx_it.o(i.EXTI15_10_IRQHandler)
    EXTI1_IRQHandler                         0x0800043f   Thumb Code     6  stm32f1xx_it.o(i.EXTI1_IRQHandler)
    EXTI9_5_IRQHandler                       0x08000445   Thumb Code     6  stm32f1xx_it.o(i.EXTI9_5_IRQHandler)
    Encoder_Init                             0x0800044d   Thumb Code    18  encoder.o(i.Encoder_Init)
    Error_Handler                            0x08000469   Thumb Code     4  main.o(i.Error_Handler)
    HAL_ADC_ConfigChannel                    0x0800046d   Thumb Code   240  stm32f1xx_hal_adc.o(i.HAL_ADC_ConfigChannel)
    HAL_ADC_ConvCpltCallback                 0x08000569   Thumb Code    22  adc.o(i.HAL_ADC_ConvCpltCallback)
    HAL_ADC_ConvHalfCpltCallback             0x08000589   Thumb Code     2  stm32f1xx_hal_adc.o(i.HAL_ADC_ConvHalfCpltCallback)
    HAL_ADC_ErrorCallback                    0x0800058b   Thumb Code     2  stm32f1xx_hal_adc.o(i.HAL_ADC_ErrorCallback)
    HAL_ADC_Init                             0x0800058d   Thumb Code   272  stm32f1xx_hal_adc.o(i.HAL_ADC_Init)
    HAL_ADC_MspInit                          0x080006a9   Thumb Code   122  adc.o(i.HAL_ADC_MspInit)
    HAL_ADC_Start_DMA                        0x08000739   Thumb Code   246  stm32f1xx_hal_adc.o(i.HAL_ADC_Start_DMA)
    HAL_DMA_IRQHandler                       0x08000845   Thumb Code   316  stm32f1xx_hal_dma.o(i.HAL_DMA_IRQHandler)
    HAL_DMA_Init                             0x08000999   Thumb Code    84  stm32f1xx_hal_dma.o(i.HAL_DMA_Init)
    HAL_DMA_Start_IT                         0x080009f5   Thumb Code   112  stm32f1xx_hal_dma.o(i.HAL_DMA_Start_IT)
    HAL_Delay                                0x08000a65   Thumb Code    32  stm32f1xx_hal.o(i.HAL_Delay)
    HAL_GPIO_EXTI_Callback                   0x08000a89   Thumb Code    74  button.o(i.HAL_GPIO_EXTI_Callback)
    HAL_GPIO_EXTI_IRQHandler                 0x08000ad9   Thumb Code    18  stm32f1xx_hal_gpio.o(i.HAL_GPIO_EXTI_IRQHandler)
    HAL_GPIO_Init                            0x08000af1   Thumb Code   446  stm32f1xx_hal_gpio.o(i.HAL_GPIO_Init)
    HAL_GPIO_WritePin                        0x08000cd1   Thumb Code    10  stm32f1xx_hal_gpio.o(i.HAL_GPIO_WritePin)
    HAL_GetTick                              0x08000cdd   Thumb Code     6  stm32f1xx_hal.o(i.HAL_GetTick)
    HAL_I2C_Init                             0x08000ce9   Thumb Code   376  stm32f1xx_hal_i2c.o(i.HAL_I2C_Init)
    HAL_I2C_Master_Transmit                  0x08000e71   Thumb Code   290  stm32f1xx_hal_i2c.o(i.HAL_I2C_Master_Transmit)
    HAL_I2C_MspInit                          0x08000f9d   Thumb Code    80  i2c.o(i.HAL_I2C_MspInit)
    HAL_IncTick                              0x08000ff9   Thumb Code    12  stm32f1xx_hal.o(i.HAL_IncTick)
    HAL_Init                                 0x08001009   Thumb Code    32  stm32f1xx_hal.o(i.HAL_Init)
    HAL_InitTick                             0x0800102d   Thumb Code    54  stm32f1xx_hal.o(i.HAL_InitTick)
    HAL_MspInit                              0x0800106d   Thumb Code    52  stm32f1xx_hal_msp.o(i.HAL_MspInit)
    HAL_NVIC_EnableIRQ                       0x080010a9   Thumb Code    26  stm32f1xx_hal_cortex.o(i.HAL_NVIC_EnableIRQ)
    HAL_NVIC_SetPriority                     0x080010c5   Thumb Code    60  stm32f1xx_hal_cortex.o(i.HAL_NVIC_SetPriority)
    HAL_NVIC_SetPriorityGrouping             0x08001105   Thumb Code    26  stm32f1xx_hal_cortex.o(i.HAL_NVIC_SetPriorityGrouping)
    HAL_RCCEx_PeriphCLKConfig                0x08001129   Thumb Code   224  stm32f1xx_hal_rcc_ex.o(i.HAL_RCCEx_PeriphCLKConfig)
    HAL_RCC_ClockConfig                      0x08001215   Thumb Code   280  stm32f1xx_hal_rcc.o(i.HAL_RCC_ClockConfig)
    HAL_RCC_GetPCLK1Freq                     0x08001341   Thumb Code    20  stm32f1xx_hal_rcc.o(i.HAL_RCC_GetPCLK1Freq)
    HAL_RCC_GetSysClockFreq                  0x08001361   Thumb Code    58  stm32f1xx_hal_rcc.o(i.HAL_RCC_GetSysClockFreq)
    HAL_RCC_OscConfig                        0x080013ad   Thumb Code   778  stm32f1xx_hal_rcc.o(i.HAL_RCC_OscConfig)
    HAL_SYSTICK_Config                       0x080016cd   Thumb Code    40  stm32f1xx_hal_cortex.o(i.HAL_SYSTICK_Config)
    HAL_TIMEx_MasterConfigSynchronization    0x080016f5   Thumb Code    92  stm32f1xx_hal_tim_ex.o(i.HAL_TIMEx_MasterConfigSynchronization)
    HAL_TIM_Encoder_Init                     0x0800175d   Thumb Code   164  stm32f1xx_hal_tim.o(i.HAL_TIM_Encoder_Init)
    HAL_TIM_Encoder_MspInit                  0x08001801   Thumb Code    76  tim.o(i.HAL_TIM_Encoder_MspInit)
    HAL_TIM_Encoder_Start                    0x08001859   Thumb Code   142  stm32f1xx_hal_tim.o(i.HAL_TIM_Encoder_Start)
    HardFault_Handler                        0x080018e7   Thumb Code     2  stm32f1xx_it.o(i.HardFault_Handler)
    LightSensor_GetLevel                     0x08001bb1   Thumb Code    50  light_sensor.o(i.LightSensor_GetLevel)
    LightSensor_GetPercent                   0x08001be9   Thumb Code    24  light_sensor.o(i.LightSensor_GetPercent)
    MX_ADC1_Init                             0x08001c05   Thumb Code   100  adc.o(i.MX_ADC1_Init)
    MX_DMA_Init                              0x08001c75   Thumb Code    40  dma.o(i.MX_DMA_Init)
    MX_GPIO_Init                             0x08001ca1   Thumb Code   236  gpio.o(i.MX_GPIO_Init)
    MX_I2C1_Init                             0x08001d9d   Thumb Code    50  i2c.o(i.MX_I2C1_Init)
    MX_TIM3_Init                             0x08001ddd   Thumb Code    98  tim.o(i.MX_TIM3_Init)
    MemManage_Handler                        0x08001e49   Thumb Code     2  stm32f1xx_it.o(i.MemManage_Handler)
    NMI_Handler                              0x08001e4b   Thumb Code     2  stm32f1xx_it.o(i.NMI_Handler)
    OLED_Clear                               0x08001e4d   Thumb Code    38  oled.o(i.OLED_Clear)
    OLED_Init                                0x08001e73   Thumb Code   148  oled.o(i.OLED_Init)
    OLED_Pow                                 0x08001f07   Thumb Code    14  oled.o(i.OLED_Pow)
    OLED_SetCursor                           0x08001f15   Thumb Code    34  oled.o(i.OLED_SetCursor)
    OLED_ShowChar                            0x08001f39   Thumb Code    98  oled.o(i.OLED_ShowChar)
    OLED_ShowNum                             0x08001fa1   Thumb Code    66  oled.o(i.OLED_ShowNum)
    OLED_WriteCommand                        0x08001fe5   Thumb Code    28  oled.o(i.OLED_WriteCommand)
    OLED_WriteData                           0x08002005   Thumb Code    32  oled.o(i.OLED_WriteData)
    PendSV_Handler                           0x0800202d   Thumb Code     2  stm32f1xx_it.o(i.PendSV_Handler)
    SVC_Handler                              0x0800202f   Thumb Code     2  stm32f1xx_it.o(i.SVC_Handler)
    SysTick_Handler                          0x08002031   Thumb Code     4  stm32f1xx_it.o(i.SysTick_Handler)
    SystemClock_Config                       0x08002035   Thumb Code   120  main.o(i.SystemClock_Config)
    SystemInit                               0x080020ad   Thumb Code     2  system_stm32f1xx.o(i.SystemInit)
    TIM_Base_SetConfig                       0x080020b1   Thumb Code   108  stm32f1xx_hal_tim.o(i.TIM_Base_SetConfig)
    TIM_CCxChannelCmd                        0x08002129   Thumb Code    26  stm32f1xx_hal_tim.o(i.TIM_CCxChannelCmd)
    TempSensor_GetTemp                       0x08002145   Thumb Code    86  temp_sensor.o(i.TempSensor_GetTemp)
    UsageFault_Handler                       0x080021b5   Thumb Code     2  stm32f1xx_it.o(i.UsageFault_Handler)
    __kernel_poly                            0x080021d7   Thumb Code   170  poly.o(i.__kernel_poly)
    __mathlib_dbl_divzero                    0x08002281   Thumb Code    12  dunder.o(i.__mathlib_dbl_divzero)
    __mathlib_dbl_infnan                     0x08002291   Thumb Code     6  dunder.o(i.__mathlib_dbl_infnan)
    __mathlib_dbl_invalid                    0x08002297   Thumb Code    12  dunder.o(i.__mathlib_dbl_invalid)
    log                                      0x080022a5   Thumb Code   808  log.o(i.log)
    main                                     0x08002601   Thumb Code   108  main.o(i.main)
    __aeabi_d2f                              0x08002675   Thumb Code     0  d2f.o(x$fpl$d2f)
    _d2f                                     0x08002675   Thumb Code    98  d2f.o(x$fpl$d2f)
    __aeabi_dadd                             0x080026d9   Thumb Code     0  daddsub_clz.o(x$fpl$dadd)
    _dadd                                    0x080026d9   Thumb Code   332  daddsub_clz.o(x$fpl$dadd)
    __fpl_dcheck_NaN1                        0x08002829   Thumb Code    10  dcheck1.o(x$fpl$dcheck1)
    __fpl_dcmp_Inf                           0x08002839   Thumb Code    24  dcmpi.o(x$fpl$dcmpinf)
    __aeabi_ddiv                             0x08002851   Thumb Code     0  ddiv.o(x$fpl$ddiv)
    _ddiv                                    0x08002851   Thumb Code   552  ddiv.o(x$fpl$ddiv)
    __aeabi_cdcmpeq                          0x08002b01   Thumb Code     0  deqf.o(x$fpl$deqf)
    _dcmpeq                                  0x08002b01   Thumb Code   120  deqf.o(x$fpl$deqf)
    __aeabi_i2d                              0x08002b79   Thumb Code     0  dflt_clz.o(x$fpl$dflt)
    _dflt                                    0x08002b79   Thumb Code    46  dflt_clz.o(x$fpl$dflt)
    __aeabi_dmul                             0x08002ba9   Thumb Code     0  dmul.o(x$fpl$dmul)
    _dmul                                    0x08002ba9   Thumb Code   332  dmul.o(x$fpl$dmul)
    __fpl_dnaninf                            0x08002cfd   Thumb Code   156  dnaninf.o(x$fpl$dnaninf)
    __fpl_dretinf                            0x08002d99   Thumb Code    12  dretinf.o(x$fpl$dretinf)
    __aeabi_drsub                            0x08002da5   Thumb Code     0  daddsub_clz.o(x$fpl$drsb)
    _drsb                                    0x08002da5   Thumb Code    22  daddsub_clz.o(x$fpl$drsb)
    __aeabi_dsub                             0x08002dbd   Thumb Code     0  daddsub_clz.o(x$fpl$dsub)
    _dsub                                    0x08002dbd   Thumb Code   464  daddsub_clz.o(x$fpl$dsub)
    __aeabi_f2d                              0x08002f91   Thumb Code     0  f2d.o(x$fpl$f2d)
    _f2d                                     0x08002f91   Thumb Code    86  f2d.o(x$fpl$f2d)
    __aeabi_fadd                             0x08002fe9   Thumb Code     0  faddsub_clz.o(x$fpl$fadd)
    _fadd                                    0x08002fe9   Thumb Code   196  faddsub_clz.o(x$fpl$fadd)
    __aeabi_fdiv                             0x080030ad   Thumb Code     0  fdiv.o(x$fpl$fdiv)
    _fdiv                                    0x080030ad   Thumb Code   384  fdiv.o(x$fpl$fdiv)
    __aeabi_f2uiz                            0x08003231   Thumb Code     0  ffixu.o(x$fpl$ffixu)
    _ffixu                                   0x08003231   Thumb Code    62  ffixu.o(x$fpl$ffixu)
    __aeabi_ui2f                             0x08003271   Thumb Code     0  fflt_clz.o(x$fpl$ffltu)
    _ffltu                                   0x08003271   Thumb Code    38  fflt_clz.o(x$fpl$ffltu)
    __fpl_fnaninf                            0x08003297   Thumb Code   140  fnaninf.o(x$fpl$fnaninf)
    __fpl_fretinf                            0x08003323   Thumb Code    10  fretinf.o(x$fpl$fretinf)
    __aeabi_fsub                             0x0800332d   Thumb Code     0  faddsub_clz.o(x$fpl$fsub)
    _fsub                                    0x0800332d   Thumb Code   234  faddsub_clz.o(x$fpl$fsub)
    __fpl_return_NaN                         0x08003417   Thumb Code   100  retnan.o(x$fpl$retnan)
    __ARM_scalbn                             0x0800347b   Thumb Code    92  scalbn.o(x$fpl$scalbn)
    __fpl_cmpreturn                          0x080034d7   Thumb Code    48  trapv.o(x$fpl$trapveneer)
    OLED_F8x16                               0x08003506   Data        1520  oled.o(.constdata)
    __I$use$fp                               0x08003506   Number         0  usenofp.o(x$fpl$usenofp)
    AHBPrescTable                            0x08003b08   Data          16  system_stm32f1xx.o(.constdata)
    APBPrescTable                            0x08003b18   Data           8  system_stm32f1xx.o(.constdata)
    __mathlib_zero                           0x08003b58   Data           8  qnan.o(.constdata)
    Region$$Table$$Base                      0x08003b60   Number         0  anon$$obj.o(Region$$Table)
    Region$$Table$$Limit                     0x08003b80   Number         0  anon$$obj.o(Region$$Table)
    light_sensor_value                       0x20000008   Data           2  adc.o(.data)
    temp_sensor_value                        0x2000000a   Data           2  adc.o(.data)
    adc_values                               0x2000000c   Data           8  adc.o(.data)
    uwTickFreq                               0x20000014   Data           1  stm32f1xx_hal.o(.data)
    uwTickPrio                               0x20000018   Data           4  stm32f1xx_hal.o(.data)
    uwTick                                   0x2000001c   Data           4  stm32f1xx_hal.o(.data)
    SystemCoreClock                          0x20000020   Data           4  system_stm32f1xx.o(.data)
    hadc1                                    0x20000054   Data          48  adc.o(.bss)
    hdma_adc1                                0x20000084   Data          68  adc.o(.bss)
    hi2c1                                    0x200000c8   Data          84  i2c.o(.bss)
    htim3                                    0x2000011c   Data          72  tim.o(.bss)
    __libspace_start                         0x20000164   Data          96  libspace.o(.bss)
    __temporary_stack_top$libspace           0x200001c4   Data           0  libspace.o(.bss)



==============================================================================

Memory Map of the image

  Image Entry point : 0x080000ed

  Load Region LR_IROM1 (Base: 0x08000000, Size: 0x00003ba4, Max: 0x00010000, ABSOLUTE)

    Execution Region ER_IROM1 (Exec base: 0x08000000, Load base: 0x08000000, Size: 0x00003b80, Max: 0x00010000, ABSOLUTE)

    Exec Addr    Load Addr    Size         Type   Attr      Idx    E Section Name        Object

    0x08000000   0x08000000   0x000000ec   Data   RO            3    RESET               startup_stm32f103xb.o
    0x080000ec   0x080000ec   0x00000008   Code   RO         3620  * !!!main             c_w.l(__main.o)
    0x080000f4   0x080000f4   0x00000034   Code   RO         3876    !!!scatter          c_w.l(__scatter.o)
    0x08000128   0x08000128   0x0000001a   Code   RO         3878    !!handler_copy      c_w.l(__scatter_copy.o)
    0x08000142   0x08000142   0x00000002   PAD
    0x08000144   0x08000144   0x0000001c   Code   RO         3880    !!handler_zi        c_w.l(__scatter_zi.o)
    0x08000160   0x08000160   0x00000002   Code   RO         3743    .ARM.Collect$$libinit$$00000000  c_w.l(libinit.o)
    0x08000162   0x08000162   0x00000000   Code   RO         3749    .ARM.Collect$$libinit$$00000002  c_w.l(libinit2.o)
    0x08000162   0x08000162   0x00000000   Code   RO         3751    .ARM.Collect$$libinit$$00000004  c_w.l(libinit2.o)
    0x08000162   0x08000162   0x00000000   Code   RO         3754    .ARM.Collect$$libinit$$0000000A  c_w.l(libinit2.o)
    0x08000162   0x08000162   0x00000000   Code   RO         3756    .ARM.Collect$$libinit$$0000000C  c_w.l(libinit2.o)
    0x08000162   0x08000162   0x00000000   Code   RO         3758    .ARM.Collect$$libinit$$0000000E  c_w.l(libinit2.o)
    0x08000162   0x08000162   0x00000000   Code   RO         3761    .ARM.Collect$$libinit$$00000011  c_w.l(libinit2.o)
    0x08000162   0x08000162   0x00000000   Code   RO         3763    .ARM.Collect$$libinit$$00000013  c_w.l(libinit2.o)
    0x08000162   0x08000162   0x00000000   Code   RO         3765    .ARM.Collect$$libinit$$00000015  c_w.l(libinit2.o)
    0x08000162   0x08000162   0x00000000   Code   RO         3767    .ARM.Collect$$libinit$$00000017  c_w.l(libinit2.o)
    0x08000162   0x08000162   0x00000000   Code   RO         3769    .ARM.Collect$$libinit$$00000019  c_w.l(libinit2.o)
    0x08000162   0x08000162   0x00000000   Code   RO         3771    .ARM.Collect$$libinit$$0000001B  c_w.l(libinit2.o)
    0x08000162   0x08000162   0x00000000   Code   RO         3773    .ARM.Collect$$libinit$$0000001D  c_w.l(libinit2.o)
    0x08000162   0x08000162   0x00000000   Code   RO         3775    .ARM.Collect$$libinit$$0000001F  c_w.l(libinit2.o)
    0x08000162   0x08000162   0x00000000   Code   RO         3777    .ARM.Collect$$libinit$$00000021  c_w.l(libinit2.o)
    0x08000162   0x08000162   0x00000000   Code   RO         3779    .ARM.Collect$$libinit$$00000023  c_w.l(libinit2.o)
    0x08000162   0x08000162   0x00000000   Code   RO         3781    .ARM.Collect$$libinit$$00000025  c_w.l(libinit2.o)
    0x08000162   0x08000162   0x00000000   Code   RO         3785    .ARM.Collect$$libinit$$0000002C  c_w.l(libinit2.o)
    0x08000162   0x08000162   0x00000000   Code   RO         3787    .ARM.Collect$$libinit$$0000002E  c_w.l(libinit2.o)
    0x08000162   0x08000162   0x00000000   Code   RO         3789    .ARM.Collect$$libinit$$00000030  c_w.l(libinit2.o)
    0x08000162   0x08000162   0x00000000   Code   RO         3791    .ARM.Collect$$libinit$$00000032  c_w.l(libinit2.o)
    0x08000162   0x08000162   0x00000002   Code   RO         3792    .ARM.Collect$$libinit$$00000033  c_w.l(libinit2.o)
    0x08000164   0x08000164   0x00000002   Code   RO         3814    .ARM.Collect$$libshutdown$$00000000  c_w.l(libshutdown.o)
    0x08000166   0x08000166   0x00000000   Code   RO         3827    .ARM.Collect$$libshutdown$$00000002  c_w.l(libshutdown2.o)
    0x08000166   0x08000166   0x00000000   Code   RO         3829    .ARM.Collect$$libshutdown$$00000004  c_w.l(libshutdown2.o)
    0x08000166   0x08000166   0x00000000   Code   RO         3831    .ARM.Collect$$libshutdown$$00000006  c_w.l(libshutdown2.o)
    0x08000166   0x08000166   0x00000000   Code   RO         3834    .ARM.Collect$$libshutdown$$00000009  c_w.l(libshutdown2.o)
    0x08000166   0x08000166   0x00000000   Code   RO         3837    .ARM.Collect$$libshutdown$$0000000C  c_w.l(libshutdown2.o)
    0x08000166   0x08000166   0x00000000   Code   RO         3839    .ARM.Collect$$libshutdown$$0000000E  c_w.l(libshutdown2.o)
    0x08000166   0x08000166   0x00000000   Code   RO         3842    .ARM.Collect$$libshutdown$$00000011  c_w.l(libshutdown2.o)
    0x08000166   0x08000166   0x00000002   Code   RO         3843    .ARM.Collect$$libshutdown$$00000012  c_w.l(libshutdown2.o)
    0x08000168   0x08000168   0x00000000   Code   RO         3656    .ARM.Collect$$rtentry$$00000000  c_w.l(__rtentry.o)
    0x08000168   0x08000168   0x00000000   Code   RO         3708    .ARM.Collect$$rtentry$$00000002  c_w.l(__rtentry2.o)
    0x08000168   0x08000168   0x00000006   Code   RO         3720    .ARM.Collect$$rtentry$$00000004  c_w.l(__rtentry4.o)
    0x0800016e   0x0800016e   0x00000000   Code   RO         3710    .ARM.Collect$$rtentry$$00000009  c_w.l(__rtentry2.o)
    0x0800016e   0x0800016e   0x00000004   Code   RO         3711    .ARM.Collect$$rtentry$$0000000A  c_w.l(__rtentry2.o)
    0x08000172   0x08000172   0x00000000   Code   RO         3713    .ARM.Collect$$rtentry$$0000000C  c_w.l(__rtentry2.o)
    0x08000172   0x08000172   0x00000008   Code   RO         3714    .ARM.Collect$$rtentry$$0000000D  c_w.l(__rtentry2.o)
    0x0800017a   0x0800017a   0x00000002   Code   RO         3746    .ARM.Collect$$rtexit$$00000000  c_w.l(rtexit.o)
    0x0800017c   0x0800017c   0x00000000   Code   RO         3796    .ARM.Collect$$rtexit$$00000002  c_w.l(rtexit2.o)
    0x0800017c   0x0800017c   0x00000004   Code   RO         3797    .ARM.Collect$$rtexit$$00000003  c_w.l(rtexit2.o)
    0x08000180   0x08000180   0x00000006   Code   RO         3798    .ARM.Collect$$rtexit$$00000004  c_w.l(rtexit2.o)
    0x08000186   0x08000186   0x00000002   PAD
    0x08000188   0x08000188   0x00000040   Code   RO            4    .text               startup_stm32f103xb.o
    0x080001c8   0x080001c8   0x0000004e   Code   RO         3616    .text               c_w.l(rt_memclr_w.o)
    0x08000216   0x08000216   0x00000006   Code   RO         3618    .text               c_w.l(heapauxi.o)
    0x0800021c   0x0800021c   0x00000016   Code   RO         3657    .text               c_w.l(_rserrno.o)
    0x08000232   0x08000232   0x00000002   PAD
    0x08000234   0x08000234   0x00000008   Code   RO         3725    .text               c_w.l(rt_errno_addr_intlibspace.o)
    0x0800023c   0x0800023c   0x00000008   Code   RO         3731    .text               c_w.l(libspace.o)
    0x08000244   0x08000244   0x0000004a   Code   RO         3734    .text               c_w.l(sys_stackheap_outer.o)
    0x0800028e   0x0800028e   0x00000012   Code   RO         3736    .text               c_w.l(exit.o)
    0x080002a0   0x080002a0   0x0000000c   Code   RO         3806    .text               c_w.l(sys_exit.o)
    0x080002ac   0x080002ac   0x00000002   Code   RO         3817    .text               c_w.l(use_no_semi.o)
    0x080002ae   0x080002ae   0x00000000   Code   RO         3819    .text               c_w.l(indicate_semi.o)
    0x080002ae   0x080002ae   0x00000002   PAD
    0x080002b0   0x080002b0   0x00000056   Code   RO          914    i.ADC_ConversionStop_Disable  stm32f1xx_hal_adc.o
    0x08000306   0x08000306   0x0000004e   Code   RO          915    i.ADC_DMAConvCplt   stm32f1xx_hal_adc.o
    0x08000354   0x08000354   0x0000001a   Code   RO          916    i.ADC_DMAError      stm32f1xx_hal_adc.o
    0x0800036e   0x0800036e   0x0000000a   Code   RO          917    i.ADC_DMAHalfConvCplt  stm32f1xx_hal_adc.o
    0x08000378   0x08000378   0x0000007c   Code   RO          918    i.ADC_Enable        stm32f1xx_hal_adc.o
    0x080003f4   0x080003f4   0x00000002   Code   RO          708    i.BusFault_Handler  stm32f1xx_it.o
    0x080003f6   0x080003f6   0x00000002   PAD
    0x080003f8   0x080003f8   0x0000000c   Code   RO          709    i.DMA1_Channel1_IRQHandler  stm32f1xx_it.o
    0x08000404   0x08000404   0x0000002a   Code   RO         1570    i.DMA_SetConfig     stm32f1xx_hal_dma.o
    0x0800042e   0x0800042e   0x00000002   Code   RO          710    i.DebugMon_Handler  stm32f1xx_it.o
    0x08000430   0x08000430   0x00000006   Code   RO          711    i.EXTI0_IRQHandler  stm32f1xx_it.o
    0x08000436   0x08000436   0x00000008   Code   RO          712    i.EXTI15_10_IRQHandler  stm32f1xx_it.o
    0x0800043e   0x0800043e   0x00000006   Code   RO          713    i.EXTI1_IRQHandler  stm32f1xx_it.o
    0x08000444   0x08000444   0x00000006   Code   RO          714    i.EXTI9_5_IRQHandler  stm32f1xx_it.o
    0x0800044a   0x0800044a   0x00000002   PAD
    0x0800044c   0x0800044c   0x0000001c   Code   RO          376    i.Encoder_Init      encoder.o
    0x08000468   0x08000468   0x00000004   Code   RO          478    i.Error_Handler     main.o
    0x0800046c   0x0800046c   0x000000fc   Code   RO          920    i.HAL_ADC_ConfigChannel  stm32f1xx_hal_adc.o
    0x08000568   0x08000568   0x00000020   Code   RO          551    i.HAL_ADC_ConvCpltCallback  adc.o
    0x08000588   0x08000588   0x00000002   Code   RO          922    i.HAL_ADC_ConvHalfCpltCallback  stm32f1xx_hal_adc.o
    0x0800058a   0x0800058a   0x00000002   Code   RO          924    i.HAL_ADC_ErrorCallback  stm32f1xx_hal_adc.o
    0x0800058c   0x0800058c   0x0000011c   Code   RO          929    i.HAL_ADC_Init      stm32f1xx_hal_adc.o
    0x080006a8   0x080006a8   0x00000090   Code   RO          553    i.HAL_ADC_MspInit   adc.o
    0x08000738   0x08000738   0x0000010c   Code   RO          936    i.HAL_ADC_Start_DMA  stm32f1xx_hal_adc.o
    0x08000844   0x08000844   0x00000154   Code   RO         1576    i.HAL_DMA_IRQHandler  stm32f1xx_hal_dma.o
    0x08000998   0x08000998   0x0000005c   Code   RO         1577    i.HAL_DMA_Init      stm32f1xx_hal_dma.o
    0x080009f4   0x080009f4   0x00000070   Code   RO         1581    i.HAL_DMA_Start_IT  stm32f1xx_hal_dma.o
    0x08000a64   0x08000a64   0x00000024   Code   RO         1197    i.HAL_Delay         stm32f1xx_hal.o
    0x08000a88   0x08000a88   0x00000050   Code   RO          326    i.HAL_GPIO_EXTI_Callback  button.o
    0x08000ad8   0x08000ad8   0x00000018   Code   RO         1506    i.HAL_GPIO_EXTI_IRQHandler  stm32f1xx_hal_gpio.o
    0x08000af0   0x08000af0   0x000001e0   Code   RO         1507    i.HAL_GPIO_Init     stm32f1xx_hal_gpio.o
    0x08000cd0   0x08000cd0   0x0000000a   Code   RO         1511    i.HAL_GPIO_WritePin  stm32f1xx_hal_gpio.o
    0x08000cda   0x08000cda   0x00000002   PAD
    0x08000cdc   0x08000cdc   0x0000000c   Code   RO         1201    i.HAL_GetTick       stm32f1xx_hal.o
    0x08000ce8   0x08000ce8   0x00000188   Code   RO         2178    i.HAL_I2C_Init      stm32f1xx_hal_i2c.o
    0x08000e70   0x08000e70   0x0000012c   Code   RO         2191    i.HAL_I2C_Master_Transmit  stm32f1xx_hal_i2c.o
    0x08000f9c   0x08000f9c   0x0000005c   Code   RO          625    i.HAL_I2C_MspInit   i2c.o
    0x08000ff8   0x08000ff8   0x00000010   Code   RO         1207    i.HAL_IncTick       stm32f1xx_hal.o
    0x08001008   0x08001008   0x00000024   Code   RO         1208    i.HAL_Init          stm32f1xx_hal.o
    0x0800102c   0x0800102c   0x00000040   Code   RO         1209    i.HAL_InitTick      stm32f1xx_hal.o
    0x0800106c   0x0800106c   0x0000003c   Code   RO          814    i.HAL_MspInit       stm32f1xx_hal_msp.o
    0x080010a8   0x080010a8   0x0000001a   Code   RO         1667    i.HAL_NVIC_EnableIRQ  stm32f1xx_hal_cortex.o
    0x080010c2   0x080010c2   0x00000002   PAD
    0x080010c4   0x080010c4   0x00000040   Code   RO         1673    i.HAL_NVIC_SetPriority  stm32f1xx_hal_cortex.o
    0x08001104   0x08001104   0x00000024   Code   RO         1674    i.HAL_NVIC_SetPriorityGrouping  stm32f1xx_hal_cortex.o
    0x08001128   0x08001128   0x000000ec   Code   RO         1469    i.HAL_RCCEx_PeriphCLKConfig  stm32f1xx_hal_rcc_ex.o
    0x08001214   0x08001214   0x0000012c   Code   RO         1365    i.HAL_RCC_ClockConfig  stm32f1xx_hal_rcc.o
    0x08001340   0x08001340   0x00000020   Code   RO         1372    i.HAL_RCC_GetPCLK1Freq  stm32f1xx_hal_rcc.o
    0x08001360   0x08001360   0x0000004c   Code   RO         1374    i.HAL_RCC_GetSysClockFreq  stm32f1xx_hal_rcc.o
    0x080013ac   0x080013ac   0x00000320   Code   RO         1377    i.HAL_RCC_OscConfig  stm32f1xx_hal_rcc.o
    0x080016cc   0x080016cc   0x00000028   Code   RO         1678    i.HAL_SYSTICK_Config  stm32f1xx_hal_cortex.o
    0x080016f4   0x080016f4   0x00000068   Code   RO         3329    i.HAL_TIMEx_MasterConfigSynchronization  stm32f1xx_hal_tim_ex.o
    0x0800175c   0x0800175c   0x000000a4   Code   RO         2627    i.HAL_TIM_Encoder_Init  stm32f1xx_hal_tim.o
    0x08001800   0x08001800   0x00000058   Code   RO          667    i.HAL_TIM_Encoder_MspInit  tim.o
    0x08001858   0x08001858   0x0000008e   Code   RO         2630    i.HAL_TIM_Encoder_Start  stm32f1xx_hal_tim.o
    0x080018e6   0x080018e6   0x00000002   Code   RO          715    i.HardFault_Handler  stm32f1xx_it.o
    0x080018e8   0x080018e8   0x0000002e   Code   RO         2221    i.I2C_IsAcknowledgeFailed  stm32f1xx_hal_i2c.o
    0x08001916   0x08001916   0x00000002   PAD
    0x08001918   0x08001918   0x0000009c   Code   RO         2225    i.I2C_MasterRequestWrite  stm32f1xx_hal_i2c.o
    0x080019b4   0x080019b4   0x00000056   Code   RO         2236    i.I2C_WaitOnBTFFlagUntilTimeout  stm32f1xx_hal_i2c.o
    0x08001a0a   0x08001a0a   0x00000002   PAD
    0x08001a0c   0x08001a0c   0x00000090   Code   RO         2237    i.I2C_WaitOnFlagUntilTimeout  stm32f1xx_hal_i2c.o
    0x08001a9c   0x08001a9c   0x000000bc   Code   RO         2238    i.I2C_WaitOnMasterAddressFlagUntilTimeout  stm32f1xx_hal_i2c.o
    0x08001b58   0x08001b58   0x00000056   Code   RO         2240    i.I2C_WaitOnTXEFlagUntilTimeout  stm32f1xx_hal_i2c.o
    0x08001bae   0x08001bae   0x00000002   PAD
    0x08001bb0   0x08001bb0   0x00000038   Code   RO          435    i.LightSensor_GetLevel  light_sensor.o
    0x08001be8   0x08001be8   0x0000001c   Code   RO          436    i.LightSensor_GetPercent  light_sensor.o
    0x08001c04   0x08001c04   0x00000070   Code   RO          554    i.MX_ADC1_Init      adc.o
    0x08001c74   0x08001c74   0x0000002c   Code   RO          600    i.MX_DMA_Init       dma.o
    0x08001ca0   0x08001ca0   0x000000fc   Code   RO          527    i.MX_GPIO_Init      gpio.o
    0x08001d9c   0x08001d9c   0x00000040   Code   RO          626    i.MX_I2C1_Init      i2c.o
    0x08001ddc   0x08001ddc   0x0000006c   Code   RO          668    i.MX_TIM3_Init      tim.o
    0x08001e48   0x08001e48   0x00000002   Code   RO          716    i.MemManage_Handler  stm32f1xx_it.o
    0x08001e4a   0x08001e4a   0x00000002   Code   RO          717    i.NMI_Handler       stm32f1xx_it.o
    0x08001e4c   0x08001e4c   0x00000026   Code   RO          184    i.OLED_Clear        oled.o
    0x08001e72   0x08001e72   0x00000094   Code   RO          185    i.OLED_Init         oled.o
    0x08001f06   0x08001f06   0x0000000e   Code   RO          186    i.OLED_Pow          oled.o
    0x08001f14   0x08001f14   0x00000022   Code   RO          187    i.OLED_SetCursor    oled.o
    0x08001f36   0x08001f36   0x00000002   PAD
    0x08001f38   0x08001f38   0x00000068   Code   RO          189    i.OLED_ShowChar     oled.o
    0x08001fa0   0x08001fa0   0x00000042   Code   RO          191    i.OLED_ShowNum      oled.o
    0x08001fe2   0x08001fe2   0x00000002   PAD
    0x08001fe4   0x08001fe4   0x00000020   Code   RO          194    i.OLED_WriteCommand  oled.o
    0x08002004   0x08002004   0x00000028   Code   RO          195    i.OLED_WriteData    oled.o
    0x0800202c   0x0800202c   0x00000002   Code   RO          718    i.PendSV_Handler    stm32f1xx_it.o
    0x0800202e   0x0800202e   0x00000002   Code   RO          719    i.SVC_Handler       stm32f1xx_it.o
    0x08002030   0x08002030   0x00000004   Code   RO          720    i.SysTick_Handler   stm32f1xx_it.o
    0x08002034   0x08002034   0x00000078   Code   RO          479    i.SystemClock_Config  main.o
    0x080020ac   0x080020ac   0x00000002   Code   RO         3578    i.SystemInit        system_stm32f1xx.o
    0x080020ae   0x080020ae   0x00000002   PAD
    0x080020b0   0x080020b0   0x00000078   Code   RO         2699    i.TIM_Base_SetConfig  stm32f1xx_hal_tim.o
    0x08002128   0x08002128   0x0000001a   Code   RO         2700    i.TIM_CCxChannelCmd  stm32f1xx_hal_tim.o
    0x08002142   0x08002142   0x00000002   PAD
    0x08002144   0x08002144   0x00000070   Code   RO          840    i.TempSensor_GetTemp  temp_sensor.o
    0x080021b4   0x080021b4   0x00000002   Code   RO          721    i.UsageFault_Handler  stm32f1xx_it.o
    0x080021b6   0x080021b6   0x00000020   Code   RO         1680    i.__NVIC_SetPriority  stm32f1xx_hal_cortex.o
    0x080021d6   0x080021d6   0x000000aa   Code   RO         3704    i.__kernel_poly     m_ws.l(poly.o)
    0x08002280   0x08002280   0x00000010   Code   RO         3690    i.__mathlib_dbl_divzero  m_ws.l(dunder.o)
    0x08002290   0x08002290   0x00000006   Code   RO         3691    i.__mathlib_dbl_infnan  m_ws.l(dunder.o)
    0x08002296   0x08002296   0x0000000c   Code   RO         3693    i.__mathlib_dbl_invalid  m_ws.l(dunder.o)
    0x080022a2   0x080022a2   0x00000002   PAD
    0x080022a4   0x080022a4   0x0000035c   Code   RO         3647    i.log               m_ws.l(log.o)
    0x08002600   0x08002600   0x00000074   Code   RO          480    i.main              main.o
    0x08002674   0x08002674   0x00000062   Code   RO         3622    x$fpl$d2f           fz_ws.l(d2f.o)
    0x080026d6   0x080026d6   0x00000002   PAD
    0x080026d8   0x080026d8   0x00000150   Code   RO         3659    x$fpl$dadd          fz_ws.l(daddsub_clz.o)
    0x08002828   0x08002828   0x00000010   Code   RO         3727    x$fpl$dcheck1       fz_ws.l(dcheck1.o)
    0x08002838   0x08002838   0x00000018   Code   RO         3729    x$fpl$dcmpinf       fz_ws.l(dcmpi.o)
    0x08002850   0x08002850   0x000002b0   Code   RO         3666    x$fpl$ddiv          fz_ws.l(ddiv.o)
    0x08002b00   0x08002b00   0x00000078   Code   RO         3669    x$fpl$deqf          fz_ws.l(deqf.o)
    0x08002b78   0x08002b78   0x0000002e   Code   RO         3672    x$fpl$dflt          fz_ws.l(dflt_clz.o)
    0x08002ba6   0x08002ba6   0x00000002   PAD
    0x08002ba8   0x08002ba8   0x00000154   Code   RO         3677    x$fpl$dmul          fz_ws.l(dmul.o)
    0x08002cfc   0x08002cfc   0x0000009c   Code   RO         3679    x$fpl$dnaninf       fz_ws.l(dnaninf.o)
    0x08002d98   0x08002d98   0x0000000c   Code   RO         3681    x$fpl$dretinf       fz_ws.l(dretinf.o)
    0x08002da4   0x08002da4   0x00000016   Code   RO         3660    x$fpl$drsb          fz_ws.l(daddsub_clz.o)
    0x08002dba   0x08002dba   0x00000002   PAD
    0x08002dbc   0x08002dbc   0x000001d4   Code   RO         3661    x$fpl$dsub          fz_ws.l(daddsub_clz.o)
    0x08002f90   0x08002f90   0x00000056   Code   RO         3624    x$fpl$f2d           fz_ws.l(f2d.o)
    0x08002fe6   0x08002fe6   0x00000002   PAD
    0x08002fe8   0x08002fe8   0x000000c4   Code   RO         3626    x$fpl$fadd          fz_ws.l(faddsub_clz.o)
    0x080030ac   0x080030ac   0x00000184   Code   RO         3633    x$fpl$fdiv          fz_ws.l(fdiv.o)
    0x08003230   0x08003230   0x0000003e   Code   RO         3636    x$fpl$ffixu         fz_ws.l(ffixu.o)
    0x0800326e   0x0800326e   0x00000002   PAD
    0x08003270   0x08003270   0x00000026   Code   RO         3640    x$fpl$ffltu         fz_ws.l(fflt_clz.o)
    0x08003296   0x08003296   0x0000008c   Code   RO         3683    x$fpl$fnaninf       fz_ws.l(fnaninf.o)
    0x08003322   0x08003322   0x0000000a   Code   RO         3685    x$fpl$fretinf       fz_ws.l(fretinf.o)
    0x0800332c   0x0800332c   0x000000ea   Code   RO         3628    x$fpl$fsub          fz_ws.l(faddsub_clz.o)
    0x08003416   0x08003416   0x00000064   Code   RO         3744    x$fpl$retnan        fz_ws.l(retnan.o)
    0x0800347a   0x0800347a   0x0000005c   Code   RO         3687    x$fpl$scalbn        fz_ws.l(scalbn.o)
    0x080034d6   0x080034d6   0x00000030   Code   RO         3793    x$fpl$trapveneer    fz_ws.l(trapv.o)
    0x08003506   0x08003506   0x00000000   Code   RO         3689    x$fpl$usenofp       fz_ws.l(usenofp.o)
    0x08003506   0x08003506   0x000005f0   Data   RO          196    .constdata          oled.o
    0x08003af6   0x08003af6   0x00000012   Data   RO         1378    .constdata          stm32f1xx_hal_rcc.o
    0x08003b08   0x08003b08   0x00000010   Data   RO         3579    .constdata          system_stm32f1xx.o
    0x08003b18   0x08003b18   0x00000008   Data   RO         3580    .constdata          system_stm32f1xx.o
    0x08003b20   0x08003b20   0x00000038   Data   RO         3648    .constdata          m_ws.l(log.o)
    0x08003b58   0x08003b58   0x00000008   Data   RO         3706    .constdata          m_ws.l(qnan.o)
    0x08003b60   0x08003b60   0x00000020   Data   RO         3874    Region$$Table       anon$$obj.o


    Execution Region RW_IRAM1 (Exec base: 0x20000000, Load base: 0x08003b80, Size: 0x000007c8, Max: 0x00005000, ABSOLUTE)

    Exec Addr    Load Addr    Size         Type   Attr      Idx    E Section Name        Object

    0x20000000   0x08003b80   0x00000006   Data   RW          378    .data               encoder.o
    0x20000006   0x08003b86   0x00000002   PAD
    0x20000008   0x08003b88   0x0000000c   Data   RW          556    .data               adc.o
    0x20000014   0x08003b94   0x0000000c   Data   RW         1215    .data               stm32f1xx_hal.o
    0x20000020   0x08003ba0   0x00000004   Data   RW         3581    .data               system_stm32f1xx.o
    0x20000024        -       0x00000030   Zero   RW          327    .bss                button.o
    0x20000054        -       0x00000074   Zero   RW          555    .bss                adc.o
    0x200000c8        -       0x00000054   Zero   RW          627    .bss                i2c.o
    0x2000011c        -       0x00000048   Zero   RW          669    .bss                tim.o
    0x20000164        -       0x00000060   Zero   RW         3732    .bss                c_w.l(libspace.o)
    0x200001c4   0x08003ba4   0x00000004   PAD
    0x200001c8        -       0x00000200   Zero   RW            2    HEAP                startup_stm32f103xb.o
    0x200003c8        -       0x00000400   Zero   RW            1    STACK               startup_stm32f103xb.o


==============================================================================

Image component sizes


      Code (inc. data)   RO Data    RW Data    ZI Data      Debug   Object Name

       288         44          0         12        116       2366   adc.o
        80          6          0          0         48       1725   button.o
        44          4          0          0          0        734   dma.o
        28         10          0          6          0       1091   encoder.o
       252         16          0          0          0        983   gpio.o
       156         26          0          0         84       1581   i2c.o
         0          0          0          0          0     439700   led.o
        84         10          0          0          0       1536   light_sensor.o
       240          8          0          0          0       2144   main.o
       476         18       1520          0          0       5200   oled.o
        64         26        236          0       1536        800   startup_stm32f103xb.o
       164         28          0         12          0       5805   stm32f1xx_hal.o
      1132         56          0          0          0       7875   stm32f1xx_hal_adc.o
       198         14          0          0          0      28867   stm32f1xx_hal_cortex.o
       586         32          0          0          0       3535   stm32f1xx_hal_dma.o
       514         40          0          0          0       3439   stm32f1xx_hal_gpio.o
      1398         32          0          0          0       9001   stm32f1xx_hal_i2c.o
        60          8          0          0          0        846   stm32f1xx_hal_msp.o
      1208         72         18          0          0       4489   stm32f1xx_hal_rcc.o
       236         12          0          0          0       1356   stm32f1xx_hal_rcc_ex.o
       452         12          0          0          0       4614   stm32f1xx_hal_tim.o
       104         12          0          0          0       1332   stm32f1xx_hal_tim_ex.o
        58          6          0          0          0       5883   stm32f1xx_it.o
         2          0         24          4          0       1083   system_stm32f1xx.o
       112         26          0          0          0       1237   temp_sensor.o
       196         22          0          0         72       1677   tim.o

    ----------------------------------------------------------------------
      8154        540       1830         36       1856     538899   Object Totals
         0          0         32          0          0          0   (incl. Generated)
        22          0          0          2          0          0   (incl. Padding)

    ----------------------------------------------------------------------

      Code (inc. data)   RO Data    RW Data    ZI Data      Debug   Library Member Name

         8          0          0          0          0         68   __main.o
         0          0          0          0          0          0   __rtentry.o
        12          0          0          0          0          0   __rtentry2.o
         6          0          0          0          0          0   __rtentry4.o
        52          8          0          0          0          0   __scatter.o
        26          0          0          0          0          0   __scatter_copy.o
        28          0          0          0          0          0   __scatter_zi.o
        22          0          0          0          0        100   _rserrno.o
        18          0          0          0          0         80   exit.o
         6          0          0          0          0        152   heapauxi.o
         0          0          0          0          0          0   indicate_semi.o
         2          0          0          0          0          0   libinit.o
         2          0          0          0          0          0   libinit2.o
         2          0          0          0          0          0   libshutdown.o
         2          0          0          0          0          0   libshutdown2.o
         8          4          0          0         96         68   libspace.o
         8          4          0          0          0         68   rt_errno_addr_intlibspace.o
        78          0          0          0          0         80   rt_memclr_w.o
         2          0          0          0          0          0   rtexit.o
        10          0          0          0          0          0   rtexit2.o
        12          4          0          0          0         68   sys_exit.o
        74          0          0          0          0         80   sys_stackheap_outer.o
         2          0          0          0          0         68   use_no_semi.o
        98          4          0          0          0         92   d2f.o
       826         16          0          0          0        348   daddsub_clz.o
        16          4          0          0          0         68   dcheck1.o
        24          0          0          0          0         68   dcmpi.o
       688        140          0          0          0        208   ddiv.o
       120          4          0          0          0         92   deqf.o
        46          0          0          0          0         68   dflt_clz.o
       340         12          0          0          0        104   dmul.o
       156          4          0          0          0         92   dnaninf.o
        12          0          0          0          0         68   dretinf.o
        86          4          0          0          0         84   f2d.o
       430          8          0          0          0        168   faddsub_clz.o
       388         76          0          0          0         96   fdiv.o
        62          4          0          0          0         84   ffixu.o
        38          0          0          0          0         68   fflt_clz.o
       140          4          0          0          0         84   fnaninf.o
        10          0          0          0          0         68   fretinf.o
       100          0          0          0          0         68   retnan.o
        92          0          0          0          0         68   scalbn.o
        48          0          0          0          0         68   trapv.o
         0          0          0          0          0          0   usenofp.o
        34          4          0          0          0        204   dunder.o
       860         52         56          0          0        256   log.o
       170          0          0          0          0         96   poly.o
         0          0          8          0          0          0   qnan.o

    ----------------------------------------------------------------------
      5184        356         64          0        100       3452   Library Totals
        20          0          0          0          4          0   (incl. Padding)

    ----------------------------------------------------------------------

      Code (inc. data)   RO Data    RW Data    ZI Data      Debug   Library Name

       380         20          0          0         96        832   c_w.l
      3720        280          0          0          0       2064   fz_ws.l
      1064         56         64          0          0        556   m_ws.l

    ----------------------------------------------------------------------
      5184        356         64          0        100       3452   Library Totals

    ----------------------------------------------------------------------

==============================================================================


      Code (inc. data)   RO Data    RW Data    ZI Data      Debug   

     13338        896       1894         36       1956     536367   Grand Totals
     13338        896       1894         36       1956     536367   ELF Image Totals
     13338        896       1894         36          0          0   ROM Totals

==============================================================================

    Total RO  Size (Code + RO Data)                15232 (  14.88kB)
    Total RW  Size (RW Data + ZI Data)              1992 (   1.95kB)
    Total ROM Size (Code + RO Data + RW Data)      15268 (  14.91kB)

==============================================================================

